#
# There is insufficient memory for the Java Runtime Environment to continue.
# Native memory allocation (malloc) failed to allocate 1048576 bytes. Error detail: AllocateHeap
# Possible reasons:
#   The system is out of physical RAM or swap space
#   This process is running with CompressedOops enabled, and the Java Heap may be blocking the growth of the native heap
# Possible solutions:
#   Reduce memory load on the system
#   Increase physical memory or swap space
#   Check if swap backing store is full
#   Decrease Java heap size (-Xmx/-Xms)
#   Decrease number of Java threads
#   Decrease Java thread stack sizes (-Xss)
#   Set larger code cache with -XX:ReservedCodeCacheSize=
#   JVM is running with Unscaled Compressed Oops mode in which the Java heap is
#     placed in the first 4GB address space. The Java Heap base address is the
#     maximum limit for the native heap growth. Please use -XX:HeapBaseMinAddress
#     to set the Java Heap base and to place the Java Heap above 4GB virtual address.
# This output file may be truncated or incomplete.
#
#  Out of Memory Error (allocation.cpp:44), pid=17652, tid=9084
#
# JRE version: OpenJDK Runtime Environment Temurin-21.0.9+10 (21.0.9+10) (build 21.0.9+10-LTS)
# Java VM: OpenJDK 64-Bit Server VM Temurin-21.0.9+10 (21.0.9+10-LTS, mixed mode, sharing, tiered, compressed oops, compressed class ptrs, parallel gc, windows-amd64)
# No core dump will be written. Minidumps are not enabled by default on client versions of Windows
#

---------------  S U M M A R Y ------------

Command Line: --add-modules=ALL-SYSTEM --add-opens=java.base/java.util=ALL-UNNAMED --add-opens=java.base/java.lang=ALL-UNNAMED --add-opens=java.base/sun.nio.fs=ALL-UNNAMED -Declipse.application=org.eclipse.jdt.ls.core.id1 -Dosgi.bundles.defaultStartLevel=4 -Declipse.product=org.eclipse.jdt.ls.core.product -Djava.import.generatesMetadataFilesAtProjectRoot=false -DDetectVMInstallationsJob.disabled=true -Dfile.encoding=utf8 -XX:+UseParallelGC -XX:GCTimeRatio=4 -XX:AdaptiveSizePolicyWeight=90 -Dsun.zip.disableMemoryMapping=true -Xmx2G -Xms100m -Xlog:disable -javaagent:c:\Users\CKrishnaveni\.vscode\extensions\redhat.java-1.50.0-win32-x64\lombok\lombok-1.18.39-4050.jar -XX:+HeapDumpOnOutOfMemoryError -XX:HeapDumpPath=c:\Users\CKrishnaveni\AppData\Roaming\Code\User\workspaceStorage\8da4b876a1ee6f9d737607020ada69f5\redhat.java -Daether.dependencyCollector.impl=bf c:\Users\CKrishnaveni\.vscode\extensions\redhat.java-1.50.0-win32-x64\server\plugins\org.eclipse.equinox.launcher_1.7.100.v20251111-0406.jar -configuration c:\Users\CKrishnaveni\AppData\Roaming\Code\User\globalStorage\redhat.java\1.50.0\config_win -data c:\Users\CKrishnaveni\AppData\Roaming\Code\User\workspaceStorage\8da4b876a1ee6f9d737607020ada69f5\redhat.java\jdt_ws --pipe=\\.\pipe\lsp-e5548d5d606559379f3d9b46d9fa37c1-sock

Host: Intel(R) Core(TM) i7-8665U CPU @ 1.90GHz, 8 cores, 7G,  Windows 11 , 64 bit Build 26100 (10.0.26100.7019)
Time: Fri Nov 28 14:37:53 2025 India Standard Time elapsed time: 5938.615290 seconds (0d 1h 38m 58s)

---------------  T H R E A D  ---------------

Current thread (0x0000028e2cf30f80):  JavaThread "Attach Listener" daemon [_thread_in_vm, id=9084, stack(0x000000d727800000,0x000000d727900000) (1024K)]

Stack: [0x000000d727800000,0x000000d727900000]
Native frames: (J=compiled Java code, j=interpreted, Vv=VM code, C=native code)
V  [jvm.dll+0x6d6e29]
V  [jvm.dll+0x8b4b76]
V  [jvm.dll+0x8b712e]
V  [jvm.dll+0x8b7813]
V  [jvm.dll+0x283d86]
V  [jvm.dll+0xc1277]
V  [jvm.dll+0x6d76d9]
V  [jvm.dll+0x133466]
V  [jvm.dll+0x3f7ea6]
V  [jvm.dll+0x85e9ad]
V  [jvm.dll+0x6d565d]
C  [ucrtbase.dll+0x37b0]
C  [KERNEL32.DLL+0x2e8d7]
C  [ntdll.dll+0x8c53c]


---------------  P R O C E S S  ---------------

Threads class SMR info:
_java_thread_list=0x0000028e777b4d90, length=57, elements={
0x0000028e15e02d80, 0x0000028e2cf284c0, 0x0000028e15eab270, 0x0000028e2cf30530,
0x0000028e2cf30f80, 0x0000028e2cf39c00, 0x0000028e2cf3a650, 0x0000028e2cf3b480,
0x0000028e2cf5ae70, 0x0000028e6fbf8df0, 0x0000028e6fc548a0, 0x0000028e7465b8d0,
0x0000028e74659e90, 0x0000028e7465b240, 0x0000028e74659170, 0x0000028e7465bf60,
0x0000028e74658ae0, 0x0000028e74659800, 0x0000028e7465a520, 0x0000028e753683f0,
0x0000028e75365c90, 0x0000028e75366320, 0x0000028e753697a0, 0x0000028e75369e30,
0x0000028e7536a4c0, 0x0000028e75367040, 0x0000028e7536b870, 0x0000028e7536d2b0,
0x0000028e7536ab50, 0x0000028e7536b1e0, 0x0000028e7536c590, 0x0000028e7536bf00,
0x0000028e76bd2b40, 0x0000028e76bd4c10, 0x0000028e7f3f5230, 0x0000028e7f3f3160,
0x0000028e7f3f7300, 0x0000028e7f3f1db0, 0x0000028e7f3f58c0, 0x0000028e7f3f5f50,
0x0000028e7f3f37f0, 0x0000028e7f3f6c70, 0x0000028e7f3f3e80, 0x0000028e7f3f4510,
0x0000028e7f3f2440, 0x0000028e7f3f7990, 0x0000028e7f3f8020, 0x0000028e7f3f8d40,
0x0000028e74679190, 0x0000028e7467d330, 0x0000028e7467b260, 0x0000028e74680120,
0x0000028e76bd31d0, 0x0000028e76bd03e0, 0x0000028e76bd52a0, 0x0000028e7467ed70,
0x0000028e7467bf80
}

Java Threads: ( => current thread )
  0x0000028e15e02d80 JavaThread "main"                              [_thread_blocked, id=25264, stack(0x000000d727100000,0x000000d727200000) (1024K)]
  0x0000028e2cf284c0 JavaThread "Reference Handler"          daemon [_thread_blocked, id=10756, stack(0x000000d727500000,0x000000d727600000) (1024K)]
  0x0000028e15eab270 JavaThread "Finalizer"                  daemon [_thread_blocked, id=8376, stack(0x000000d727600000,0x000000d727700000) (1024K)]
  0x0000028e2cf30530 JavaThread "Signal Dispatcher"          daemon [_thread_blocked, id=22460, stack(0x000000d727700000,0x000000d727800000) (1024K)]
=>0x0000028e2cf30f80 JavaThread "Attach Listener"            daemon [_thread_in_vm, id=9084, stack(0x000000d727800000,0x000000d727900000) (1024K)]
  0x0000028e2cf39c00 JavaThread "Service Thread"             daemon [_thread_blocked, id=20228, stack(0x000000d727900000,0x000000d727a00000) (1024K)]
  0x0000028e2cf3a650 JavaThread "Monitor Deflation Thread"   daemon [_thread_blocked, id=20628, stack(0x000000d727a00000,0x000000d727b00000) (1024K)]
  0x0000028e2cf3b480 JavaThread "C2 CompilerThread0"         daemon [_thread_blocked, id=7324, stack(0x000000d727b00000,0x000000d727c00000) (1024K)]
  0x0000028e2cf5ae70 JavaThread "C1 CompilerThread0"         daemon [_thread_blocked, id=19096, stack(0x000000d727c00000,0x000000d727d00000) (1024K)]
  0x0000028e6fbf8df0 JavaThread "Common-Cleaner"             daemon [_thread_blocked, id=9772, stack(0x000000d727e00000,0x000000d727f00000) (1024K)]
  0x0000028e6fc548a0 JavaThread "Notification Thread"        daemon [_thread_blocked, id=13984, stack(0x000000d727f00000,0x000000d728000000) (1024K)]
  0x0000028e7465b8d0 JavaThread "Active Thread: Equinox Container: eaf7cef6-2339-4dc7-b723-448a9f0f38d5"        [_thread_blocked, id=4340, stack(0x000000d728600000,0x000000d728700000) (1024K)]
  0x0000028e74659e90 JavaThread "Refresh Thread: Equinox Container: eaf7cef6-2339-4dc7-b723-448a9f0f38d5" daemon [_thread_blocked, id=24040, stack(0x000000d728700000,0x000000d728800000) (1024K)]
  0x0000028e7465b240 JavaThread "Framework Event Dispatcher: Equinox Container: eaf7cef6-2339-4dc7-b723-448a9f0f38d5" daemon [_thread_blocked, id=25148, stack(0x000000d728900000,0x000000d728a00000) (1024K)]
  0x0000028e74659170 JavaThread "Start Level: Equinox Container: eaf7cef6-2339-4dc7-b723-448a9f0f38d5" daemon [_thread_blocked, id=25116, stack(0x000000d728a00000,0x000000d728b00000) (1024K)]
  0x0000028e7465bf60 JavaThread "Bundle File Closer"         daemon [_thread_blocked, id=21836, stack(0x000000d728b00000,0x000000d728c00000) (1024K)]
  0x0000028e74658ae0 JavaThread "SCR Component Actor"        daemon [_thread_blocked, id=23168, stack(0x000000d728c00000,0x000000d728d00000) (1024K)]
  0x0000028e74659800 JavaThread "Worker-JM"                         [_thread_blocked, id=13900, stack(0x000000d728d00000,0x000000d728e00000) (1024K)]
  0x0000028e7465a520 JavaThread "JNA Cleaner"                daemon [_thread_blocked, id=4460, stack(0x000000d727d00000,0x000000d727e00000) (1024K)]
  0x0000028e753683f0 JavaThread "Java indexing"              daemon [_thread_blocked, id=25028, stack(0x000000d729200000,0x000000d729300000) (1024K)]
  0x0000028e75365c90 JavaThread "Thread-1"                   daemon [_thread_in_native, id=4552, stack(0x000000d729a00000,0x000000d729b00000) (1024K)]
  0x0000028e75366320 JavaThread "Thread-2"                   daemon [_thread_in_native, id=17120, stack(0x000000d729b00000,0x000000d729c00000) (1024K)]
  0x0000028e753697a0 JavaThread "Thread-3"                   daemon [_thread_in_native, id=18044, stack(0x000000d729c00000,0x000000d729d00000) (1024K)]
  0x0000028e75369e30 JavaThread "Thread-4"                   daemon [_thread_in_native, id=9132, stack(0x000000d729d00000,0x000000d729e00000) (1024K)]
  0x0000028e7536a4c0 JavaThread "Thread-5"                   daemon [_thread_blocked, id=23104, stack(0x000000d729e00000,0x000000d729f00000) (1024K)]
  0x0000028e75367040 JavaThread "Thread-6"                   daemon [_thread_in_native, id=19204, stack(0x000000d729f00000,0x000000d72a000000) (1024K)]
  0x0000028e7536b870 JavaThread "Thread-7"                   daemon [_thread_in_native, id=11176, stack(0x000000d72a000000,0x000000d72a100000) (1024K)]
  0x0000028e7536d2b0 JavaThread "Thread-8"                   daemon [_thread_in_native, id=16680, stack(0x000000d72a100000,0x000000d72a200000) (1024K)]
  0x0000028e7536ab50 JavaThread "Thread-9"                   daemon [_thread_in_native, id=5164, stack(0x000000d72a200000,0x000000d72a300000) (1024K)]
  0x0000028e7536b1e0 JavaThread "pool-2-thread-1"                   [_thread_blocked, id=5476, stack(0x000000d72a300000,0x000000d72a400000) (1024K)]
  0x0000028e7536c590 JavaThread "WorkspaceEventsHandler"            [_thread_blocked, id=1712, stack(0x000000d72a400000,0x000000d72a500000) (1024K)]
  0x0000028e7536bf00 JavaThread "pool-1-thread-1"                   [_thread_blocked, id=14472, stack(0x000000d72a500000,0x000000d72a600000) (1024K)]
  0x0000028e76bd2b40 JavaThread "ForkJoinPool.commonPool-worker-2" daemon [_thread_blocked, id=8640, stack(0x000000d72a700000,0x000000d72a800000) (1024K)]
  0x0000028e76bd4c10 JavaThread "Cleaner-0"                  daemon [_thread_blocked, id=7668, stack(0x000000d729400000,0x000000d729500000) (1024K)]
  0x0000028e7f3f5230 JavaThread "Java Debug Server"          daemon [_thread_in_native, id=9764, stack(0x000000d72ad00000,0x000000d72ae00000) (1024K)]
  0x0000028e7f3f3160 JavaThread "RxSchedulerPurge-1"         daemon [_thread_blocked, id=3760, stack(0x000000d72af00000,0x000000d72b000000) (1024K)]
  0x0000028e7f3f7300 JavaThread "RxCachedWorkerPoolEvictor-1" daemon [_thread_blocked, id=10844, stack(0x000000d72b000000,0x000000d72b100000) (1024K)]
  0x0000028e7f3f1db0 JavaThread "pool-5-thread-2"                   [_thread_in_native, id=21868, stack(0x000000d727000000,0x000000d727100000) (1024K)]
  0x0000028e7f3f58c0 JavaThread "RxNewThreadScheduler-3"     daemon [_thread_blocked, id=10856, stack(0x000000d728f00000,0x000000d729000000) (1024K)]
  0x0000028e7f3f5f50 JavaThread "process reaper (pid 18016)" daemon [_thread_in_native, id=24636, stack(0x000000d726b20000,0x000000d726b40000) (128K)]
  0x0000028e7f3f37f0 JavaThread "ForkJoinPool.commonPool-worker-18" daemon [_thread_blocked, id=25508, stack(0x000000d729500000,0x000000d729600000) (1024K)]
  0x0000028e7f3f6c70 JavaThread "ForkJoinPool.commonPool-worker-23" daemon [_thread_blocked, id=23600, stack(0x000000d729100000,0x000000d729200000) (1024K)]
  0x0000028e7f3f3e80 JavaThread "ForkJoinPool.commonPool-worker-24" daemon [_thread_blocked, id=21096, stack(0x000000d729300000,0x000000d729400000) (1024K)]
  0x0000028e7f3f4510 JavaThread "ForkJoinPool.commonPool-worker-25" daemon [_thread_blocked, id=17964, stack(0x000000d726f00000,0x000000d727000000) (1024K)]
  0x0000028e7f3f2440 JavaThread "ForkJoinPool.commonPool-worker-26" daemon [_thread_blocked, id=22424, stack(0x000000d728e00000,0x000000d728f00000) (1024K)]
  0x0000028e7f3f7990 JavaThread "ForkJoinPool.commonPool-worker-27" daemon [_thread_blocked, id=11924, stack(0x000000d729700000,0x000000d729800000) (1024K)]
  0x0000028e7f3f8020 JavaThread "Worker-15"                         [_thread_blocked, id=10880, stack(0x000000d729800000,0x000000d729900000) (1024K)]
  0x0000028e7f3f8d40 JavaThread "Compiler Source File Reader" daemon [_thread_blocked, id=16756, stack(0x000000d729000000,0x000000d729100000) (1024K)]
  0x0000028e74679190 JavaThread "Worker-16"                         [_thread_blocked, id=15848, stack(0x000000d729900000,0x000000d729a00000) (1024K)]
  0x0000028e7467d330 JavaThread "Compiler Source File Reader" daemon [_thread_blocked, id=25284, stack(0x000000d72a800000,0x000000d72a900000) (1024K)]
  0x0000028e7467b260 JavaThread "Compiler Source File Reader" daemon [_thread_blocked, id=2176, stack(0x000000d72a900000,0x000000d72aa00000) (1024K)]
  0x0000028e74680120 JavaThread "Compiler Source File Reader" daemon [_thread_blocked, id=15680, stack(0x000000d72aa00000,0x000000d72ab00000) (1024K)]
  0x0000028e76bd31d0 JavaThread "Compiler Source File Reader" daemon [_thread_blocked, id=8872, stack(0x000000d72ab00000,0x000000d72ac00000) (1024K)]
  0x0000028e76bd03e0 JavaThread "Compiler Source File Reader" daemon [_thread_blocked, id=25180, stack(0x000000d72b100000,0x000000d72b200000) (1024K)]
  0x0000028e76bd52a0 JavaThread "Worker-18"                         [_thread_blocked, id=7820, stack(0x000000d726e00000,0x000000d726f00000) (1024K)]
  0x0000028e7467ed70 JavaThread "Worker-19"                         [_thread_blocked, id=25024, stack(0x000000d729600000,0x000000d729700000) (1024K)]
  0x0000028e7467bf80 JavaThread "Worker-20"                         [_thread_blocked, id=16296, stack(0x000000d72a600000,0x000000d72a700000) (1024K)]
Total: 57

Other Threads:
  0x0000028e14439fb0 VMThread "VM Thread"                           [id=14652, stack(0x000000d727400000,0x000000d727500000) (1024K)] _threads_hazard_ptr=0x0000028e777b4d90
  0x0000028e2ce3cb20 WatcherThread "VM Periodic Task Thread"        [id=26388, stack(0x000000d727300000,0x000000d727400000) (1024K)]
  0x0000028e15e14080 WorkerThread "GC Thread#0"                     [id=23184, stack(0x000000d727200000,0x000000d727300000) (1024K)]
  0x0000028e74496980 WorkerThread "GC Thread#1"                     [id=26012, stack(0x000000d728000000,0x000000d728100000) (1024K)]
  0x0000028e74497530 WorkerThread "GC Thread#2"                     [id=12800, stack(0x000000d728100000,0x000000d728200000) (1024K)]
  0x0000028e744cec70 WorkerThread "GC Thread#3"                     [id=5160, stack(0x000000d728200000,0x000000d728300000) (1024K)]
  0x0000028e744cf420 WorkerThread "GC Thread#4"                     [id=25780, stack(0x000000d728300000,0x000000d728400000) (1024K)]
  0x0000028e742d1760 WorkerThread "GC Thread#5"                     [id=12864, stack(0x000000d728400000,0x000000d728500000) (1024K)]
  0x0000028e742d1b00 WorkerThread "GC Thread#6"                     [id=18084, stack(0x000000d728500000,0x000000d728600000) (1024K)]
  0x0000028e7451dca0 WorkerThread "GC Thread#7"                     [id=23148, stack(0x000000d728800000,0x000000d728900000) (1024K)]
Total: 10

Threads with active compile tasks:
Total: 0

VM state: synchronizing (normal execution)

VM Mutex/Monitor currently owned by a thread:  ([mutex/lock_event])
[0x00007fff4285d570] Threads_lock - owner thread: 0x0000028e14439fb0
[0x00007fff4285d670] Heap_lock - owner thread: 0x0000028e7f3f37f0

Heap address: 0x0000000080000000, size: 2048 MB, Compressed Oops mode: 32-bit

CDS archive(s) mapped at: [0x0000028e2d000000-0x0000028e2dba0000-0x0000028e2dba0000), size 12189696, SharedBaseAddress: 0x0000028e2d000000, ArchiveRelocationMode: 1.
Compressed class space mapped at: 0x0000028e2e000000-0x0000028e6e000000, reserved size: 1073741824
Narrow klass base: 0x0000028e2d000000, Narrow klass shift: 0, Narrow klass range: 0x100000000

GC Precious Log:
 CardTable entry size: 512
 CPUs: 8 total, 8 available
 Memory: 8006M
 Large Page Support: Disabled
 NUMA Support: Disabled
 Compressed Oops: Enabled (32-bit)
 Alignments: Space 512K, Generation 512K, Heap 2M
 Heap Min Capacity: 100M
 Heap Initial Capacity: 100M
 Heap Max Capacity: 2G
 Pre-touch: Disabled
 Parallel Workers: 8

Heap:
 PSYoungGen      total 5632K, used 5216K [0x00000000d5580000, 0x00000000d5c00000, 0x0000000100000000)
  eden space 4608K, 100% used [0x00000000d5580000,0x00000000d5a00000,0x00000000d5a00000)
  from space 1024K, 59% used [0x00000000d5a00000,0x00000000d5a98000,0x00000000d5b00000)
  to   space 1024K, 0% used [0x00000000d5b00000,0x00000000d5b00000,0x00000000d5c00000)
 ParOldGen       total 1168896K, used 1168786K [0x0000000080000000, 0x00000000c7580000, 0x00000000d5580000)
  object space 1168896K, 99% used [0x0000000080000000,0x00000000c7564958,0x00000000c7580000)
 Metaspace       used 89480K, committed 91072K, reserved 1179648K
  class space    used 8944K, committed 9664K, reserved 1048576K

Card table byte_map: [0x0000028e282a0000,0x0000028e286b0000] _byte_map_base: 0x0000028e27ea0000

Marking Bits: (ParMarkBitMap*) 0x00007fff42862460
 Begin Bits: [0x0000028e28960000, 0x0000028e2a960000)
 End Bits:   [0x0000028e2a960000, 0x0000028e2c960000)

Polling page: 0x0000028e145f0000

Metaspace:

Usage:
  Non-class:     78.65 MB used.
      Class:      8.73 MB used.
       Both:     87.38 MB used.

Virtual space:
  Non-class space:      128.00 MB reserved,      79.50 MB ( 62%) committed,  2 nodes.
      Class space:        1.00 GB reserved,       9.44 MB ( <1%) committed,  1 nodes.
             Both:        1.12 GB reserved,      88.94 MB (  8%) committed. 

Chunk freelists:
   Non-Class:  15.94 MB
       Class:  6.64 MB
        Both:  22.58 MB

MaxMetaspaceSize: unlimited
CompressedClassSpaceSize: 1.00 GB
Initial GC threshold: 21.00 MB
Current GC threshold: 145.62 MB
CDS: on
 - commit_granule_bytes: 65536.
 - commit_granule_words: 8192.
 - virtual_space_node_default_size: 8388608.
 - enlarge_chunks_in_place: 1.
 - use_allocation_guard: 0.


Internal statistics:

num_allocs_failed_limit: 9.
num_arena_births: 1864.
num_arena_deaths: 398.
num_vsnodes_births: 3.
num_vsnodes_deaths: 0.
num_space_committed: 1423.
num_space_uncommitted: 0.
num_chunks_returned_to_freelist: 467.
num_chunks_taken_from_freelist: 6606.
num_chunk_merges: 127.
num_chunk_splits: 3851.
num_chunks_enlarged: 2090.
num_inconsistent_stats: 0.

CodeHeap 'non-profiled nmethods': size=120000Kb used=22556Kb max_used=22643Kb free=97443Kb
 bounds [0x0000028e20b90000, 0x0000028e221b0000, 0x0000028e280c0000]
CodeHeap 'profiled nmethods': size=120000Kb used=38951Kb max_used=52475Kb free=81048Kb
 bounds [0x0000028e190c0000, 0x0000028e1c400000, 0x0000028e205f0000]
CodeHeap 'non-nmethods': size=5760Kb used=1506Kb max_used=1592Kb free=4253Kb
 bounds [0x0000028e205f0000, 0x0000028e20860000, 0x0000028e20b90000]
CodeCache: size=245760Kb, used=63013Kb, max_used=76710Kb, free=182744Kb
 total_blobs=18746, nmethods=17918, adapters=730, full_count=0
Compilation: enabled, stopped_count=0, restarted_count=0

Compilation events (20 events):
Event: 5932.489 Thread 0x0000028e2cf5ae70 27150       3       lombok.core.configuration.FileSystemSourceCache$1::parsed (13 bytes)
Event: 5932.490 Thread 0x0000028e2cf5ae70 nmethod 27150 0x0000028e1add4410 code [0x0000028e1add45c0, 0x0000028e1add4760]
Event: 5932.490 Thread 0x0000028e2cf5ae70 27151       3       lombok.core.configuration.FileSystemSourceCache::access$0 (7 bytes)
Event: 5932.490 Thread 0x0000028e2cf5ae70 nmethod 27151 0x0000028e1a286910 code [0x0000028e1a286ac0, 0x0000028e1a286be0]
Event: 5932.490 Thread 0x0000028e2cf5ae70 27152       3       lombok.core.configuration.ConfigurationFile$RegularConfigurationFile::parent (39 bytes)
Event: 5932.491 Thread 0x0000028e2cf5ae70 nmethod 27152 0x0000028e1bb29c90 code [0x0000028e1bb29ea0, 0x0000028e1bb2a4f0]
Event: 5932.591 Thread 0x0000028e2cf5ae70 27153       1       org.eclipse.lsp4j.PublishDiagnosticsCapabilities::getTagSupport (5 bytes)
Event: 5932.592 Thread 0x0000028e2cf5ae70 nmethod 27153 0x0000028e212fd110 code [0x0000028e212fd2a0, 0x0000028e212fd368]
Event: 5934.654 Thread 0x0000028e2cf5ae70 27154   !   3       org.eclipse.jdt.ls.core.internal.JDTUtils::discardClassFileWorkingCopy (21 bytes)
Event: 5934.657 Thread 0x0000028e2cf5ae70 nmethod 27154 0x0000028e1aea8a90 code [0x0000028e1aea8c80, 0x0000028e1aea91d0]
Event: 5934.657 Thread 0x0000028e2cf5ae70 27155       3       org.eclipse.jdt.ls.core.internal.JDTUtils::getClassFile (74 bytes)
Event: 5934.660 Thread 0x0000028e2cf5ae70 nmethod 27155 0x0000028e1a10c990 code [0x0000028e1a10cc20, 0x0000028e1a10db70]
Event: 5937.242 Thread 0x0000028e2cf5ae70 27156       1       org.eclipse.jdt.internal.core.SourceRefElement::isStructureKnown (2 bytes)
Event: 5937.243 Thread 0x0000028e2cf5ae70 nmethod 27156 0x0000028e212fce10 code [0x0000028e212fcfa0, 0x0000028e212fd068]
Event: 5937.247 Thread 0x0000028e2cf5ae70 27157       1       org.eclipse.core.internal.resources.WorkspaceDescription::getOperationsPerSnapshot (5 bytes)
Event: 5937.247 Thread 0x0000028e2cf5ae70 nmethod 27157 0x0000028e212fcb10 code [0x0000028e212fcca0, 0x0000028e212fcd68]
Event: 5937.250 Thread 0x0000028e2cf3b480 27158       4       org.eclipse.core.internal.resources.Project::checkAccessible (42 bytes)
Event: 5937.271 Thread 0x0000028e2cf3b480 nmethod 27158 0x0000028e20dc9c10 code [0x0000028e20dc9dc0, 0x0000028e20dca000]
Event: 5937.398 Thread 0x0000028e2cf5ae70 27159       3       java.util.concurrent.ForkJoinPool::tryCompensate (318 bytes)
Event: 5937.400 Thread 0x0000028e2cf5ae70 nmethod 27159 0x0000028e1a362c10 code [0x0000028e1a362ec0, 0x0000028e1a363bb0]

GC Heap History (20 events):
Event: 5934.644 GC heap before
{Heap before GC invocations=3811 (full 7):
 PSYoungGen      total 4608K, used 4543K [0x00000000d5580000, 0x00000000d5c80000, 0x0000000100000000)
  eden space 4096K, 99% used [0x00000000d5580000,0x00000000d597ffc8,0x00000000d5980000)
  from space 512K, 87% used [0x00000000d5b80000,0x00000000d5bf0020,0x00000000d5c00000)
  to   space 512K, 0% used [0x00000000d5c00000,0x00000000d5c00000,0x00000000d5c80000)
 ParOldGen       total 1156096K, used 1155944K [0x0000000080000000, 0x00000000c6900000, 0x00000000d5580000)
  object space 1156096K, 99% used [0x0000000080000000,0x00000000c68da010,0x00000000c6900000)
 Metaspace       used 89478K, committed 91072K, reserved 1179648K
  class space    used 8944K, committed 9664K, reserved 1048576K
}
Event: 5934.651 GC heap after
{Heap after GC invocations=3811 (full 7):
 PSYoungGen      total 4608K, used 442K [0x00000000d5580000, 0x00000000d5c80000, 0x0000000100000000)
  eden space 4096K, 0% used [0x00000000d5580000,0x00000000d5580000,0x00000000d5980000)
  from space 512K, 86% used [0x00000000d5c00000,0x00000000d5c6e900,0x00000000d5c80000)
  to   space 512K, 0% used [0x00000000d5b80000,0x00000000d5b80000,0x00000000d5c00000)
 ParOldGen       total 1156608K, used 1156248K [0x0000000080000000, 0x00000000c6980000, 0x00000000d5580000)
  object space 1156608K, 99% used [0x0000000080000000,0x00000000c6926030,0x00000000c6980000)
 Metaspace       used 89478K, committed 91072K, reserved 1179648K
  class space    used 8944K, committed 9664K, reserved 1048576K
}
Event: 5937.251 GC heap before
{Heap before GC invocations=3812 (full 7):
 PSYoungGen      total 4608K, used 4538K [0x00000000d5580000, 0x00000000d5c80000, 0x0000000100000000)
  eden space 4096K, 100% used [0x00000000d5580000,0x00000000d5980000,0x00000000d5980000)
  from space 512K, 86% used [0x00000000d5c00000,0x00000000d5c6e900,0x00000000d5c80000)
  to   space 512K, 0% used [0x00000000d5b80000,0x00000000d5b80000,0x00000000d5c00000)
 ParOldGen       total 1156608K, used 1156248K [0x0000000080000000, 0x00000000c6980000, 0x00000000d5580000)
  object space 1156608K, 99% used [0x0000000080000000,0x00000000c6926030,0x00000000c6980000)
 Metaspace       used 89480K, committed 91072K, reserved 1179648K
  class space    used 8944K, committed 9664K, reserved 1048576K
}
Event: 5937.261 GC heap after
{Heap after GC invocations=3812 (full 7):
 PSYoungGen      total 4608K, used 218K [0x00000000d5580000, 0x00000000d5c80000, 0x0000000100000000)
  eden space 4096K, 0% used [0x00000000d5580000,0x00000000d5580000,0x00000000d5980000)
  from space 512K, 42% used [0x00000000d5b80000,0x00000000d5bb6900,0x00000000d5c00000)
  to   space 512K, 0% used [0x00000000d5c00000,0x00000000d5c00000,0x00000000d5c80000)
 ParOldGen       total 1156608K, used 1156540K [0x0000000080000000, 0x00000000c6980000, 0x00000000d5580000)
  object space 1156608K, 99% used [0x0000000080000000,0x00000000c696f040,0x00000000c6980000)
 Metaspace       used 89480K, committed 91072K, reserved 1179648K
  class space    used 8944K, committed 9664K, reserved 1048576K
}
Event: 5937.289 GC heap before
{Heap before GC invocations=3813 (full 7):
 PSYoungGen      total 4608K, used 4314K [0x00000000d5580000, 0x00000000d5c80000, 0x0000000100000000)
  eden space 4096K, 100% used [0x00000000d5580000,0x00000000d5980000,0x00000000d5980000)
  from space 512K, 42% used [0x00000000d5b80000,0x00000000d5bb6900,0x00000000d5c00000)
  to   space 512K, 0% used [0x00000000d5c00000,0x00000000d5c00000,0x00000000d5c80000)
 ParOldGen       total 1156608K, used 1156540K [0x0000000080000000, 0x00000000c6980000, 0x00000000d5580000)
  object space 1156608K, 99% used [0x0000000080000000,0x00000000c696f040,0x00000000c6980000)
 Metaspace       used 89480K, committed 91072K, reserved 1179648K
  class space    used 8944K, committed 9664K, reserved 1048576K
}
Event: 5937.302 GC heap after
{Heap after GC invocations=3813 (full 7):
 PSYoungGen      total 2048K, used 512K [0x00000000d5580000, 0x00000000d6380000, 0x0000000100000000)
  eden space 1536K, 0% used [0x00000000d5580000,0x00000000d5580000,0x00000000d5700000)
  from space 512K, 100% used [0x00000000d5c00000,0x00000000d5c80000,0x00000000d5c80000)
  to   space 5120K, 0% used [0x00000000d5700000,0x00000000d5700000,0x00000000d5c00000)
 ParOldGen       total 1160192K, used 1160109K [0x0000000080000000, 0x00000000c6d00000, 0x00000000d5580000)
  object space 1160192K, 99% used [0x0000000080000000,0x00000000c6ceb7f0,0x00000000c6d00000)
 Metaspace       used 89480K, committed 91072K, reserved 1179648K
  class space    used 8944K, committed 9664K, reserved 1048576K
}
Event: 5937.315 GC heap before
{Heap before GC invocations=3814 (full 7):
 PSYoungGen      total 2048K, used 2048K [0x00000000d5580000, 0x00000000d6380000, 0x0000000100000000)
  eden space 1536K, 100% used [0x00000000d5580000,0x00000000d5700000,0x00000000d5700000)
  from space 512K, 100% used [0x00000000d5c00000,0x00000000d5c80000,0x00000000d5c80000)
  to   space 5120K, 0% used [0x00000000d5700000,0x00000000d5700000,0x00000000d5c00000)
 ParOldGen       total 1160192K, used 1160109K [0x0000000080000000, 0x00000000c6d00000, 0x00000000d5580000)
  object space 1160192K, 99% used [0x0000000080000000,0x00000000c6ceb7f0,0x00000000c6d00000)
 Metaspace       used 89480K, committed 91072K, reserved 1179648K
  class space    used 8944K, committed 9664K, reserved 1048576K
}
Event: 5937.327 GC heap after
{Heap after GC invocations=3814 (full 7):
 PSYoungGen      total 3584K, used 1600K [0x00000000d5580000, 0x00000000d5c80000, 0x0000000100000000)
  eden space 1536K, 0% used [0x00000000d5580000,0x00000000d5580000,0x00000000d5700000)
  from space 2048K, 78% used [0x00000000d5700000,0x00000000d5890000,0x00000000d5900000)
  to   space 2560K, 0% used [0x00000000d5a00000,0x00000000d5a00000,0x00000000d5c80000)
 ParOldGen       total 1160704K, used 1160589K [0x0000000080000000, 0x00000000c6d80000, 0x00000000d5580000)
  object space 1160704K, 99% used [0x0000000080000000,0x00000000c6d637f0,0x00000000c6d80000)
 Metaspace       used 89480K, committed 91072K, reserved 1179648K
  class space    used 8944K, committed 9664K, reserved 1048576K
}
Event: 5937.341 GC heap before
{Heap before GC invocations=3815 (full 7):
 PSYoungGen      total 3584K, used 3136K [0x00000000d5580000, 0x00000000d5c80000, 0x0000000100000000)
  eden space 1536K, 100% used [0x00000000d5580000,0x00000000d5700000,0x00000000d5700000)
  from space 2048K, 78% used [0x00000000d5700000,0x00000000d5890000,0x00000000d5900000)
  to   space 2560K, 0% used [0x00000000d5a00000,0x00000000d5a00000,0x00000000d5c80000)
 ParOldGen       total 1160704K, used 1160589K [0x0000000080000000, 0x00000000c6d80000, 0x00000000d5580000)
  object space 1160704K, 99% used [0x0000000080000000,0x00000000c6d637f0,0x00000000c6d80000)
 Metaspace       used 89480K, committed 91072K, reserved 1179648K
  class space    used 8944K, committed 9664K, reserved 1048576K
}
Event: 5937.356 GC heap after
{Heap after GC invocations=3815 (full 7):
 PSYoungGen      total 4096K, used 1632K [0x00000000d5580000, 0x00000000d5c00000, 0x0000000100000000)
  eden space 2048K, 0% used [0x00000000d5580000,0x00000000d5580000,0x00000000d5780000)
  from space 2048K, 79% used [0x00000000d5a00000,0x00000000d5b98000,0x00000000d5c00000)
  to   space 2048K, 0% used [0x00000000d5800000,0x00000000d5800000,0x00000000d5a00000)
 ParOldGen       total 1162240K, used 1162133K [0x0000000080000000, 0x00000000c6f00000, 0x00000000d5580000)
  object space 1162240K, 99% used [0x0000000080000000,0x00000000c6ee57f0,0x00000000c6f00000)
 Metaspace       used 89480K, committed 91072K, reserved 1179648K
  class space    used 8944K, committed 9664K, reserved 1048576K
}
Event: 5937.374 GC heap before
{Heap before GC invocations=3816 (full 7):
 PSYoungGen      total 4096K, used 3680K [0x00000000d5580000, 0x00000000d5c00000, 0x0000000100000000)
  eden space 2048K, 100% used [0x00000000d5580000,0x00000000d5780000,0x00000000d5780000)
  from space 2048K, 79% used [0x00000000d5a00000,0x00000000d5b98000,0x00000000d5c00000)
  to   space 2048K, 0% used [0x00000000d5800000,0x00000000d5800000,0x00000000d5a00000)
 ParOldGen       total 1162240K, used 1162133K [0x0000000080000000, 0x00000000c6f00000, 0x00000000d5580000)
  object space 1162240K, 99% used [0x0000000080000000,0x00000000c6ee57f0,0x00000000c6f00000)
 Metaspace       used 89480K, committed 91072K, reserved 1179648K
  class space    used 8944K, committed 9664K, reserved 1048576K
}
Event: 5937.387 GC heap after
{Heap after GC invocations=3816 (full 7):
 PSYoungGen      total 4608K, used 2048K [0x00000000d5580000, 0x00000000d6000000, 0x0000000100000000)
  eden space 2560K, 0% used [0x00000000d5580000,0x00000000d5580000,0x00000000d5800000)
  from space 2048K, 100% used [0x00000000d5800000,0x00000000d5a00000,0x00000000d5a00000)
  to   space 4096K, 0% used [0x00000000d5c00000,0x00000000d5c00000,0x00000000d6000000)
 ParOldGen       total 1163776K, used 1163693K [0x0000000080000000, 0x00000000c7080000, 0x00000000d5580000)
  object space 1163776K, 99% used [0x0000000080000000,0x00000000c706b7f0,0x00000000c7080000)
 Metaspace       used 89480K, committed 91072K, reserved 1179648K
  class space    used 8944K, committed 9664K, reserved 1048576K
}
Event: 5937.403 GC heap before
{Heap before GC invocations=3817 (full 7):
 PSYoungGen      total 4608K, used 4608K [0x00000000d5580000, 0x00000000d6000000, 0x0000000100000000)
  eden space 2560K, 100% used [0x00000000d5580000,0x00000000d5800000,0x00000000d5800000)
  from space 2048K, 100% used [0x00000000d5800000,0x00000000d5a00000,0x00000000d5a00000)
  to   space 4096K, 0% used [0x00000000d5c00000,0x00000000d5c00000,0x00000000d6000000)
 ParOldGen       total 1163776K, used 1163693K [0x0000000080000000, 0x00000000c7080000, 0x00000000d5580000)
  object space 1163776K, 99% used [0x0000000080000000,0x00000000c706b7f0,0x00000000c7080000)
 Metaspace       used 89480K, committed 91072K, reserved 1179648K
  class space    used 8944K, committed 9664K, reserved 1048576K
}
Event: 5937.409 GC heap after
{Heap after GC invocations=3817 (full 7):
 PSYoungGen      total 5120K, used 1730K [0x00000000d5580000, 0x00000000d5e00000, 0x0000000100000000)
  eden space 3072K, 0% used [0x00000000d5580000,0x00000000d5580000,0x00000000d5880000)
  from space 2048K, 84% used [0x00000000d5c00000,0x00000000d5db0878,0x00000000d5e00000)
  to   space 2560K, 0% used [0x00000000d5900000,0x00000000d5900000,0x00000000d5b80000)
 ParOldGen       total 1165824K, used 1165749K [0x0000000080000000, 0x00000000c7280000, 0x00000000d5580000)
  object space 1165824K, 99% used [0x0000000080000000,0x00000000c726d7f0,0x00000000c7280000)
 Metaspace       used 89480K, committed 91072K, reserved 1179648K
  class space    used 8944K, committed 9664K, reserved 1048576K
}
Event: 5937.451 GC heap before
{Heap before GC invocations=3818 (full 7):
 PSYoungGen      total 5120K, used 4802K [0x00000000d5580000, 0x00000000d5e00000, 0x0000000100000000)
  eden space 3072K, 100% used [0x00000000d5580000,0x00000000d5880000,0x00000000d5880000)
  from space 2048K, 84% used [0x00000000d5c00000,0x00000000d5db0878,0x00000000d5e00000)
  to   space 2560K, 0% used [0x00000000d5900000,0x00000000d5900000,0x00000000d5b80000)
 ParOldGen       total 1165824K, used 1165749K [0x0000000080000000, 0x00000000c7280000, 0x00000000d5580000)
  object space 1165824K, 99% used [0x0000000080000000,0x00000000c726d7f0,0x00000000c7280000)
 Metaspace       used 89480K, committed 91072K, reserved 1179648K
  class space    used 8944K, committed 9664K, reserved 1048576K
}
Event: 5937.455 GC heap after
{Heap after GC invocations=3818 (full 7):
 PSYoungGen      total 4608K, used 922K [0x00000000d5580000, 0x00000000d5c80000, 0x0000000100000000)
  eden space 3584K, 0% used [0x00000000d5580000,0x00000000d5580000,0x00000000d5900000)
  from space 1024K, 90% used [0x00000000d5900000,0x00000000d59e6ac8,0x00000000d5a00000)
  to   space 1536K, 0% used [0x00000000d5b00000,0x00000000d5b00000,0x00000000d5c80000)
 ParOldGen       total 1167872K, used 1167384K [0x0000000080000000, 0x00000000c7480000, 0x00000000d5580000)
  object space 1167872K, 99% used [0x0000000080000000,0x00000000c7406068,0x00000000c7480000)
 Metaspace       used 89480K, committed 91072K, reserved 1179648K
  class space    used 8944K, committed 9664K, reserved 1048576K
}
Event: 5937.496 GC heap before
{Heap before GC invocations=3819 (full 7):
 PSYoungGen      total 4608K, used 4506K [0x00000000d5580000, 0x00000000d5c80000, 0x0000000100000000)
  eden space 3584K, 100% used [0x00000000d5580000,0x00000000d5900000,0x00000000d5900000)
  from space 1024K, 90% used [0x00000000d5900000,0x00000000d59e6ac8,0x00000000d5a00000)
  to   space 1536K, 0% used [0x00000000d5b00000,0x00000000d5b00000,0x00000000d5c80000)
 ParOldGen       total 1167872K, used 1167384K [0x0000000080000000, 0x00000000c7480000, 0x00000000d5580000)
  object space 1167872K, 99% used [0x0000000080000000,0x00000000c7406068,0x00000000c7480000)
 Metaspace       used 89480K, committed 91072K, reserved 1179648K
  class space    used 8944K, committed 9664K, reserved 1048576K
}
Event: 5937.502 GC heap after
{Heap after GC invocations=3819 (full 7):
 PSYoungGen      total 5632K, used 896K [0x00000000d5580000, 0x00000000d5c00000, 0x0000000100000000)
  eden space 4608K, 0% used [0x00000000d5580000,0x00000000d5580000,0x00000000d5a00000)
  from space 1024K, 87% used [0x00000000d5b00000,0x00000000d5be0000,0x00000000d5c00000)
  to   space 1024K, 0% used [0x00000000d5a00000,0x00000000d5a00000,0x00000000d5b00000)
 ParOldGen       total 1168384K, used 1168056K [0x0000000080000000, 0x00000000c7500000, 0x00000000d5580000)
  object space 1168384K, 99% used [0x0000000080000000,0x00000000c74ae0c8,0x00000000c7500000)
 Metaspace       used 89480K, committed 91072K, reserved 1179648K
  class space    used 8944K, committed 9664K, reserved 1048576K
}
Event: 5937.602 GC heap before
{Heap before GC invocations=3820 (full 7):
 PSYoungGen      total 5632K, used 5504K [0x00000000d5580000, 0x00000000d5c00000, 0x0000000100000000)
  eden space 4608K, 100% used [0x00000000d5580000,0x00000000d5a00000,0x00000000d5a00000)
  from space 1024K, 87% used [0x00000000d5b00000,0x00000000d5be0000,0x00000000d5c00000)
  to   space 1024K, 0% used [0x00000000d5a00000,0x00000000d5a00000,0x00000000d5b00000)
 ParOldGen       total 1168384K, used 1168056K [0x0000000080000000, 0x00000000c7500000, 0x00000000d5580000)
  object space 1168384K, 99% used [0x0000000080000000,0x00000000c74ae0c8,0x00000000c7500000)
 Metaspace       used 89480K, committed 91072K, reserved 1179648K
  class space    used 8944K, committed 9664K, reserved 1048576K
}
Event: 5937.607 GC heap after
{Heap after GC invocations=3820 (full 7):
 PSYoungGen      total 5632K, used 608K [0x00000000d5580000, 0x00000000d5c00000, 0x0000000100000000)
  eden space 4608K, 0% used [0x00000000d5580000,0x00000000d5580000,0x00000000d5a00000)
  from space 1024K, 59% used [0x00000000d5a00000,0x00000000d5a98000,0x00000000d5b00000)
  to   space 1024K, 0% used [0x00000000d5b00000,0x00000000d5b00000,0x00000000d5c00000)
 ParOldGen       total 1168896K, used 1168786K [0x0000000080000000, 0x00000000c7580000, 0x00000000d5580000)
  object space 1168896K, 99% used [0x0000000080000000,0x00000000c7564958,0x00000000c7580000)
 Metaspace       used 89480K, committed 91072K, reserved 1179648K
  class space    used 8944K, committed 9664K, reserved 1048576K
}

Dll operation events (11 events):
Event: 0.018 Loaded shared library c:\Users\CKrishnaveni\.vscode\extensions\redhat.java-1.50.0-win32-x64\jre\21.0.9-win32-x86_64\bin\java.dll
Event: 0.144 Loaded shared library c:\Users\CKrishnaveni\.vscode\extensions\redhat.java-1.50.0-win32-x64\jre\21.0.9-win32-x86_64\bin\zip.dll
Event: 0.179 Loaded shared library C:\Users\CKrishnaveni\.vscode\extensions\redhat.java-1.50.0-win32-x64\jre\21.0.9-win32-x86_64\bin\instrument.dll
Event: 0.197 Loaded shared library C:\Users\CKrishnaveni\.vscode\extensions\redhat.java-1.50.0-win32-x64\jre\21.0.9-win32-x86_64\bin\net.dll
Event: 0.200 Loaded shared library C:\Users\CKrishnaveni\.vscode\extensions\redhat.java-1.50.0-win32-x64\jre\21.0.9-win32-x86_64\bin\nio.dll
Event: 0.205 Loaded shared library C:\Users\CKrishnaveni\.vscode\extensions\redhat.java-1.50.0-win32-x64\jre\21.0.9-win32-x86_64\bin\zip.dll
Event: 0.230 Loaded shared library C:\Users\CKrishnaveni\.vscode\extensions\redhat.java-1.50.0-win32-x64\jre\21.0.9-win32-x86_64\bin\jimage.dll
Event: 0.343 Loaded shared library c:\Users\CKrishnaveni\.vscode\extensions\redhat.java-1.50.0-win32-x64\jre\21.0.9-win32-x86_64\bin\verify.dll
Event: 2.052 Loaded shared library C:\Users\CKrishnaveni\AppData\Roaming\Code\User\globalStorage\redhat.java\1.50.0\config_win\org.eclipse.equinox.launcher\org.eclipse.equinox.launcher.win32.win32.x86_64_1.2.1400.v20250801-0854\eclipse_11916.dll
Event: 3.630 Loaded shared library C:\Users\CKrishnaveni\AppData\Local\Temp\jna-607580433\jna10757860108830410535.dll
Event: 4576.380 Loaded shared library C:\Users\CKrishnaveni\.vscode\extensions\redhat.java-1.50.0-win32-x64\jre\21.0.9-win32-x86_64\bin\extnet.dll

Deoptimization events (20 events):
Event: 5922.333 Thread 0x0000028e76bd2b40 DEOPT PACKING pc=0x0000028e20f0bed4 sp=0x000000d72a7fdf20
Event: 5922.333 Thread 0x0000028e76bd2b40 DEOPT UNPACKING pc=0x0000028e20643aa2 sp=0x000000d72a7fdef8 mode 2
Event: 5922.333 Thread 0x0000028e76bd2b40 Uncommon trap: trap_request=0xffffffd6 fr.pc=0x0000028e20f0bed4 relative=0x0000000000000bd4
Event: 5922.333 Thread 0x0000028e76bd2b40 Uncommon trap: reason=array_check action=maybe_recompile pc=0x0000028e20f0bed4 method=org.eclipse.jdt.internal.core.hierarchy.HierarchyResolver.remember(Lorg/eclipse/jdt/internal/compiler/env/IGenericType;Lorg/eclipse/jdt/internal/compiler/lookup/Referenc
Event: 5922.333 Thread 0x0000028e76bd2b40 DEOPT PACKING pc=0x0000028e20f0bed4 sp=0x000000d72a7fdf20
Event: 5922.333 Thread 0x0000028e76bd2b40 DEOPT UNPACKING pc=0x0000028e20643aa2 sp=0x000000d72a7fdef8 mode 2
Event: 5922.789 Thread 0x0000028e7f3f2440 Uncommon trap: trap_request=0xffffffbe fr.pc=0x0000028e20f091f4 relative=0x0000000000000e14
Event: 5922.789 Thread 0x0000028e7f3f2440 Uncommon trap: reason=profile_predicate action=maybe_recompile pc=0x0000028e20f091f4 method=java.util.TimSort.gallopLeft(Ljava/lang/Object;[Ljava/lang/Object;IIILjava/util/Comparator;)I @ 263 c2
Event: 5922.789 Thread 0x0000028e7f3f2440 DEOPT PACKING pc=0x0000028e20f091f4 sp=0x000000d728efd440
Event: 5922.789 Thread 0x0000028e7f3f2440 DEOPT UNPACKING pc=0x0000028e20643aa2 sp=0x000000d728efd3d8 mode 2
Event: 5922.789 Thread 0x0000028e7f3f2440 Uncommon trap: trap_request=0xffffffbe fr.pc=0x0000028e20f091f4 relative=0x0000000000000e14
Event: 5922.789 Thread 0x0000028e7f3f2440 Uncommon trap: reason=profile_predicate action=maybe_recompile pc=0x0000028e20f091f4 method=java.util.TimSort.gallopLeft(Ljava/lang/Object;[Ljava/lang/Object;IIILjava/util/Comparator;)I @ 263 c2
Event: 5922.789 Thread 0x0000028e7f3f2440 DEOPT PACKING pc=0x0000028e20f091f4 sp=0x000000d728efd430
Event: 5922.789 Thread 0x0000028e7f3f2440 DEOPT UNPACKING pc=0x0000028e20643aa2 sp=0x000000d728efd3c8 mode 2
Event: 5931.290 Thread 0x0000028e7f3f37f0 DEOPT PACKING pc=0x0000028e1aca1f93 sp=0x000000d7295fe7b0
Event: 5931.290 Thread 0x0000028e7f3f37f0 DEOPT UNPACKING pc=0x0000028e20644242 sp=0x000000d7295fdd80 mode 0
Event: 5937.031 Thread 0x0000028e7f3f37f0 Uncommon trap: trap_request=0xffffffde fr.pc=0x0000028e215b7f04 relative=0x0000000000000d84
Event: 5937.031 Thread 0x0000028e7f3f37f0 Uncommon trap: reason=class_check action=maybe_recompile pc=0x0000028e215b7f04 method=org.eclipse.jdt.core.dom.TypeBinding.getName()Ljava/lang/String; @ 467 c2
Event: 5937.031 Thread 0x0000028e7f3f37f0 DEOPT PACKING pc=0x0000028e215b7f04 sp=0x000000d7295fea90
Event: 5937.031 Thread 0x0000028e7f3f37f0 DEOPT UNPACKING pc=0x0000028e20643aa2 sp=0x000000d7295fea18 mode 2

Classes loaded (20 events):
Event: 4577.724 Loading class java/util/concurrent/ScheduledThreadPoolExecutor$DelayedWorkQueue$Itr
Event: 4577.724 Loading class java/util/concurrent/ScheduledThreadPoolExecutor$DelayedWorkQueue$Itr done
Event: 4580.129 Loading class java/lang/ProcessHandleImpl$ExitCompletion
Event: 4580.129 Loading class java/lang/ProcessHandleImpl$ExitCompletion done
Event: 4580.129 Loading class java/lang/ProcessHandleImpl$1
Event: 4580.129 Loading class java/lang/ProcessHandleImpl$1 done
Event: 4580.131 Loading class java/util/concurrent/CompletableFuture$UniHandle
Event: 4580.131 Loading class java/util/concurrent/CompletableFuture$UniHandle done
Event: 5666.086 Loading class jdk/internal/module/IllegalAccessLogger
Event: 5666.086 Loading class jdk/internal/module/IllegalAccessLogger done
Event: 5697.743 Loading class jdk/internal/module/IllegalAccessLogger
Event: 5697.743 Loading class jdk/internal/module/IllegalAccessLogger done
Event: 5721.463 Loading class jdk/internal/module/IllegalAccessLogger
Event: 5721.463 Loading class jdk/internal/module/IllegalAccessLogger done
Event: 5735.466 Loading class jdk/internal/module/IllegalAccessLogger
Event: 5735.466 Loading class jdk/internal/module/IllegalAccessLogger done
Event: 5753.111 Loading class jdk/internal/module/IllegalAccessLogger
Event: 5753.111 Loading class jdk/internal/module/IllegalAccessLogger done
Event: 5799.326 Loading class jdk/internal/module/IllegalAccessLogger
Event: 5799.326 Loading class jdk/internal/module/IllegalAccessLogger done

Classes unloaded (20 events):
Event: 5602.583 Thread 0x0000028e14439fb0 Unloading class 0x0000028e2e016400 'java/lang/invoke/LambdaForm$MH+0x0000028e2e016400'
Event: 5602.583 Thread 0x0000028e14439fb0 Unloading class 0x0000028e2e00d800 'java/lang/invoke/LambdaForm$MH+0x0000028e2e00d800'
Event: 5602.583 Thread 0x0000028e14439fb0 Unloading class 0x0000028e2e00d400 'java/lang/invoke/LambdaForm$MH+0x0000028e2e00d400'
Event: 5602.583 Thread 0x0000028e14439fb0 Unloading class 0x0000028e2e00d000 'java/lang/invoke/LambdaForm$MH+0x0000028e2e00d000'
Event: 5602.583 Thread 0x0000028e14439fb0 Unloading class 0x0000028e2e00cc00 'java/lang/invoke/LambdaForm$MH+0x0000028e2e00cc00'
Event: 5602.583 Thread 0x0000028e14439fb0 Unloading class 0x0000028e2e00c800 'java/lang/invoke/LambdaForm$BMH+0x0000028e2e00c800'
Event: 5602.583 Thread 0x0000028e14439fb0 Unloading class 0x0000028e2e00c000 'java/lang/invoke/LambdaForm$DMH+0x0000028e2e00c000'
Event: 5602.583 Thread 0x0000028e14439fb0 Unloading class 0x0000028e2e008c00 'java/lang/invoke/LambdaForm$MH+0x0000028e2e008c00'
Event: 5602.584 Thread 0x0000028e14439fb0 Unloading class 0x0000028e2e008800 'java/lang/invoke/LambdaForm$MH+0x0000028e2e008800'
Event: 5602.584 Thread 0x0000028e14439fb0 Unloading class 0x0000028e2e008400 'java/lang/invoke/LambdaForm$MH+0x0000028e2e008400'
Event: 5602.584 Thread 0x0000028e14439fb0 Unloading class 0x0000028e2e007000 'java/lang/invoke/LambdaForm$MH+0x0000028e2e007000'
Event: 5602.584 Thread 0x0000028e14439fb0 Unloading class 0x0000028e2e006800 'java/lang/invoke/LambdaForm$MH+0x0000028e2e006800'
Event: 5602.584 Thread 0x0000028e14439fb0 Unloading class 0x0000028e2e006400 'java/lang/invoke/LambdaForm$MH+0x0000028e2e006400'
Event: 5602.584 Thread 0x0000028e14439fb0 Unloading class 0x0000028e2e006000 'java/lang/invoke/LambdaForm$MH+0x0000028e2e006000'
Event: 5602.584 Thread 0x0000028e14439fb0 Unloading class 0x0000028e2e005c00 'java/lang/invoke/LambdaForm$BMH+0x0000028e2e005c00'
Event: 5602.584 Thread 0x0000028e14439fb0 Unloading class 0x0000028e2e004800 'java/lang/invoke/LambdaForm$DMH+0x0000028e2e004800'
Event: 5602.584 Thread 0x0000028e14439fb0 Unloading class 0x0000028e2e002800 'java/lang/invoke/LambdaForm$MH+0x0000028e2e002800'
Event: 5602.584 Thread 0x0000028e14439fb0 Unloading class 0x0000028e2e002400 'java/lang/invoke/LambdaForm$MH+0x0000028e2e002400'
Event: 5602.584 Thread 0x0000028e14439fb0 Unloading class 0x0000028e2e002000 'java/lang/invoke/LambdaForm$MH+0x0000028e2e002000'
Event: 5602.584 Thread 0x0000028e14439fb0 Unloading class 0x0000028e2e001800 'java/lang/invoke/LambdaForm$MH+0x0000028e2e001800'

Classes redefined (0 events):
No events

Internal exceptions (20 events):
Event: 5793.791 Thread 0x0000028e7f3f37f0 Exception <a 'java/lang/ClassNotFoundException'{0x00000000d5814aa0}: sun/net/www/protocol/jdt/Handler> (0x00000000d5814aa0) 
thrown [s\src\hotspot\share\classfile\systemDictionary.cpp, line 312]
Event: 5793.792 Thread 0x0000028e7f3f37f0 Exception <a 'java/lang/ClassNotFoundException'{0x00000000d581b3b8}: sun/net/www/protocol/jdt/Handler> (0x00000000d581b3b8) 
thrown [s\src\hotspot\share\classfile\systemDictionary.cpp, line 312]
Event: 5793.793 Thread 0x0000028e7f3f37f0 Exception <a 'java/lang/ClassNotFoundException'{0x00000000d5822990}: sun/net/www/protocol/jdt/Handler> (0x00000000d5822990) 
thrown [s\src\hotspot\share\classfile\systemDictionary.cpp, line 312]
Event: 5793.793 Thread 0x0000028e7f3f37f0 Exception <a 'java/lang/ClassNotFoundException'{0x00000000d5825438}: sun/net/www/protocol/jdt/Handler> (0x00000000d5825438) 
thrown [s\src\hotspot\share\classfile\systemDictionary.cpp, line 312]
Event: 5793.793 Thread 0x0000028e7f3f37f0 Exception <a 'java/lang/ClassNotFoundException'{0x00000000d5827c70}: sun/net/www/protocol/jdt/Handler> (0x00000000d5827c70) 
thrown [s\src\hotspot\share\classfile\systemDictionary.cpp, line 312]
Event: 5793.794 Thread 0x0000028e7f3f37f0 Exception <a 'java/lang/ClassNotFoundException'{0x00000000d582a4d0}: sun/net/www/protocol/jdt/Handler> (0x00000000d582a4d0) 
thrown [s\src\hotspot\share\classfile\systemDictionary.cpp, line 312]
Event: 5793.794 Thread 0x0000028e7f3f37f0 Exception <a 'java/lang/ClassNotFoundException'{0x00000000d582cd08}: sun/net/www/protocol/jdt/Handler> (0x00000000d582cd08) 
thrown [s\src\hotspot\share\classfile\systemDictionary.cpp, line 312]
Event: 5793.794 Thread 0x0000028e7f3f37f0 Exception <a 'java/lang/ClassNotFoundException'{0x00000000d582f598}: sun/net/www/protocol/jdt/Handler> (0x00000000d582f598) 
thrown [s\src\hotspot\share\classfile\systemDictionary.cpp, line 312]
Event: 5796.887 Thread 0x0000028e76bd2b40 Implicit null exception at 0x0000028e21daa5f1 to 0x0000028e21dab258
Event: 5796.926 Thread 0x0000028e76bd2b40 Exception <a 'java/lang/ClassNotFoundException'{0x00000000d59075d0}: sun/net/www/protocol/jdt/Handler> (0x00000000d59075d0) 
thrown [s\src\hotspot\share\classfile\systemDictionary.cpp, line 312]
Event: 5799.216 Thread 0x0000028e753683f0 Exception <a 'sun/nio/fs/WindowsException'{0x00000000d58cb350}> (0x00000000d58cb350) 
thrown [s\src\hotspot\share\prims\jni.cpp, line 520]
Event: 5799.638 Thread 0x0000028e753683f0 Exception <a 'sun/nio/fs/WindowsException'{0x00000000d55a4260}> (0x00000000d55a4260) 
thrown [s\src\hotspot\share\prims\jni.cpp, line 520]
Event: 5860.099 Thread 0x0000028e7f3f58c0 Exception <a 'java/lang/ClassNotFoundException'{0x00000000d56434c8}: sun/util/logging/resources/spi/loggingProvider> (0x00000000d56434c8) 
thrown [s\src\hotspot\share\classfile\systemDictionary.cpp, line 312]
Event: 5871.620 Thread 0x0000028e7536bf00 Implicit null exception at 0x0000028e2136ddb9 to 0x0000028e2136e059
Event: 5871.636 Thread 0x0000028e7536bf00 Exception <a 'java/lang/ArrayIndexOutOfBoundsException'{0x00000000d5862a90}> (0x00000000d5862a90) 
thrown [s\src\hotspot\share\runtime\sharedRuntime.cpp, line 625]
Event: 5871.658 Thread 0x0000028e7536bf00 Exception <a 'java/lang/ArrayIndexOutOfBoundsException'{0x00000000d5aba360}> (0x00000000d5aba360) 
thrown [s\src\hotspot\share\runtime\sharedRuntime.cpp, line 625]
Event: 5872.016 Thread 0x0000028e7536bf00 Exception <a 'java/lang/ArrayIndexOutOfBoundsException'{0x00000000d59d2598}> (0x00000000d59d2598) 
thrown [s\src\hotspot\share\runtime\sharedRuntime.cpp, line 625]
Event: 5872.045 Thread 0x0000028e7536bf00 Exception <a 'java/lang/ArrayIndexOutOfBoundsException'{0x00000000d5aeb840}> (0x00000000d5aeb840) 
thrown [s\src\hotspot\share\runtime\sharedRuntime.cpp, line 625]
Event: 5908.554 Thread 0x0000028e7536bf00 Exception <a 'java/lang/ArrayIndexOutOfBoundsException'{0x00000000d57d7f88}> (0x00000000d57d7f88) 
thrown [s\src\hotspot\share\runtime\sharedRuntime.cpp, line 625]
Event: 5908.874 Thread 0x0000028e7536bf00 Exception <a 'java/lang/ArrayIndexOutOfBoundsException'{0x00000000d565bf68}> (0x00000000d565bf68) 
thrown [s\src\hotspot\share\runtime\sharedRuntime.cpp, line 625]

ZGC Phase Switch (0 events):
No events

VM Operations (20 events):
Event: 5934.651 Executing VM operation: ParallelGCFailedAllocation (Allocation Failure) done
Event: 5937.251 Executing VM operation: ParallelGCFailedAllocation (Allocation Failure)
Event: 5937.261 Executing VM operation: ParallelGCFailedAllocation (Allocation Failure) done
Event: 5937.289 Executing VM operation: ParallelGCFailedAllocation (Allocation Failure)
Event: 5937.302 Executing VM operation: ParallelGCFailedAllocation (Allocation Failure) done
Event: 5937.315 Executing VM operation: ParallelGCFailedAllocation (Allocation Failure)
Event: 5937.327 Executing VM operation: ParallelGCFailedAllocation (Allocation Failure) done
Event: 5937.341 Executing VM operation: ParallelGCFailedAllocation (Allocation Failure)
Event: 5937.356 Executing VM operation: ParallelGCFailedAllocation (Allocation Failure) done
Event: 5937.374 Executing VM operation: ParallelGCFailedAllocation (Allocation Failure)
Event: 5937.387 Executing VM operation: ParallelGCFailedAllocation (Allocation Failure) done
Event: 5937.403 Executing VM operation: ParallelGCFailedAllocation (Allocation Failure)
Event: 5937.409 Executing VM operation: ParallelGCFailedAllocation (Allocation Failure) done
Event: 5937.451 Executing VM operation: ParallelGCFailedAllocation (Allocation Failure)
Event: 5937.455 Executing VM operation: ParallelGCFailedAllocation (Allocation Failure) done
Event: 5937.496 Executing VM operation: ParallelGCFailedAllocation (Allocation Failure)
Event: 5937.502 Executing VM operation: ParallelGCFailedAllocation (Allocation Failure) done
Event: 5937.602 Executing VM operation: ParallelGCFailedAllocation (Allocation Failure)
Event: 5937.607 Executing VM operation: ParallelGCFailedAllocation (Allocation Failure) done
Event: 5937.679 Executing VM operation: ParallelGCFailedAllocation (Allocation Failure)

Memory protections (0 events):
No events

Nmethod flushes (20 events):
Event: 5667.139 Thread 0x0000028e14439fb0 flushing  nmethod 0x0000028e1c3cf590
Event: 5667.139 Thread 0x0000028e14439fb0 flushing  nmethod 0x0000028e1c3d1a10
Event: 5667.139 Thread 0x0000028e14439fb0 flushing  nmethod 0x0000028e1c3d5c90
Event: 5667.139 Thread 0x0000028e14439fb0 flushing  nmethod 0x0000028e1c3d6510
Event: 5667.139 Thread 0x0000028e14439fb0 flushing  nmethod 0x0000028e1c3d7010
Event: 5667.139 Thread 0x0000028e14439fb0 flushing  nmethod 0x0000028e1c3d9990
Event: 5667.139 Thread 0x0000028e14439fb0 flushing  nmethod 0x0000028e1c3e1a10
Event: 5667.139 Thread 0x0000028e14439fb0 flushing  nmethod 0x0000028e1c3e3a90
Event: 5667.139 Thread 0x0000028e14439fb0 flushing  nmethod 0x0000028e1c3e7810
Event: 5667.139 Thread 0x0000028e14439fb0 flushing  nmethod 0x0000028e1c3e8410
Event: 5667.139 Thread 0x0000028e14439fb0 flushing  nmethod 0x0000028e1c3e9190
Event: 5667.139 Thread 0x0000028e14439fb0 flushing  nmethod 0x0000028e1c3e9a10
Event: 5667.139 Thread 0x0000028e14439fb0 flushing  nmethod 0x0000028e1c3eaf90
Event: 5667.139 Thread 0x0000028e14439fb0 flushing  nmethod 0x0000028e1c3ec590
Event: 5667.139 Thread 0x0000028e14439fb0 flushing  nmethod 0x0000028e1c3edc90
Event: 5667.139 Thread 0x0000028e14439fb0 flushing  nmethod 0x0000028e1c3f2610
Event: 5667.139 Thread 0x0000028e14439fb0 flushing  nmethod 0x0000028e1c3f6b10
Event: 5667.139 Thread 0x0000028e14439fb0 flushing  nmethod 0x0000028e1c3f8410
Event: 5667.139 Thread 0x0000028e14439fb0 flushing  nmethod 0x0000028e1c3f9290
Event: 5667.139 Thread 0x0000028e14439fb0 flushing  nmethod 0x0000028e1c3f9e90

Events (20 events):
Event: 5797.176 Thread 0x0000028e79a55f70 Thread exited: 0x0000028e79a55f70
Event: 5799.248 Thread 0x0000028e7467ed70 Thread added: 0x0000028e76bd03e0
Event: 5799.403 Thread 0x0000028e2cf3b480 Thread added: 0x0000028e79a55f70
Event: 5800.146 Thread 0x0000028e79a55f70 Thread exited: 0x0000028e79a55f70
Event: 5859.501 Thread 0x0000028e7467c610 Thread exited: 0x0000028e7467c610
Event: 5860.118 Thread 0x0000028e7f3f65e0 Thread exited: 0x0000028e7f3f65e0
Event: 5860.121 Thread 0x0000028e7467bf80 Thread exited: 0x0000028e7467bf80
Event: 5860.907 Thread 0x0000028e7f3f1720 Thread exited: 0x0000028e7f3f1720
Event: 5860.908 Thread 0x0000028e7467ed70 Thread exited: 0x0000028e7467ed70
Event: 5861.074 Thread 0x0000028e2cf3b480 Thread added: 0x0000028e740ca200
Event: 5861.388 Thread 0x0000028e740ca200 Thread exited: 0x0000028e740ca200
Event: 5870.675 Thread 0x0000028e2cf5ae70 Thread added: 0x0000028e740cafa0
Event: 5870.956 Thread 0x0000028e740cafa0 Thread exited: 0x0000028e740cafa0
Event: 5871.504 Thread 0x0000028e7f3f8020 Thread added: 0x0000028e76bd52a0
Event: 5871.632 Thread 0x0000028e74679190 Thread added: 0x0000028e7467ed70
Event: 5871.718 Thread 0x0000028e76bd52a0 Thread added: 0x0000028e7467bf80
Event: 5908.866 Thread 0x0000028e2cf5ae70 Thread added: 0x0000028e775fa270
Event: 5909.278 Thread 0x0000028e775fa270 Thread exited: 0x0000028e775fa270
Event: 5922.368 Thread 0x0000028e2cf3b480 Thread added: 0x0000028e775fa940
Event: 5922.795 Thread 0x0000028e775fa940 Thread exited: 0x0000028e775fa940


Dynamic libraries:
0x00007ff71e8a0000 - 0x00007ff71e8ae000 	c:\Users\CKrishnaveni\.vscode\extensions\redhat.java-1.50.0-win32-x64\jre\21.0.9-win32-x86_64\bin\java.exe
0x00007fff9f680000 - 0x00007fff9f8e8000 	C:\WINDOWS\SYSTEM32\ntdll.dll
0x00007fff9d420000 - 0x00007fff9d4e9000 	C:\WINDOWS\System32\KERNEL32.DLL
0x00007fff9c7d0000 - 0x00007fff9cbc8000 	C:\WINDOWS\System32\KERNELBASE.dll
0x00007fff96260000 - 0x00007fff962ff000 	C:\WINDOWS\SYSTEM32\apphelp.dll
0x00007fff9d030000 - 0x00007fff9d17b000 	C:\WINDOWS\System32\ucrtbase.dll
0x00007fff64c70000 - 0x00007fff64c88000 	c:\Users\CKrishnaveni\.vscode\extensions\redhat.java-1.50.0-win32-x64\jre\21.0.9-win32-x86_64\bin\jli.dll
0x00007fff9e670000 - 0x00007fff9e837000 	C:\WINDOWS\System32\USER32.dll
0x00007fff9d000000 - 0x00007fff9d027000 	C:\WINDOWS\System32\win32u.dll
0x00007fff9e8d0000 - 0x00007fff9e8fb000 	C:\WINDOWS\System32\GDI32.dll
0x00007fff9d2f0000 - 0x00007fff9d41c000 	C:\WINDOWS\System32\gdi32full.dll
0x00007fff9cec0000 - 0x00007fff9cf63000 	C:\WINDOWS\System32\msvcp_win.dll
0x00007fff88db0000 - 0x00007fff89044000 	C:\WINDOWS\WinSxS\amd64_microsoft.windows.common-controls_6595b64144ccf1df_6.0.26100.7019_none_3e06ffa0e335b8a8\COMCTL32.dll
0x00007fff9e910000 - 0x00007fff9e9b9000 	C:\WINDOWS\System32\msvcrt.dll
0x00007fff55b10000 - 0x00007fff55b2e000 	c:\Users\CKrishnaveni\.vscode\extensions\redhat.java-1.50.0-win32-x64\jre\21.0.9-win32-x86_64\bin\VCRUNTIME140.dll
0x00007fff9da60000 - 0x00007fff9da91000 	C:\WINDOWS\System32\IMM32.DLL
0x00007fff8dd40000 - 0x00007fff8dd4c000 	c:\Users\CKrishnaveni\.vscode\extensions\redhat.java-1.50.0-win32-x64\jre\21.0.9-win32-x86_64\bin\vcruntime140_1.dll
0x00007fff53120000 - 0x00007fff531ad000 	c:\Users\CKrishnaveni\.vscode\extensions\redhat.java-1.50.0-win32-x64\jre\21.0.9-win32-x86_64\bin\msvcp140.dll
0x00007fff41ba0000 - 0x00007fff42940000 	c:\Users\CKrishnaveni\.vscode\extensions\redhat.java-1.50.0-win32-x64\jre\21.0.9-win32-x86_64\bin\server\jvm.dll
0x00007fff9df00000 - 0x00007fff9dfb4000 	C:\WINDOWS\System32\ADVAPI32.dll
0x00007fff9e130000 - 0x00007fff9e1d6000 	C:\WINDOWS\System32\sechost.dll
0x00007fff9d840000 - 0x00007fff9d958000 	C:\WINDOWS\System32\RPCRT4.dll
0x00007fff9e9c0000 - 0x00007fff9ea34000 	C:\WINDOWS\System32\WS2_32.dll
0x00007fff9c630000 - 0x00007fff9c68e000 	C:\WINDOWS\SYSTEM32\POWRPROF.dll
0x00007fff8dc90000 - 0x00007fff8dcc5000 	C:\WINDOWS\SYSTEM32\WINMM.dll
0x00007fff8e610000 - 0x00007fff8e61b000 	C:\WINDOWS\SYSTEM32\VERSION.dll
0x00007fff9c610000 - 0x00007fff9c624000 	C:\WINDOWS\SYSTEM32\UMPDC.dll
0x00007fff9b590000 - 0x00007fff9b5ab000 	C:\WINDOWS\SYSTEM32\kernel.appcore.dll
0x00007fff8db50000 - 0x00007fff8db5a000 	c:\Users\CKrishnaveni\.vscode\extensions\redhat.java-1.50.0-win32-x64\jre\21.0.9-win32-x86_64\bin\jimage.dll
0x00007fff97080000 - 0x00007fff972c2000 	C:\WINDOWS\SYSTEM32\DBGHELP.DLL
0x00007fff9f2b0000 - 0x00007fff9f63b000 	C:\WINDOWS\System32\combase.dll
0x00007fff9dc80000 - 0x00007fff9dd57000 	C:\WINDOWS\System32\OLEAUT32.dll
0x00007fff93530000 - 0x00007fff9356c000 	C:\WINDOWS\SYSTEM32\dbgcore.DLL
0x00007fff9d180000 - 0x00007fff9d225000 	C:\WINDOWS\System32\bcryptPrimitives.dll
0x00007fff8a210000 - 0x00007fff8a21f000 	c:\Users\CKrishnaveni\.vscode\extensions\redhat.java-1.50.0-win32-x64\jre\21.0.9-win32-x86_64\bin\instrument.dll
0x00007fff53100000 - 0x00007fff53120000 	c:\Users\CKrishnaveni\.vscode\extensions\redhat.java-1.50.0-win32-x64\jre\21.0.9-win32-x86_64\bin\java.dll
0x00007fff9ea40000 - 0x00007fff9f18f000 	C:\WINDOWS\System32\SHELL32.dll
0x00007fff9cbd0000 - 0x00007fff9cd3b000 	C:\WINDOWS\System32\wintypes.dll
0x00007fff9a410000 - 0x00007fff9ac6d000 	C:\WINDOWS\SYSTEM32\windows.storage.dll
0x00007fff9d670000 - 0x00007fff9d762000 	C:\WINDOWS\System32\SHCORE.dll
0x00007fff9d770000 - 0x00007fff9d7d7000 	C:\WINDOWS\System32\shlwapi.dll
0x00007fff9c6f0000 - 0x00007fff9c719000 	C:\WINDOWS\SYSTEM32\profapi.dll
0x00007fff528b0000 - 0x00007fff528c8000 	c:\Users\CKrishnaveni\.vscode\extensions\redhat.java-1.50.0-win32-x64\jre\21.0.9-win32-x86_64\bin\zip.dll
0x00007fff8a1e0000 - 0x00007fff8a1f0000 	C:\Users\CKrishnaveni\.vscode\extensions\redhat.java-1.50.0-win32-x64\jre\21.0.9-win32-x86_64\bin\net.dll
0x00007fff93280000 - 0x00007fff933a8000 	C:\WINDOWS\SYSTEM32\WINHTTP.dll
0x00007fff9bb00000 - 0x00007fff9bb6b000 	C:\WINDOWS\system32\mswsock.dll
0x00007fff52890000 - 0x00007fff528a6000 	C:\Users\CKrishnaveni\.vscode\extensions\redhat.java-1.50.0-win32-x64\jre\21.0.9-win32-x86_64\bin\nio.dll
0x00007fff89d70000 - 0x00007fff89d80000 	c:\Users\CKrishnaveni\.vscode\extensions\redhat.java-1.50.0-win32-x64\jre\21.0.9-win32-x86_64\bin\verify.dll
0x00007fff52800000 - 0x00007fff52844000 	C:\Users\CKrishnaveni\AppData\Roaming\Code\User\globalStorage\redhat.java\1.50.0\config_win\org.eclipse.equinox.launcher\org.eclipse.equinox.launcher.win32.win32.x86_64_1.2.1400.v20250801-0854\eclipse_11916.dll
0x00007fff9dd60000 - 0x00007fff9def7000 	C:\WINDOWS\System32\ole32.dll
0x00007fff9bdc0000 - 0x00007fff9bddb000 	C:\WINDOWS\SYSTEM32\CRYPTSP.dll
0x00007fff9b4f0000 - 0x00007fff9b52a000 	C:\WINDOWS\system32\rsaenh.dll
0x00007fff9bbb0000 - 0x00007fff9bbdb000 	C:\WINDOWS\SYSTEM32\USERENV.dll
0x00007fff9c6c0000 - 0x00007fff9c6ea000 	C:\WINDOWS\SYSTEM32\bcrypt.dll
0x00007fff9bde0000 - 0x00007fff9bdec000 	C:\WINDOWS\SYSTEM32\CRYPTBASE.dll
0x00007fff9afa0000 - 0x00007fff9afd4000 	C:\WINDOWS\SYSTEM32\IPHLPAPI.DLL
0x00007fff9f1a0000 - 0x00007fff9f1aa000 	C:\WINDOWS\System32\NSI.dll
0x00007fff771d0000 - 0x00007fff77219000 	C:\Users\CKrishnaveni\AppData\Local\Temp\jna-607580433\jna10757860108830410535.dll
0x00007fff9f1b0000 - 0x00007fff9f1b8000 	C:\WINDOWS\System32\PSAPI.DLL
0x00007fff939c0000 - 0x00007fff939de000 	C:\WINDOWS\SYSTEM32\dhcpcsvc6.DLL
0x00007fff93920000 - 0x00007fff93943000 	C:\WINDOWS\SYSTEM32\dhcpcsvc.DLL
0x00007fff9b6b0000 - 0x00007fff9b6e6000 	C:\WINDOWS\SYSTEM32\ntmarta.dll
0x00007fff846c0000 - 0x00007fff846c9000 	C:\Users\CKrishnaveni\.vscode\extensions\redhat.java-1.50.0-win32-x64\jre\21.0.9-win32-x86_64\bin\extnet.dll

JVMTI agents:
c:\Users\CKrishnaveni\.vscode\extensions\redhat.java-1.50.0-win32-x64\lombok\lombok-1.18.39-4050.jar path:c:\Users\CKrishnaveni\.vscode\extensions\redhat.java-1.50.0-win32-x64\jre\21.0.9-win32-x86_64\bin\instrument.dll, loaded, initialized, instrumentlib options:none

dbghelp: loaded successfully - version: 4.0.5 - missing functions: none
symbol engine: initialized successfully - sym options: 0x614 - pdb path: .;c:\Users\CKrishnaveni\.vscode\extensions\redhat.java-1.50.0-win32-x64\jre\21.0.9-win32-x86_64\bin;C:\WINDOWS\SYSTEM32;C:\WINDOWS\WinSxS\amd64_microsoft.windows.common-controls_6595b64144ccf1df_6.0.26100.7019_none_3e06ffa0e335b8a8;c:\Users\CKrishnaveni\.vscode\extensions\redhat.java-1.50.0-win32-x64\jre\21.0.9-win32-x86_64\bin\server;C:\Users\CKrishnaveni\AppData\Roaming\Code\User\globalStorage\redhat.java\1.50.0\config_win\org.eclipse.equinox.launcher\org.eclipse.equinox.launcher.win32.win32.x86_64_1.2.1400.v20250801-0854;C:\Users\CKrishnaveni\AppData\Local\Temp\jna-607580433

VM Arguments:
jvm_args: --add-modules=ALL-SYSTEM --add-opens=java.base/java.util=ALL-UNNAMED --add-opens=java.base/java.lang=ALL-UNNAMED --add-opens=java.base/sun.nio.fs=ALL-UNNAMED -Declipse.application=org.eclipse.jdt.ls.core.id1 -Dosgi.bundles.defaultStartLevel=4 -Declipse.product=org.eclipse.jdt.ls.core.product -Djava.import.generatesMetadataFilesAtProjectRoot=false -DDetectVMInstallationsJob.disabled=true -Dfile.encoding=utf8 -XX:+UseParallelGC -XX:GCTimeRatio=4 -XX:AdaptiveSizePolicyWeight=90 -Dsun.zip.disableMemoryMapping=true -Xmx2G -Xms100m -Xlog:disable -javaagent:c:\Users\CKrishnaveni\.vscode\extensions\redhat.java-1.50.0-win32-x64\lombok\lombok-1.18.39-4050.jar -XX:+HeapDumpOnOutOfMemoryError -XX:HeapDumpPath=c:\Users\CKrishnaveni\AppData\Roaming\Code\User\workspaceStorage\8da4b876a1ee6f9d737607020ada69f5\redhat.java -Daether.dependencyCollector.impl=bf 
java_command: c:\Users\CKrishnaveni\.vscode\extensions\redhat.java-1.50.0-win32-x64\server\plugins\org.eclipse.equinox.launcher_1.7.100.v20251111-0406.jar -configuration c:\Users\CKrishnaveni\AppData\Roaming\Code\User\globalStorage\redhat.java\1.50.0\config_win -data c:\Users\CKrishnaveni\AppData\Roaming\Code\User\workspaceStorage\8da4b876a1ee6f9d737607020ada69f5\redhat.java\jdt_ws --pipe=\\.\pipe\lsp-e5548d5d606559379f3d9b46d9fa37c1-sock
java_class_path (initial): c:\Users\CKrishnaveni\.vscode\extensions\redhat.java-1.50.0-win32-x64\server\plugins\org.eclipse.equinox.launcher_1.7.100.v20251111-0406.jar
Launcher Type: SUN_STANDARD

[Global flags]
    uintx AdaptiveSizePolicyWeight                 = 90                                        {product} {command line}
     intx CICompilerCount                          = 4                                         {product} {ergonomic}
    uintx GCTimeRatio                              = 4                                         {product} {command line}
     bool HeapDumpOnOutOfMemoryError               = true                                   {manageable} {command line}
    ccstr HeapDumpPath                             = c:\Users\CKrishnaveni\AppData\Roaming\Code\User\workspaceStorage\8da4b876a1ee6f9d737607020ada69f5\redhat.java         {manageable} {command line}
   size_t InitialHeapSize                          = 104857600                                 {product} {command line}
   size_t MaxHeapSize                              = 2147483648                                {product} {command line}
   size_t MaxNewSize                               = 715653120                                 {product} {ergonomic}
   size_t MinHeapDeltaBytes                        = 524288                                    {product} {ergonomic}
   size_t MinHeapSize                              = 104857600                                 {product} {command line}
   size_t NewSize                                  = 34603008                                  {product} {ergonomic}
    uintx NonNMethodCodeHeapSize                   = 5839372                                {pd product} {ergonomic}
    uintx NonProfiledCodeHeapSize                  = 122909434                              {pd product} {ergonomic}
   size_t OldSize                                  = 70254592                                  {product} {ergonomic}
    uintx ProfiledCodeHeapSize                     = 122909434                              {pd product} {ergonomic}
    uintx ReservedCodeCacheSize                    = 251658240                              {pd product} {ergonomic}
     bool SegmentedCodeCache                       = true                                      {product} {ergonomic}
   size_t SoftMaxHeapSize                          = 2147483648                             {manageable} {ergonomic}
     bool UseCompressedOops                        = true                           {product lp64_product} {ergonomic}
     bool UseLargePagesIndividualAllocation        = false                                  {pd product} {ergonomic}
     bool UseParallelGC                            = true                                      {product} {command line}

Logging:
Log output configuration:
 #0: stdout all=off uptime,level,tags foldmultilines=false
 #1: stderr all=off uptime,level,tags foldmultilines=false

Release file:
JAVA_VERSION="21.0.9" 
MODULES="java.base java.compiler java.datatransfer java.xml java.prefs java.desktop java.instrument java.logging java.management java.security.sasl java.naming java.rmi java.management.rmi java.net.http java.scripting java.security.jgss java.transaction.xa java.sql java.sql.rowset java.xml.crypto java.se java.smartcardio jdk.accessibility jdk.internal.jvmstat jdk.attach jdk.charsets jdk.internal.opt jdk.zipfs jdk.compiler jdk.crypto.ec jdk.crypto.cryptoki jdk.crypto.mscapi jdk.dynalink jdk.internal.ed jdk.editpad jdk.hotspot.agent jdk.httpserver jdk.internal.le jdk.internal.vm.ci jdk.internal.vm.compiler jdk.internal.vm.compiler.management jdk.jartool jdk.javadoc jdk.jcmd jdk.management jdk.management.agent jdk.jconsole jdk.jdeps jdk.jdwp.agent jdk.jdi jdk.jfr jdk.jshell jdk.jsobject jdk.jstatd jdk.localedata jdk.management.jfr jdk.naming.dns jdk.naming.rmi jdk.net jdk.nio.mapmode jdk.random jdk.sctp jdk.security.auth jdk.security.jgss jdk.unsupported jdk.unsupported.desktop jdk.xml.dom" 

Environment Variables:
JAVA_HOME=C:\Program Files\Java\jdk-21
PATH=C:\Program Files\Java\jdk-21\bin;C:\Users\CKrishnaveni\Downloads\apache-maven-3.9.9-bin\apache-maven-3.9.9\bin;C:\Program Files\nodejs;C:\Program Files\cursor\resources\app\bin;C:\Users\CKrishnaveni\AppData\Local\Microsoft\WindowsApps;C:\Users\CKrishnaveni\AppData\Local\Programs\cursor\resources\app\bin;C:\Users\CKrishnaveni\AppData\Roaming\npm;C:\Users\CKrishnaveni\AppData\Local\Programs\Git\cmd;C:\Users\CKrishnaveni\AppData\Local\Programs\Microsoft VS Code\bin
USERNAME=CKrishnaveni
OS=Windows_NT
PROCESSOR_IDENTIFIER=Intel64 Family 6 Model 142 Stepping 12, GenuineIntel
TMP=C:\Users\CKRISH~1\AppData\Local\Temp
TEMP=C:\Users\CKRISH~1\AppData\Local\Temp




Periodic native trim disabled

---------------  S Y S T E M  ---------------

OS:
 Windows 11 , 64 bit Build 26100 (10.0.26100.7019)
OS uptime: 15 days 5:03 hours

CPU: total 8 (initial active 8) (4 cores per cpu, 2 threads per core) family 6 model 142 stepping 12 microcode 0xfe, cx8, cmov, fxsr, ht, mmx, 3dnowpref, sse, sse2, sse3, ssse3, sse4.1, sse4.2, popcnt, lzcnt, tsc, tscinvbit, avx, avx2, aes, erms, clmul, bmi1, bmi2, adx, fma, vzeroupper, clflush, clflushopt, rdtscp, f16c
Processor Information for processor 0
  Max Mhz: 2112, Current Mhz: 1508, Mhz Limit: 1900
Processor Information for processor 1
  Max Mhz: 2112, Current Mhz: 1910, Mhz Limit: 1900
Processor Information for processor 2
  Max Mhz: 2112, Current Mhz: 1910, Mhz Limit: 1900
Processor Information for processor 3
  Max Mhz: 2112, Current Mhz: 1508, Mhz Limit: 1900
Processor Information for processor 4
  Max Mhz: 2112, Current Mhz: 1508, Mhz Limit: 1900
Processor Information for processor 5
  Max Mhz: 2112, Current Mhz: 1508, Mhz Limit: 1900
Processor Information for processor 6
  Max Mhz: 2112, Current Mhz: 1508, Mhz Limit: 1900
Processor Information for processor 7
  Max Mhz: 2112, Current Mhz: 1508, Mhz Limit: 1900

Memory: 4k page, system-wide physical 8006M (441M free)
TotalPageFile size 23136M (AvailPageFile size 143M)
current process WorkingSet (physical memory assigned to process): 533M, peak: 959M
current process commit charge ("private bytes"): 1562M, peak: 1563M

vm_info: OpenJDK 64-Bit Server VM (21.0.9+10-LTS) for windows-amd64 JRE (21.0.9+10-LTS), built on 2025-10-21T00:00:00Z by "admin" with unknown MS VC++:1942

END.
