#
# There is insufficient memory for the Java Runtime Environment to continue.
# Native memory allocation (malloc) failed to allocate 2514896 bytes for Chunk::new
# Possible reasons:
#   The system is out of physical RAM or swap space
#   The process is running with CompressedOops enabled, and the Java Heap may be blocking the growth of the native heap
# Possible solutions:
#   Reduce memory load on the system
#   Increase physical memory or swap space
#   Check if swap backing store is full
#   Decrease Java heap size (-Xmx/-Xms)
#   Decrease number of Java threads
#   Decrease Java thread stack sizes (-Xss)
#   Set larger code cache with -XX:ReservedCodeCacheSize=
#   JVM is running with Zero Based Compressed Oops mode in which the Java heap is
#     placed in the first 32GB address space. The Java Heap base address is the
#     maximum limit for the native heap growth. Please use -XX:HeapBaseMinAddress
#     to set the Java Heap base and to place the Java Heap above 32GB virtual address.
# This output file may be truncated or incomplete.
#
#  Out of Memory Error (arena.cpp:168), pid=3264, tid=16568
#
# JRE version: Java(TM) SE Runtime Environment (21.0.7+8) (build 21.0.7+8-LTS-245)
# Java VM: Java HotSpot(TM) 64-Bit Server VM (21.0.7+8-LTS-245, mixed mode, sharing, tiered, compressed oops, compressed class ptrs, g1 gc, windows-amd64)
# No core dump will be written. Minidumps are not enabled by default on client versions of Windows
#

---------------  S U M M A R Y ------------

Command Line: -XX:+ShowCodeDetailsInExceptionMessages com.brihathi.Multi_Tenant.MultiTenantApplication

Host: Intel(R) Core(TM) i7-8665U CPU @ 1.90GHz, 8 cores, 15G,  Windows 11 , 64 bit Build 26100 (10.0.26100.7920)
Time: Tue Mar 31 12:00:05 2026 India Standard Time elapsed time: 561.677647 seconds (0d 0h 9m 21s)

---------------  T H R E A D  ---------------

Current thread (0x0000018307376460):  JavaThread "C2 CompilerThread0" daemon [_thread_in_native, id=16568, stack(0x0000007eca100000,0x0000007eca200000) (1024K)]


Current CompileTask:
C2: 561677 18013       4       org.hibernate.sql.results.jdbc.internal.JdbcValuesResultSetImpl::<init> (272 bytes)

Stack: [0x0000007eca100000,0x0000007eca200000]
Native frames: (J=compiled Java code, j=interpreted, Vv=VM code, C=native code)
V  [jvm.dll+0x6cae19]
V  [jvm.dll+0x855741]
V  [jvm.dll+0x857c6e]
V  [jvm.dll+0x858343]
V  [jvm.dll+0x27e0b6]
V  [jvm.dll+0xc4ecd]
V  [jvm.dll+0xc5403]
V  [jvm.dll+0x3b5752]
V  [jvm.dll+0x1dfa19]
V  [jvm.dll+0x246c82]
V  [jvm.dll+0x24610f]
V  [jvm.dll+0x1c6efe]
V  [jvm.dll+0x255819]
V  [jvm.dll+0x253daa]
V  [jvm.dll+0x3eebb6]
V  [jvm.dll+0x7ffa1b]
V  [jvm.dll+0x6c94fd]
C  [ucrtbase.dll+0x37b0]
C  [KERNEL32.DLL+0x2e8d7]
C  [ntdll.dll+0x8c48c]


---------------  P R O C E S S  ---------------

Threads class SMR info:
_java_thread_list=0x000001834e9cf390, length=77, elements={
0x0000018307365820, 0x000001830736a290, 0x000001830736cf50, 0x000001830736fae0,
0x0000018307370790, 0x0000018307371590, 0x0000018307376460, 0x0000018307376ef0,
0x000001830756fa90, 0x000001830757e300, 0x000001834de565d0, 0x000001834de537e0,
0x0000018351a26b10, 0x0000018351a27ec0, 0x0000018351a28550, 0x0000018351a27830,
0x0000018351a2c060, 0x0000018351a29f90, 0x0000018351a29270, 0x0000018351a2cd80,
0x0000018351a2d410, 0x0000018351a2a620, 0x000001834de53150, 0x000001834de54b90,
0x000001834d1db4e0, 0x000001834d1d9410, 0x000001834d1da130, 0x000001834d1d9aa0,
0x000001834d1da7c0, 0x000001834d1d8d80, 0x000001834d1dae50, 0x000001834d1d86f0,
0x000001834e95e4b0, 0x000001834e95ca70, 0x000001834e95b6c0, 0x000001834e95bd50,
0x000001834e95c3e0, 0x000001834e95f860, 0x000001834e95eb40, 0x000001834e95de20,
0x000001834e95d790, 0x000001834e95f1d0, 0x000001834e95fef0, 0x000001834e960580,
0x000001834e95d100, 0x000001834e960c10, 0x000001834e9612a0, 0x000001834e961930,
0x000001834e961fc0, 0x000001834e962650, 0x000001834e962ce0, 0x0000018307c8f190,
0x0000018307c8e470, 0x0000018307c8bd10, 0x0000018307c8f820, 0x0000018307c8d750,
0x0000018307c8eb00, 0x0000018307c8c3a0, 0x0000018307c8feb0, 0x0000018307c8ca30,
0x0000018307c90540, 0x0000018307c8d0c0, 0x0000018307c90bd0, 0x0000018307c8dde0,
0x0000018358053ad0, 0x00000183580547f0, 0x0000018358054e80, 0x0000018358055ba0,
0x0000018358052720, 0x0000018358056230, 0x0000018358052db0, 0x0000018358056f50,
0x00000183580575e0, 0x0000018358054160, 0x00000183580596b0, 0x0000018358057c70,
0x0000018358059020
}

Java Threads: ( => current thread )
  0x0000018307365820 JavaThread "Reference Handler"          daemon [_thread_blocked, id=9304, stack(0x0000007ec9b00000,0x0000007ec9c00000) (1024K)]
  0x000001830736a290 JavaThread "Finalizer"                  daemon [_thread_blocked, id=17424, stack(0x0000007ec9c00000,0x0000007ec9d00000) (1024K)]
  0x000001830736cf50 JavaThread "Signal Dispatcher"          daemon [_thread_blocked, id=15112, stack(0x0000007ec9d00000,0x0000007ec9e00000) (1024K)]
  0x000001830736fae0 JavaThread "Attach Listener"            daemon [_thread_blocked, id=26072, stack(0x0000007ec9e00000,0x0000007ec9f00000) (1024K)]
  0x0000018307370790 JavaThread "Service Thread"             daemon [_thread_blocked, id=27528, stack(0x0000007ec9f00000,0x0000007eca000000) (1024K)]
  0x0000018307371590 JavaThread "Monitor Deflation Thread"   daemon [_thread_blocked, id=6928, stack(0x0000007eca000000,0x0000007eca100000) (1024K)]
=>0x0000018307376460 JavaThread "C2 CompilerThread0"         daemon [_thread_in_native, id=16568, stack(0x0000007eca100000,0x0000007eca200000) (1024K)]
  0x0000018307376ef0 JavaThread "C1 CompilerThread0"         daemon [_thread_blocked, id=20020, stack(0x0000007eca200000,0x0000007eca300000) (1024K)]
  0x000001830756fa90 JavaThread "Notification Thread"        daemon [_thread_blocked, id=17828, stack(0x0000007eca300000,0x0000007eca400000) (1024K)]
  0x000001830757e300 JavaThread "Common-Cleaner"             daemon [_thread_blocked, id=22284, stack(0x0000007eca400000,0x0000007eca500000) (1024K)]
  0x000001834de565d0 JavaThread "PostgreSQL-JDBC-Cleaner"    daemon [_thread_blocked, id=19120, stack(0x0000007ecb000000,0x0000007ecb100000) (1024K)]
  0x000001834de537e0 JavaThread "HikariPool-1 housekeeper"   daemon [_thread_blocked, id=2420, stack(0x0000007ecb100000,0x0000007ecb200000) (1024K)]
  0x0000018351a26b10 JavaThread "Catalina-utility-1"                [_thread_blocked, id=11244, stack(0x0000007ecb300000,0x0000007ecb400000) (1024K)]
  0x0000018351a27ec0 JavaThread "Catalina-utility-2"                [_thread_blocked, id=28576, stack(0x0000007ecb400000,0x0000007ecb500000) (1024K)]
  0x0000018351a28550 JavaThread "container-0"                       [_thread_blocked, id=8228, stack(0x0000007ecb500000,0x0000007ecb600000) (1024K)]
  0x0000018351a27830 JavaThread "lettuce-timer-3-1"          daemon [_thread_blocked, id=8504, stack(0x0000007ecb200000,0x0000007ecb300000) (1024K)]
  0x0000018351a2c060 JavaThread "lettuce-timer-5-1"          daemon [_thread_blocked, id=21936, stack(0x0000007ecb600000,0x0000007ecb700000) (1024K)]
  0x0000018351a29f90 JavaThread "MessageBroker-1"                   [_thread_blocked, id=17028, stack(0x0000007ecb700000,0x0000007ecb800000) (1024K)]
  0x0000018351a29270 JavaThread "http-nio-0.0.0.0-8080-exec-1" daemon [_thread_blocked, id=27888, stack(0x0000007ecb800000,0x0000007ecb900000) (1024K)]
  0x0000018351a2cd80 JavaThread "http-nio-0.0.0.0-8080-exec-2" daemon [_thread_blocked, id=7416, stack(0x0000007ecb900000,0x0000007ecba00000) (1024K)]
  0x0000018351a2d410 JavaThread "http-nio-0.0.0.0-8080-exec-3" daemon [_thread_blocked, id=11572, stack(0x0000007ecba00000,0x0000007ecbb00000) (1024K)]
  0x0000018351a2a620 JavaThread "http-nio-0.0.0.0-8080-exec-4" daemon [_thread_blocked, id=25652, stack(0x0000007ecbb00000,0x0000007ecbc00000) (1024K)]
  0x000001834de53150 JavaThread "http-nio-0.0.0.0-8080-exec-5" daemon [_thread_blocked, id=28180, stack(0x0000007ecbc00000,0x0000007ecbd00000) (1024K)]
  0x000001834de54b90 JavaThread "http-nio-0.0.0.0-8080-exec-6" daemon [_thread_blocked, id=27892, stack(0x0000007ecbd00000,0x0000007ecbe00000) (1024K)]
  0x000001834d1db4e0 JavaThread "http-nio-0.0.0.0-8080-exec-7" daemon [_thread_blocked, id=436, stack(0x0000007ecbe00000,0x0000007ecbf00000) (1024K)]
  0x000001834d1d9410 JavaThread "http-nio-0.0.0.0-8080-exec-8" daemon [_thread_blocked, id=8892, stack(0x0000007ecbf00000,0x0000007ecc000000) (1024K)]
  0x000001834d1da130 JavaThread "http-nio-0.0.0.0-8080-exec-9" daemon [_thread_blocked, id=15236, stack(0x0000007ecc000000,0x0000007ecc100000) (1024K)]
  0x000001834d1d9aa0 JavaThread "http-nio-0.0.0.0-8080-exec-10" daemon [_thread_blocked, id=13776, stack(0x0000007ecc100000,0x0000007ecc200000) (1024K)]
  0x000001834d1da7c0 JavaThread "http-nio-0.0.0.0-8080-Poller" daemon [_thread_in_native, id=26532, stack(0x0000007ecad00000,0x0000007ecae00000) (1024K)]
  0x000001834d1d8d80 JavaThread "http-nio-0.0.0.0-8080-Acceptor" daemon [_thread_in_native, id=21760, stack(0x0000007ecc200000,0x0000007ecc300000) (1024K)]
  0x000001834d1dae50 JavaThread "AMQP Connection 127.0.0.1:5672"        [_thread_in_native, id=7108, stack(0x0000007ecc300000,0x0000007ecc400000) (1024K)]
  0x000001834d1d86f0 JavaThread "pool-3-thread-2"                   [_thread_blocked, id=12024, stack(0x0000007ecc400000,0x0000007ecc500000) (1024K)]
  0x000001834e95e4b0 JavaThread "org.springframework.amqp.rabbit.RabbitListenerEndpointContainer#12-1"        [_thread_blocked, id=15576, stack(0x0000007ecc500000,0x0000007ecc600000) (1024K)]
  0x000001834e95ca70 JavaThread "pool-3-thread-3"                   [_thread_blocked, id=18520, stack(0x0000007ecc600000,0x0000007ecc700000) (1024K)]
  0x000001834e95b6c0 JavaThread "org.springframework.amqp.rabbit.RabbitListenerEndpointContainer#13-1"        [_thread_blocked, id=13748, stack(0x0000007ecc700000,0x0000007ecc800000) (1024K)]
  0x000001834e95bd50 JavaThread "pool-3-thread-4"                   [_thread_blocked, id=24868, stack(0x0000007ecc800000,0x0000007ecc900000) (1024K)]
  0x000001834e95c3e0 JavaThread "org.springframework.amqp.rabbit.RabbitListenerEndpointContainer#10-1"        [_thread_blocked, id=22496, stack(0x0000007ecc900000,0x0000007ecca00000) (1024K)]
  0x000001834e95f860 JavaThread "pool-3-thread-5"                   [_thread_blocked, id=22308, stack(0x0000007ecca00000,0x0000007eccb00000) (1024K)]
  0x000001834e95eb40 JavaThread "org.springframework.amqp.rabbit.RabbitListenerEndpointContainer#11-1"        [_thread_blocked, id=15304, stack(0x0000007eccb00000,0x0000007eccc00000) (1024K)]
  0x000001834e95de20 JavaThread "pool-3-thread-6"                   [_thread_blocked, id=8984, stack(0x0000007eccc00000,0x0000007eccd00000) (1024K)]
  0x000001834e95d790 JavaThread "org.springframework.amqp.rabbit.RabbitListenerEndpointContainer#0-1"        [_thread_blocked, id=9252, stack(0x0000007eccd00000,0x0000007ecce00000) (1024K)]
  0x000001834e95f1d0 JavaThread "pool-3-thread-7"                   [_thread_blocked, id=25608, stack(0x0000007ecce00000,0x0000007eccf00000) (1024K)]
  0x000001834e95fef0 JavaThread "org.springframework.amqp.rabbit.RabbitListenerEndpointContainer#1-1"        [_thread_blocked, id=3248, stack(0x0000007eccf00000,0x0000007ecd000000) (1024K)]
  0x000001834e960580 JavaThread "pool-3-thread-8"                   [_thread_blocked, id=8204, stack(0x0000007ecd000000,0x0000007ecd100000) (1024K)]
  0x000001834e95d100 JavaThread "org.springframework.amqp.rabbit.RabbitListenerEndpointContainer#2-1"        [_thread_blocked, id=13624, stack(0x0000007ecd100000,0x0000007ecd200000) (1024K)]
  0x000001834e960c10 JavaThread "pool-3-thread-9"                   [_thread_blocked, id=24260, stack(0x0000007ecd200000,0x0000007ecd300000) (1024K)]
  0x000001834e9612a0 JavaThread "org.springframework.amqp.rabbit.RabbitListenerEndpointContainer#3-1"        [_thread_blocked, id=25500, stack(0x0000007ecd300000,0x0000007ecd400000) (1024K)]
  0x000001834e961930 JavaThread "pool-3-thread-10"                  [_thread_blocked, id=9748, stack(0x0000007ecd400000,0x0000007ecd500000) (1024K)]
  0x000001834e961fc0 JavaThread "org.springframework.amqp.rabbit.RabbitListenerEndpointContainer#4-1"        [_thread_blocked, id=13144, stack(0x0000007ecd500000,0x0000007ecd600000) (1024K)]
  0x000001834e962650 JavaThread "org.springframework.amqp.rabbit.RabbitListenerEndpointContainer#5-1"        [_thread_blocked, id=13716, stack(0x0000007ecd600000,0x0000007ecd700000) (1024K)]
  0x000001834e962ce0 JavaThread "org.springframework.amqp.rabbit.RabbitListenerEndpointContainer#6-1"        [_thread_blocked, id=21816, stack(0x0000007ecd700000,0x0000007ecd800000) (1024K)]
  0x0000018307c8f190 JavaThread "org.springframework.amqp.rabbit.RabbitListenerEndpointContainer#7-1"        [_thread_blocked, id=13488, stack(0x0000007ecd800000,0x0000007ecd900000) (1024K)]
  0x0000018307c8e470 JavaThread "org.springframework.amqp.rabbit.RabbitListenerEndpointContainer#8-1"        [_thread_blocked, id=2608, stack(0x0000007ecd900000,0x0000007ecda00000) (1024K)]
  0x0000018307c8bd10 JavaThread "org.springframework.amqp.rabbit.RabbitListenerEndpointContainer#9-1"        [_thread_blocked, id=25516, stack(0x0000007ecda00000,0x0000007ecdb00000) (1024K)]
  0x0000018307c8f820 JavaThread "org.springframework.amqp.rabbit.RabbitListenerEndpointContainer#14-1"        [_thread_blocked, id=3532, stack(0x0000007ecdb00000,0x0000007ecdc00000) (1024K)]
  0x0000018307c8d750 JavaThread "org.springframework.amqp.rabbit.RabbitListenerEndpointContainer#15-1"        [_thread_blocked, id=15752, stack(0x0000007ecdc00000,0x0000007ecdd00000) (1024K)]
  0x0000018307c8eb00 JavaThread "MessageBroker-2"                   [_thread_blocked, id=27396, stack(0x0000007ecdd00000,0x0000007ecde00000) (1024K)]
  0x0000018307c8c3a0 JavaThread "MessageBroker-3"                   [_thread_blocked, id=28136, stack(0x0000007ecde00000,0x0000007ecdf00000) (1024K)]
  0x0000018307c8feb0 JavaThread "MessageBroker-4"                   [_thread_blocked, id=18020, stack(0x0000007ecdf00000,0x0000007ece000000) (1024K)]
  0x0000018307c8ca30 JavaThread "MessageBroker-5"                   [_thread_blocked, id=8836, stack(0x0000007ece000000,0x0000007ece100000) (1024K)]
  0x0000018307c90540 JavaThread "MessageBroker-6"                   [_thread_blocked, id=1444, stack(0x0000007ece100000,0x0000007ece200000) (1024K)]
  0x0000018307c8d0c0 JavaThread "MessageBroker-7"                   [_thread_blocked, id=16988, stack(0x0000007ece200000,0x0000007ece300000) (1024K)]
  0x0000018307c90bd0 JavaThread "MessageBroker-8"                   [_thread_blocked, id=6760, stack(0x0000007ece300000,0x0000007ece400000) (1024K)]
  0x0000018307c8dde0 JavaThread "DestroyJavaVM"                     [_thread_blocked, id=6564, stack(0x0000007ec9300000,0x0000007ec9400000) (1024K)]
  0x0000018358053ad0 JavaThread "clientInboundChannel-39"           [_thread_blocked, id=23044, stack(0x0000007ec9000000,0x0000007ec9100000) (1024K)]
  0x00000183580547f0 JavaThread "clientInboundChannel-40"           [_thread_blocked, id=9528, stack(0x0000007ec9100000,0x0000007ec9200000) (1024K)]
  0x0000018358054e80 JavaThread "clientInboundChannel-41"           [_thread_blocked, id=20016, stack(0x0000007ec9200000,0x0000007ec9300000) (1024K)]
  0x0000018358055ba0 JavaThread "clientOutboundChannel-11"          [_thread_blocked, id=8460, stack(0x0000007eca500000,0x0000007eca600000) (1024K)]
  0x0000018358052720 JavaThread "WebSocket background processing" daemon [_thread_blocked, id=9364, stack(0x0000007ecab00000,0x0000007ecac00000) (1024K)]
  0x0000018358056230 JavaThread "clientInboundChannel-42"           [_thread_blocked, id=22668, stack(0x0000007ece400000,0x0000007ece500000) (1024K)]
  0x0000018358052db0 JavaThread "clientInboundChannel-43"           [_thread_blocked, id=7668, stack(0x0000007ece500000,0x0000007ece600000) (1024K)]
  0x0000018358056f50 JavaThread "clientInboundChannel-44"           [_thread_blocked, id=23096, stack(0x0000007ece600000,0x0000007ece700000) (1024K)]
  0x00000183580575e0 JavaThread "clientOutboundChannel-12"          [_thread_blocked, id=9608, stack(0x0000007ece700000,0x0000007ece800000) (1024K)]
  0x0000018358054160 JavaThread "clientInboundChannel-45"           [_thread_blocked, id=7100, stack(0x0000007ece800000,0x0000007ece900000) (1024K)]
  0x00000183580596b0 JavaThread "clientInboundChannel-46"           [_thread_blocked, id=10024, stack(0x0000007ece900000,0x0000007ecea00000) (1024K)]
  0x0000018358057c70 JavaThread "clientInboundChannel-47"           [_thread_blocked, id=10840, stack(0x0000007ecea00000,0x0000007eceb00000) (1024K)]
  0x0000018358059020 JavaThread "lettuce-nioEventLoop-6-1"   daemon [_thread_in_native, id=20488, stack(0x0000007ecec00000,0x0000007eced00000) (1024K)]
Total: 77

Other Threads:
  0x0000018307127c90 VMThread "VM Thread"                           [id=16016, stack(0x0000007ec9a00000,0x0000007ec9b00000) (1024K)]
  0x0000018307114e50 WatcherThread "VM Periodic Task Thread"        [id=3980, stack(0x0000007ec9900000,0x0000007ec9a00000) (1024K)]
  0x00000183680cdc60 WorkerThread "GC Thread#0"                     [id=6068, stack(0x0000007ec9400000,0x0000007ec9500000) (1024K)]
  0x000001834d2544c0 WorkerThread "GC Thread#1"                     [id=13732, stack(0x0000007eca600000,0x0000007eca700000) (1024K)]
  0x000001834d2671d0 WorkerThread "GC Thread#2"                     [id=4920, stack(0x0000007eca700000,0x0000007eca800000) (1024K)]
  0x000001834d267570 WorkerThread "GC Thread#3"                     [id=22744, stack(0x0000007eca800000,0x0000007eca900000) (1024K)]
  0x000001834d267910 WorkerThread "GC Thread#4"                     [id=1216, stack(0x0000007eca900000,0x0000007ecaa00000) (1024K)]
  0x000001834d316fc0 WorkerThread "GC Thread#5"                     [id=22988, stack(0x0000007ecaa00000,0x0000007ecab00000) (1024K)]
  0x000001834d960900 WorkerThread "GC Thread#6"                     [id=4492, stack(0x0000007ecac00000,0x0000007ecad00000) (1024K)]
  0x000001834d799dd0 WorkerThread "GC Thread#7"                     [id=14872, stack(0x0000007ecae00000,0x0000007ecaf00000) (1024K)]
  0x00000183680de950 ConcurrentGCThread "G1 Main Marker"            [id=13696, stack(0x0000007ec9500000,0x0000007ec9600000) (1024K)]
  0x00000183680dfc60 WorkerThread "G1 Conc#0"                       [id=27996, stack(0x0000007ec9600000,0x0000007ec9700000) (1024K)]
  0x000001834d798f50 WorkerThread "G1 Conc#1"                       [id=13552, stack(0x0000007ecaf00000,0x0000007ecb000000) (1024K)]
  0x0000018306fdd560 ConcurrentGCThread "G1 Refine#0"               [id=11768, stack(0x0000007ec9700000,0x0000007ec9800000) (1024K)]
  0x0000018306fdeaa0 ConcurrentGCThread "G1 Service"                [id=18576, stack(0x0000007ec9800000,0x0000007ec9900000) (1024K)]
Total: 15

Threads with active compile tasks:
C2 CompilerThread0   561710 18013       4       org.hibernate.sql.results.jdbc.internal.JdbcValuesResultSetImpl::<init> (272 bytes)
Total: 1

VM state: not at safepoint (normal execution)

VM Mutex/Monitor currently owned by a thread: None

Heap address: 0x0000000702e00000, size: 4050 MB, Compressed Oops mode: Zero based, Oop shift amount: 3

CDS archive(s) mapped at: [0x0000018308000000-0x0000018308c90000-0x0000018308c90000), size 13172736, SharedBaseAddress: 0x0000018308000000, ArchiveRelocationMode: 1.
Compressed class space mapped at: 0x0000018309000000-0x0000018349000000, reserved size: 1073741824
Narrow klass base: 0x0000018308000000, Narrow klass shift: 0, Narrow klass range: 0x100000000

GC Precious Log:
 CardTable entry size: 512
 Card Set container configuration: InlinePtr #cards 4 size 8 Array Of Cards #cards 16 size 48 Howl #buckets 8 coarsen threshold 3686 Howl Bitmap #cards 512 size 80 coarsen threshold 460 Card regions per heap region 1 cards per card region 4096
 CPUs: 8 total, 8 available
 Memory: 16198M
 Large Page Support: Disabled
 NUMA Support: Disabled
 Compressed Oops: Enabled (Zero based)
 Heap Region Size: 2M
 Heap Min Capacity: 8M
 Heap Initial Capacity: 254M
 Heap Max Capacity: 4050M
 Pre-touch: Disabled
 Parallel Workers: 8
 Concurrent Workers: 2
 Concurrent Refinement Workers: 8
 Periodic GC: Disabled

Heap:
 garbage-first heap   total 405504K, used 274222K [0x0000000702e00000, 0x0000000800000000)
  region size 2048K, 94 young (192512K), 8 survivors (16384K)
 Metaspace       used 118401K, committed 119808K, reserved 1179648K
  class space    used 15282K, committed 15936K, reserved 1048576K

Heap Regions: E=young(eden), S=young(survivor), O=old, HS=humongous(starts), HC=humongous(continues), CS=collection set, F=free, TAMS=top-at-mark-start, PB=parsable bottom
|   0|0x0000000702e00000, 0x0000000703000000, 0x0000000703000000|100%| O|  |TAMS 0x0000000702e00000| PB 0x0000000702e00000| Untracked 
|   1|0x0000000703000000, 0x0000000703200000, 0x0000000703200000|100%| O|  |TAMS 0x0000000703000000| PB 0x0000000703000000| Untracked 
|   2|0x0000000703200000, 0x0000000703400000, 0x0000000703400000|100%| O|  |TAMS 0x0000000703200000| PB 0x0000000703200000| Untracked 
|   3|0x0000000703400000, 0x0000000703600000, 0x0000000703600000|100%| O|  |TAMS 0x0000000703400000| PB 0x0000000703400000| Untracked 
|   4|0x0000000703600000, 0x0000000703800000, 0x0000000703800000|100%| O|  |TAMS 0x0000000703600000| PB 0x0000000703600000| Untracked 
|   5|0x0000000703800000, 0x0000000703a00000, 0x0000000703a00000|100%| O|  |TAMS 0x0000000703800000| PB 0x0000000703800000| Untracked 
|   6|0x0000000703a00000, 0x0000000703c00000, 0x0000000703c00000|100%| O|  |TAMS 0x0000000703a00000| PB 0x0000000703a00000| Untracked 
|   7|0x0000000703c00000, 0x0000000703e00000, 0x0000000703e00000|100%| O|  |TAMS 0x0000000703c00000| PB 0x0000000703c00000| Untracked 
|   8|0x0000000703e00000, 0x0000000704000000, 0x0000000704000000|100%| O|  |TAMS 0x0000000703e00000| PB 0x0000000703e00000| Untracked 
|   9|0x0000000704000000, 0x0000000704200000, 0x0000000704200000|100%| O|  |TAMS 0x0000000704000000| PB 0x0000000704000000| Untracked 
|  10|0x0000000704200000, 0x0000000704400000, 0x0000000704400000|100%| O|  |TAMS 0x0000000704200000| PB 0x0000000704200000| Untracked 
|  11|0x0000000704400000, 0x0000000704600000, 0x0000000704600000|100%| O|  |TAMS 0x0000000704400000| PB 0x0000000704400000| Untracked 
|  12|0x0000000704600000, 0x0000000704800000, 0x0000000704800000|100%| O|  |TAMS 0x0000000704600000| PB 0x0000000704600000| Untracked 
|  13|0x0000000704800000, 0x0000000704a00000, 0x0000000704a00000|100%| O|  |TAMS 0x0000000704800000| PB 0x0000000704800000| Untracked 
|  14|0x0000000704a00000, 0x0000000704c00000, 0x0000000704c00000|100%| O|  |TAMS 0x0000000704a00000| PB 0x0000000704a00000| Untracked 
|  15|0x0000000704c00000, 0x0000000704e00000, 0x0000000704e00000|100%| O|  |TAMS 0x0000000704c00000| PB 0x0000000704c00000| Untracked 
|  16|0x0000000704e00000, 0x0000000705000000, 0x0000000705000000|100%| O|  |TAMS 0x0000000704e00000| PB 0x0000000704e00000| Untracked 
|  17|0x0000000705000000, 0x0000000705200000, 0x0000000705200000|100%| O|  |TAMS 0x0000000705000000| PB 0x0000000705000000| Untracked 
|  18|0x0000000705200000, 0x0000000705400000, 0x0000000705400000|100%| O|  |TAMS 0x0000000705200000| PB 0x0000000705200000| Untracked 
|  19|0x0000000705400000, 0x0000000705600000, 0x0000000705600000|100%| O|  |TAMS 0x0000000705400000| PB 0x0000000705400000| Untracked 
|  20|0x0000000705600000, 0x0000000705800000, 0x0000000705800000|100%| O|  |TAMS 0x0000000705600000| PB 0x0000000705600000| Untracked 
|  21|0x0000000705800000, 0x0000000705a00000, 0x0000000705a00000|100%| O|  |TAMS 0x0000000705800000| PB 0x0000000705800000| Untracked 
|  22|0x0000000705a00000, 0x0000000705c00000, 0x0000000705c00000|100%| O|  |TAMS 0x0000000705a00000| PB 0x0000000705a00000| Untracked 
|  23|0x0000000705c00000, 0x0000000705e00000, 0x0000000705e00000|100%| O|  |TAMS 0x0000000705c00000| PB 0x0000000705c00000| Untracked 
|  24|0x0000000705e00000, 0x0000000706000000, 0x0000000706000000|100%| O|  |TAMS 0x0000000705e00000| PB 0x0000000705e00000| Untracked 
|  25|0x0000000706000000, 0x0000000706200000, 0x0000000706200000|100%| O|  |TAMS 0x0000000706000000| PB 0x0000000706000000| Untracked 
|  26|0x0000000706200000, 0x0000000706400000, 0x0000000706400000|100%| O|  |TAMS 0x0000000706200000| PB 0x0000000706200000| Untracked 
|  27|0x0000000706400000, 0x0000000706600000, 0x0000000706600000|100%| O|  |TAMS 0x0000000706400000| PB 0x0000000706400000| Untracked 
|  28|0x0000000706600000, 0x0000000706800000, 0x0000000706800000|100%| O|  |TAMS 0x0000000706600000| PB 0x0000000706600000| Untracked 
|  29|0x0000000706800000, 0x0000000706a00000, 0x0000000706a00000|100%| O|  |TAMS 0x0000000706800000| PB 0x0000000706800000| Untracked 
|  30|0x0000000706a00000, 0x0000000706c00000, 0x0000000706c00000|100%| O|  |TAMS 0x0000000706a00000| PB 0x0000000706a00000| Untracked 
|  31|0x0000000706c00000, 0x0000000706e00000, 0x0000000706e00000|100%| O|  |TAMS 0x0000000706c00000| PB 0x0000000706c00000| Untracked 
|  32|0x0000000706e00000, 0x0000000707000000, 0x0000000707000000|100%| O|  |TAMS 0x0000000706e00000| PB 0x0000000706e00000| Untracked 
|  33|0x0000000707000000, 0x0000000707200000, 0x0000000707200000|100%| O|  |TAMS 0x0000000707000000| PB 0x0000000707000000| Untracked 
|  34|0x0000000707200000, 0x0000000707400000, 0x0000000707400000|100%| O|  |TAMS 0x0000000707200000| PB 0x0000000707200000| Untracked 
|  35|0x0000000707400000, 0x0000000707600000, 0x0000000707600000|100%| O|  |TAMS 0x0000000707400000| PB 0x0000000707400000| Untracked 
|  36|0x0000000707600000, 0x0000000707800000, 0x0000000707800000|100%| O|  |TAMS 0x0000000707600000| PB 0x0000000707600000| Untracked 
|  37|0x0000000707800000, 0x0000000707a00000, 0x0000000707a00000|100%| O|  |TAMS 0x0000000707800000| PB 0x0000000707800000| Untracked 
|  38|0x0000000707a00000, 0x0000000707c00000, 0x0000000707c00000|100%| O|  |TAMS 0x0000000707a00000| PB 0x0000000707a00000| Untracked 
|  39|0x0000000707c00000, 0x0000000707e00000, 0x0000000707e00000|100%| O|  |TAMS 0x0000000707c00000| PB 0x0000000707c00000| Untracked 
|  40|0x0000000707e00000, 0x0000000708000000, 0x0000000708000000|100%| O|  |TAMS 0x0000000707e00000| PB 0x0000000707e00000| Untracked 
|  41|0x0000000708000000, 0x0000000708200000, 0x0000000708200000|100%| O|  |TAMS 0x0000000708000000| PB 0x0000000708000000| Untracked 
|  42|0x0000000708200000, 0x000000070827d700, 0x0000000708400000| 24%| O|  |TAMS 0x0000000708200000| PB 0x0000000708200000| Untracked 
|  43|0x0000000708400000, 0x0000000708400000, 0x0000000708600000|  0%| F|  |TAMS 0x0000000708400000| PB 0x0000000708400000| Untracked 
|  44|0x0000000708600000, 0x0000000708600000, 0x0000000708800000|  0%| F|  |TAMS 0x0000000708600000| PB 0x0000000708600000| Untracked 
|  45|0x0000000708800000, 0x0000000708800000, 0x0000000708a00000|  0%| F|  |TAMS 0x0000000708800000| PB 0x0000000708800000| Untracked 
|  46|0x0000000708a00000, 0x0000000708a00000, 0x0000000708c00000|  0%| F|  |TAMS 0x0000000708a00000| PB 0x0000000708a00000| Untracked 
|  47|0x0000000708c00000, 0x0000000708c00000, 0x0000000708e00000|  0%| F|  |TAMS 0x0000000708c00000| PB 0x0000000708c00000| Untracked 
|  48|0x0000000708e00000, 0x0000000708e00000, 0x0000000709000000|  0%| F|  |TAMS 0x0000000708e00000| PB 0x0000000708e00000| Untracked 
|  49|0x0000000709000000, 0x0000000709000000, 0x0000000709200000|  0%| F|  |TAMS 0x0000000709000000| PB 0x0000000709000000| Untracked 
|  50|0x0000000709200000, 0x0000000709200000, 0x0000000709400000|  0%| F|  |TAMS 0x0000000709200000| PB 0x0000000709200000| Untracked 
|  51|0x0000000709400000, 0x0000000709400000, 0x0000000709600000|  0%| F|  |TAMS 0x0000000709400000| PB 0x0000000709400000| Untracked 
|  52|0x0000000709600000, 0x0000000709600000, 0x0000000709800000|  0%| F|  |TAMS 0x0000000709600000| PB 0x0000000709600000| Untracked 
|  53|0x0000000709800000, 0x0000000709800000, 0x0000000709a00000|  0%| F|  |TAMS 0x0000000709800000| PB 0x0000000709800000| Untracked 
|  54|0x0000000709a00000, 0x0000000709a00000, 0x0000000709c00000|  0%| F|  |TAMS 0x0000000709a00000| PB 0x0000000709a00000| Untracked 
|  55|0x0000000709c00000, 0x0000000709c00000, 0x0000000709e00000|  0%| F|  |TAMS 0x0000000709c00000| PB 0x0000000709c00000| Untracked 
|  56|0x0000000709e00000, 0x0000000709e00000, 0x000000070a000000|  0%| F|  |TAMS 0x0000000709e00000| PB 0x0000000709e00000| Untracked 
|  57|0x000000070a000000, 0x000000070a000000, 0x000000070a200000|  0%| F|  |TAMS 0x000000070a000000| PB 0x000000070a000000| Untracked 
|  58|0x000000070a200000, 0x000000070a200000, 0x000000070a400000|  0%| F|  |TAMS 0x000000070a200000| PB 0x000000070a200000| Untracked 
|  59|0x000000070a400000, 0x000000070a400000, 0x000000070a600000|  0%| F|  |TAMS 0x000000070a400000| PB 0x000000070a400000| Untracked 
|  60|0x000000070a600000, 0x000000070a600000, 0x000000070a800000|  0%| F|  |TAMS 0x000000070a600000| PB 0x000000070a600000| Untracked 
|  61|0x000000070a800000, 0x000000070a800000, 0x000000070aa00000|  0%| F|  |TAMS 0x000000070a800000| PB 0x000000070a800000| Untracked 
|  62|0x000000070aa00000, 0x000000070aa00000, 0x000000070ac00000|  0%| F|  |TAMS 0x000000070aa00000| PB 0x000000070aa00000| Untracked 
|  63|0x000000070ac00000, 0x000000070ac00000, 0x000000070ae00000|  0%| F|  |TAMS 0x000000070ac00000| PB 0x000000070ac00000| Untracked 
|  64|0x000000070ae00000, 0x000000070ae00000, 0x000000070b000000|  0%| F|  |TAMS 0x000000070ae00000| PB 0x000000070ae00000| Untracked 
|  65|0x000000070b000000, 0x000000070b000000, 0x000000070b200000|  0%| F|  |TAMS 0x000000070b000000| PB 0x000000070b000000| Untracked 
|  66|0x000000070b200000, 0x000000070b200000, 0x000000070b400000|  0%| F|  |TAMS 0x000000070b200000| PB 0x000000070b200000| Untracked 
|  67|0x000000070b400000, 0x000000070b400000, 0x000000070b600000|  0%| F|  |TAMS 0x000000070b400000| PB 0x000000070b400000| Untracked 
|  68|0x000000070b600000, 0x000000070b600000, 0x000000070b800000|  0%| F|  |TAMS 0x000000070b600000| PB 0x000000070b600000| Untracked 
|  69|0x000000070b800000, 0x000000070b800000, 0x000000070ba00000|  0%| F|  |TAMS 0x000000070b800000| PB 0x000000070b800000| Untracked 
|  70|0x000000070ba00000, 0x000000070ba00000, 0x000000070bc00000|  0%| F|  |TAMS 0x000000070ba00000| PB 0x000000070ba00000| Untracked 
|  71|0x000000070bc00000, 0x000000070bc00000, 0x000000070be00000|  0%| F|  |TAMS 0x000000070bc00000| PB 0x000000070bc00000| Untracked 
|  72|0x000000070be00000, 0x000000070be00000, 0x000000070c000000|  0%| F|  |TAMS 0x000000070be00000| PB 0x000000070be00000| Untracked 
|  73|0x000000070c000000, 0x000000070c000000, 0x000000070c200000|  0%| F|  |TAMS 0x000000070c000000| PB 0x000000070c000000| Untracked 
|  74|0x000000070c200000, 0x000000070c200000, 0x000000070c400000|  0%| F|  |TAMS 0x000000070c200000| PB 0x000000070c200000| Untracked 
|  75|0x000000070c400000, 0x000000070c400000, 0x000000070c600000|  0%| F|  |TAMS 0x000000070c400000| PB 0x000000070c400000| Untracked 
|  76|0x000000070c600000, 0x000000070c600000, 0x000000070c800000|  0%| F|  |TAMS 0x000000070c600000| PB 0x000000070c600000| Untracked 
|  77|0x000000070c800000, 0x000000070c800000, 0x000000070ca00000|  0%| F|  |TAMS 0x000000070c800000| PB 0x000000070c800000| Untracked 
|  78|0x000000070ca00000, 0x000000070ca00000, 0x000000070cc00000|  0%| F|  |TAMS 0x000000070ca00000| PB 0x000000070ca00000| Untracked 
|  79|0x000000070cc00000, 0x000000070cc00000, 0x000000070ce00000|  0%| F|  |TAMS 0x000000070cc00000| PB 0x000000070cc00000| Untracked 
|  80|0x000000070ce00000, 0x000000070ce00000, 0x000000070d000000|  0%| F|  |TAMS 0x000000070ce00000| PB 0x000000070ce00000| Untracked 
|  81|0x000000070d000000, 0x000000070d000000, 0x000000070d200000|  0%| F|  |TAMS 0x000000070d000000| PB 0x000000070d000000| Untracked 
|  82|0x000000070d200000, 0x000000070d34e4a0, 0x000000070d400000| 65%| S|CS|TAMS 0x000000070d200000| PB 0x000000070d200000| Complete 
|  83|0x000000070d400000, 0x000000070d600000, 0x000000070d600000|100%| S|CS|TAMS 0x000000070d400000| PB 0x000000070d400000| Complete 
|  84|0x000000070d600000, 0x000000070d800000, 0x000000070d800000|100%| S|CS|TAMS 0x000000070d600000| PB 0x000000070d600000| Complete 
|  85|0x000000070d800000, 0x000000070da00000, 0x000000070da00000|100%| S|CS|TAMS 0x000000070d800000| PB 0x000000070d800000| Complete 
|  86|0x000000070da00000, 0x000000070dc00000, 0x000000070dc00000|100%| S|CS|TAMS 0x000000070da00000| PB 0x000000070da00000| Complete 
|  87|0x000000070dc00000, 0x000000070dc00000, 0x000000070de00000|  0%| F|  |TAMS 0x000000070dc00000| PB 0x000000070dc00000| Untracked 
|  88|0x000000070de00000, 0x000000070e000000, 0x000000070e000000|100%| S|CS|TAMS 0x000000070de00000| PB 0x000000070de00000| Complete 
|  89|0x000000070e000000, 0x000000070e200000, 0x000000070e200000|100%| S|CS|TAMS 0x000000070e000000| PB 0x000000070e000000| Complete 
|  90|0x000000070e200000, 0x000000070e400000, 0x000000070e400000|100%| S|CS|TAMS 0x000000070e200000| PB 0x000000070e200000| Complete 
|  91|0x000000070e400000, 0x000000070e400000, 0x000000070e600000|  0%| F|  |TAMS 0x000000070e400000| PB 0x000000070e400000| Untracked 
|  92|0x000000070e600000, 0x000000070e600000, 0x000000070e800000|  0%| F|  |TAMS 0x000000070e600000| PB 0x000000070e600000| Untracked 
|  93|0x000000070e800000, 0x000000070e800000, 0x000000070ea00000|  0%| F|  |TAMS 0x000000070e800000| PB 0x000000070e800000| Untracked 
|  94|0x000000070ea00000, 0x000000070ea00000, 0x000000070ec00000|  0%| F|  |TAMS 0x000000070ea00000| PB 0x000000070ea00000| Untracked 
|  95|0x000000070ec00000, 0x000000070ec00000, 0x000000070ee00000|  0%| F|  |TAMS 0x000000070ec00000| PB 0x000000070ec00000| Untracked 
|  96|0x000000070ee00000, 0x000000070ee00000, 0x000000070f000000|  0%| F|  |TAMS 0x000000070ee00000| PB 0x000000070ee00000| Untracked 
|  97|0x000000070f000000, 0x000000070f000000, 0x000000070f200000|  0%| F|  |TAMS 0x000000070f000000| PB 0x000000070f000000| Untracked 
|  98|0x000000070f200000, 0x000000070f200000, 0x000000070f400000|  0%| F|  |TAMS 0x000000070f200000| PB 0x000000070f200000| Untracked 
|  99|0x000000070f400000, 0x000000070f400000, 0x000000070f600000|  0%| F|  |TAMS 0x000000070f400000| PB 0x000000070f400000| Untracked 
| 100|0x000000070f600000, 0x000000070f600000, 0x000000070f800000|  0%| F|  |TAMS 0x000000070f600000| PB 0x000000070f600000| Untracked 
| 101|0x000000070f800000, 0x000000070f800000, 0x000000070fa00000|  0%| F|  |TAMS 0x000000070f800000| PB 0x000000070f800000| Untracked 
| 102|0x000000070fa00000, 0x000000070fa00000, 0x000000070fc00000|  0%| F|  |TAMS 0x000000070fa00000| PB 0x000000070fa00000| Untracked 
| 103|0x000000070fc00000, 0x000000070fc00000, 0x000000070fe00000|  0%| F|  |TAMS 0x000000070fc00000| PB 0x000000070fc00000| Untracked 
| 104|0x000000070fe00000, 0x000000070fe00000, 0x0000000710000000|  0%| F|  |TAMS 0x000000070fe00000| PB 0x000000070fe00000| Untracked 
| 105|0x0000000710000000, 0x0000000710000000, 0x0000000710200000|  0%| F|  |TAMS 0x0000000710000000| PB 0x0000000710000000| Untracked 
| 106|0x0000000710200000, 0x0000000710200000, 0x0000000710400000|  0%| F|  |TAMS 0x0000000710200000| PB 0x0000000710200000| Untracked 
| 107|0x0000000710400000, 0x0000000710400000, 0x0000000710600000|  0%| F|  |TAMS 0x0000000710400000| PB 0x0000000710400000| Untracked 
| 108|0x0000000710600000, 0x0000000710600000, 0x0000000710800000|  0%| F|  |TAMS 0x0000000710600000| PB 0x0000000710600000| Untracked 
| 109|0x0000000710800000, 0x0000000710800000, 0x0000000710a00000|  0%| F|  |TAMS 0x0000000710800000| PB 0x0000000710800000| Untracked 
| 110|0x0000000710a00000, 0x0000000710a00000, 0x0000000710c00000|  0%| F|  |TAMS 0x0000000710a00000| PB 0x0000000710a00000| Untracked 
| 111|0x0000000710c00000, 0x0000000710c00000, 0x0000000710e00000|  0%| F|  |TAMS 0x0000000710c00000| PB 0x0000000710c00000| Untracked 
| 112|0x0000000710e00000, 0x0000000710f159e0, 0x0000000711000000| 54%| E|  |TAMS 0x0000000710e00000| PB 0x0000000710e00000| Complete 
| 113|0x0000000711000000, 0x0000000711200000, 0x0000000711200000|100%| E|CS|TAMS 0x0000000711000000| PB 0x0000000711000000| Complete 
| 114|0x0000000711200000, 0x0000000711400000, 0x0000000711400000|100%| E|CS|TAMS 0x0000000711200000| PB 0x0000000711200000| Complete 
| 115|0x0000000711400000, 0x0000000711600000, 0x0000000711600000|100%| E|CS|TAMS 0x0000000711400000| PB 0x0000000711400000| Complete 
| 116|0x0000000711600000, 0x0000000711800000, 0x0000000711800000|100%| E|CS|TAMS 0x0000000711600000| PB 0x0000000711600000| Complete 
| 117|0x0000000711800000, 0x0000000711a00000, 0x0000000711a00000|100%| E|CS|TAMS 0x0000000711800000| PB 0x0000000711800000| Complete 
| 118|0x0000000711a00000, 0x0000000711c00000, 0x0000000711c00000|100%| E|CS|TAMS 0x0000000711a00000| PB 0x0000000711a00000| Complete 
| 119|0x0000000711c00000, 0x0000000711e00000, 0x0000000711e00000|100%| E|CS|TAMS 0x0000000711c00000| PB 0x0000000711c00000| Complete 
| 120|0x0000000711e00000, 0x0000000712000000, 0x0000000712000000|100%| E|CS|TAMS 0x0000000711e00000| PB 0x0000000711e00000| Complete 
| 121|0x0000000712000000, 0x0000000712200000, 0x0000000712200000|100%| E|CS|TAMS 0x0000000712000000| PB 0x0000000712000000| Complete 
| 122|0x0000000712200000, 0x0000000712400000, 0x0000000712400000|100%| E|CS|TAMS 0x0000000712200000| PB 0x0000000712200000| Complete 
| 123|0x0000000712400000, 0x0000000712600000, 0x0000000712600000|100%| E|CS|TAMS 0x0000000712400000| PB 0x0000000712400000| Complete 
| 124|0x0000000712600000, 0x0000000712800000, 0x0000000712800000|100%| E|CS|TAMS 0x0000000712600000| PB 0x0000000712600000| Complete 
| 125|0x0000000712800000, 0x0000000712a00000, 0x0000000712a00000|100%| E|CS|TAMS 0x0000000712800000| PB 0x0000000712800000| Complete 
| 126|0x0000000712a00000, 0x0000000712c00000, 0x0000000712c00000|100%| E|CS|TAMS 0x0000000712a00000| PB 0x0000000712a00000| Complete 
| 127|0x0000000712c00000, 0x0000000712e00000, 0x0000000712e00000|100%| E|CS|TAMS 0x0000000712c00000| PB 0x0000000712c00000| Complete 
| 128|0x0000000712e00000, 0x0000000713000000, 0x0000000713000000|100%| E|CS|TAMS 0x0000000712e00000| PB 0x0000000712e00000| Complete 
| 129|0x0000000713000000, 0x0000000713200000, 0x0000000713200000|100%| E|CS|TAMS 0x0000000713000000| PB 0x0000000713000000| Complete 
| 130|0x0000000713200000, 0x0000000713400000, 0x0000000713400000|100%| E|CS|TAMS 0x0000000713200000| PB 0x0000000713200000| Complete 
| 131|0x0000000713400000, 0x0000000713600000, 0x0000000713600000|100%| E|CS|TAMS 0x0000000713400000| PB 0x0000000713400000| Complete 
| 132|0x0000000713600000, 0x0000000713800000, 0x0000000713800000|100%| E|CS|TAMS 0x0000000713600000| PB 0x0000000713600000| Complete 
| 133|0x0000000713800000, 0x0000000713a00000, 0x0000000713a00000|100%| E|CS|TAMS 0x0000000713800000| PB 0x0000000713800000| Complete 
| 134|0x0000000713a00000, 0x0000000713c00000, 0x0000000713c00000|100%| E|CS|TAMS 0x0000000713a00000| PB 0x0000000713a00000| Complete 
| 135|0x0000000713c00000, 0x0000000713e00000, 0x0000000713e00000|100%| E|CS|TAMS 0x0000000713c00000| PB 0x0000000713c00000| Complete 
| 136|0x0000000713e00000, 0x0000000714000000, 0x0000000714000000|100%| E|CS|TAMS 0x0000000713e00000| PB 0x0000000713e00000| Complete 
| 137|0x0000000714000000, 0x0000000714200000, 0x0000000714200000|100%| E|CS|TAMS 0x0000000714000000| PB 0x0000000714000000| Complete 
| 138|0x0000000714200000, 0x0000000714400000, 0x0000000714400000|100%| E|CS|TAMS 0x0000000714200000| PB 0x0000000714200000| Complete 
| 139|0x0000000714400000, 0x0000000714600000, 0x0000000714600000|100%| E|CS|TAMS 0x0000000714400000| PB 0x0000000714400000| Complete 
| 140|0x0000000714600000, 0x0000000714800000, 0x0000000714800000|100%| E|CS|TAMS 0x0000000714600000| PB 0x0000000714600000| Complete 
| 141|0x0000000714800000, 0x0000000714a00000, 0x0000000714a00000|100%| E|CS|TAMS 0x0000000714800000| PB 0x0000000714800000| Complete 
| 142|0x0000000714a00000, 0x0000000714c00000, 0x0000000714c00000|100%| E|CS|TAMS 0x0000000714a00000| PB 0x0000000714a00000| Complete 
| 143|0x0000000714c00000, 0x0000000714e00000, 0x0000000714e00000|100%| E|CS|TAMS 0x0000000714c00000| PB 0x0000000714c00000| Complete 
| 144|0x0000000714e00000, 0x0000000715000000, 0x0000000715000000|100%| E|CS|TAMS 0x0000000714e00000| PB 0x0000000714e00000| Complete 
| 145|0x0000000715000000, 0x0000000715200000, 0x0000000715200000|100%| E|CS|TAMS 0x0000000715000000| PB 0x0000000715000000| Complete 
| 146|0x0000000715200000, 0x0000000715400000, 0x0000000715400000|100%| E|CS|TAMS 0x0000000715200000| PB 0x0000000715200000| Complete 
| 147|0x0000000715400000, 0x0000000715600000, 0x0000000715600000|100%| E|CS|TAMS 0x0000000715400000| PB 0x0000000715400000| Complete 
| 148|0x0000000715600000, 0x0000000715800000, 0x0000000715800000|100%| E|CS|TAMS 0x0000000715600000| PB 0x0000000715600000| Complete 
| 149|0x0000000715800000, 0x0000000715a00000, 0x0000000715a00000|100%| E|CS|TAMS 0x0000000715800000| PB 0x0000000715800000| Complete 
| 150|0x0000000715a00000, 0x0000000715c00000, 0x0000000715c00000|100%| E|CS|TAMS 0x0000000715a00000| PB 0x0000000715a00000| Complete 
| 151|0x0000000715c00000, 0x0000000715e00000, 0x0000000715e00000|100%| E|CS|TAMS 0x0000000715c00000| PB 0x0000000715c00000| Complete 
| 152|0x0000000715e00000, 0x0000000716000000, 0x0000000716000000|100%| E|CS|TAMS 0x0000000715e00000| PB 0x0000000715e00000| Complete 
| 153|0x0000000716000000, 0x0000000716200000, 0x0000000716200000|100%| E|CS|TAMS 0x0000000716000000| PB 0x0000000716000000| Complete 
| 154|0x0000000716200000, 0x0000000716400000, 0x0000000716400000|100%| E|CS|TAMS 0x0000000716200000| PB 0x0000000716200000| Complete 
| 155|0x0000000716400000, 0x0000000716600000, 0x0000000716600000|100%| E|CS|TAMS 0x0000000716400000| PB 0x0000000716400000| Complete 
| 156|0x0000000716600000, 0x0000000716800000, 0x0000000716800000|100%| E|CS|TAMS 0x0000000716600000| PB 0x0000000716600000| Complete 
| 157|0x0000000716800000, 0x0000000716a00000, 0x0000000716a00000|100%| E|CS|TAMS 0x0000000716800000| PB 0x0000000716800000| Complete 
| 158|0x0000000716a00000, 0x0000000716c00000, 0x0000000716c00000|100%| E|CS|TAMS 0x0000000716a00000| PB 0x0000000716a00000| Complete 
| 159|0x0000000716c00000, 0x0000000716e00000, 0x0000000716e00000|100%| E|CS|TAMS 0x0000000716c00000| PB 0x0000000716c00000| Complete 
| 160|0x0000000716e00000, 0x0000000717000000, 0x0000000717000000|100%| E|CS|TAMS 0x0000000716e00000| PB 0x0000000716e00000| Complete 
| 161|0x0000000717000000, 0x0000000717200000, 0x0000000717200000|100%| E|CS|TAMS 0x0000000717000000| PB 0x0000000717000000| Complete 
| 162|0x0000000717200000, 0x0000000717400000, 0x0000000717400000|100%| E|CS|TAMS 0x0000000717200000| PB 0x0000000717200000| Complete 
| 163|0x0000000717400000, 0x0000000717600000, 0x0000000717600000|100%| E|CS|TAMS 0x0000000717400000| PB 0x0000000717400000| Complete 
| 164|0x0000000717600000, 0x0000000717800000, 0x0000000717800000|100%| E|CS|TAMS 0x0000000717600000| PB 0x0000000717600000| Complete 
| 165|0x0000000717800000, 0x0000000717a00000, 0x0000000717a00000|100%| E|CS|TAMS 0x0000000717800000| PB 0x0000000717800000| Complete 
| 166|0x0000000717a00000, 0x0000000717c00000, 0x0000000717c00000|100%| E|CS|TAMS 0x0000000717a00000| PB 0x0000000717a00000| Complete 
| 167|0x0000000717c00000, 0x0000000717e00000, 0x0000000717e00000|100%| E|CS|TAMS 0x0000000717c00000| PB 0x0000000717c00000| Complete 
| 168|0x0000000717e00000, 0x0000000718000000, 0x0000000718000000|100%| E|CS|TAMS 0x0000000717e00000| PB 0x0000000717e00000| Complete 
| 169|0x0000000718000000, 0x0000000718200000, 0x0000000718200000|100%| E|CS|TAMS 0x0000000718000000| PB 0x0000000718000000| Complete 
| 170|0x0000000718200000, 0x0000000718400000, 0x0000000718400000|100%| E|CS|TAMS 0x0000000718200000| PB 0x0000000718200000| Complete 
| 171|0x0000000718400000, 0x0000000718600000, 0x0000000718600000|100%| E|CS|TAMS 0x0000000718400000| PB 0x0000000718400000| Complete 
| 172|0x0000000718600000, 0x0000000718800000, 0x0000000718800000|100%| E|CS|TAMS 0x0000000718600000| PB 0x0000000718600000| Complete 
| 173|0x0000000718800000, 0x0000000718a00000, 0x0000000718a00000|100%| E|CS|TAMS 0x0000000718800000| PB 0x0000000718800000| Complete 
| 174|0x0000000718a00000, 0x0000000718c00000, 0x0000000718c00000|100%| E|CS|TAMS 0x0000000718a00000| PB 0x0000000718a00000| Complete 
| 175|0x0000000718c00000, 0x0000000718e00000, 0x0000000718e00000|100%| E|CS|TAMS 0x0000000718c00000| PB 0x0000000718c00000| Complete 
| 176|0x0000000718e00000, 0x0000000719000000, 0x0000000719000000|100%| E|CS|TAMS 0x0000000718e00000| PB 0x0000000718e00000| Complete 
| 177|0x0000000719000000, 0x0000000719200000, 0x0000000719200000|100%| E|CS|TAMS 0x0000000719000000| PB 0x0000000719000000| Complete 
| 178|0x0000000719200000, 0x0000000719400000, 0x0000000719400000|100%| E|CS|TAMS 0x0000000719200000| PB 0x0000000719200000| Complete 
| 179|0x0000000719400000, 0x0000000719600000, 0x0000000719600000|100%| E|CS|TAMS 0x0000000719400000| PB 0x0000000719400000| Complete 
| 180|0x0000000719600000, 0x0000000719800000, 0x0000000719800000|100%| E|CS|TAMS 0x0000000719600000| PB 0x0000000719600000| Complete 
| 181|0x0000000719800000, 0x0000000719a00000, 0x0000000719a00000|100%| E|CS|TAMS 0x0000000719800000| PB 0x0000000719800000| Complete 
| 182|0x0000000719a00000, 0x0000000719c00000, 0x0000000719c00000|100%| E|CS|TAMS 0x0000000719a00000| PB 0x0000000719a00000| Complete 
| 183|0x0000000719c00000, 0x0000000719e00000, 0x0000000719e00000|100%| E|CS|TAMS 0x0000000719c00000| PB 0x0000000719c00000| Complete 
| 184|0x0000000719e00000, 0x000000071a000000, 0x000000071a000000|100%| E|CS|TAMS 0x0000000719e00000| PB 0x0000000719e00000| Complete 
| 185|0x000000071a000000, 0x000000071a200000, 0x000000071a200000|100%| E|CS|TAMS 0x000000071a000000| PB 0x000000071a000000| Complete 
| 186|0x000000071a200000, 0x000000071a400000, 0x000000071a400000|100%| E|CS|TAMS 0x000000071a200000| PB 0x000000071a200000| Complete 
| 187|0x000000071a400000, 0x000000071a600000, 0x000000071a600000|100%| E|CS|TAMS 0x000000071a400000| PB 0x000000071a400000| Complete 
| 188|0x000000071a600000, 0x000000071a800000, 0x000000071a800000|100%| E|CS|TAMS 0x000000071a600000| PB 0x000000071a600000| Complete 
| 189|0x000000071a800000, 0x000000071aa00000, 0x000000071aa00000|100%| E|CS|TAMS 0x000000071a800000| PB 0x000000071a800000| Complete 
| 190|0x000000071aa00000, 0x000000071ac00000, 0x000000071ac00000|100%| E|CS|TAMS 0x000000071aa00000| PB 0x000000071aa00000| Complete 
| 191|0x000000071ac00000, 0x000000071ae00000, 0x000000071ae00000|100%| E|CS|TAMS 0x000000071ac00000| PB 0x000000071ac00000| Complete 
| 192|0x000000071ae00000, 0x000000071b000000, 0x000000071b000000|100%| E|CS|TAMS 0x000000071ae00000| PB 0x000000071ae00000| Complete 
| 193|0x000000071b000000, 0x000000071b200000, 0x000000071b200000|100%| E|CS|TAMS 0x000000071b000000| PB 0x000000071b000000| Complete 
|2021|0x00000007ff800000, 0x00000007ffa00000, 0x00000007ffa00000|100%| E|CS|TAMS 0x00000007ff800000| PB 0x00000007ff800000| Complete 
|2022|0x00000007ffa00000, 0x00000007ffc00000, 0x00000007ffc00000|100%| E|CS|TAMS 0x00000007ffa00000| PB 0x00000007ffa00000| Complete 
|2023|0x00000007ffc00000, 0x00000007ffe00000, 0x00000007ffe00000|100%| E|  |TAMS 0x00000007ffc00000| PB 0x00000007ffc00000| Complete 
|2024|0x00000007ffe00000, 0x0000000800000000, 0x0000000800000000|100%| E|CS|TAMS 0x00000007ffe00000| PB 0x00000007ffe00000| Complete 

Card table byte_map: [0x00000183007f0000,0x0000018300fe0000] _byte_map_base: 0x00000182fcfd9000

Marking Bits: (CMBitMap*) 0x00000183680ce360
 Bits: [0x0000018300fe0000, 0x0000018304f28000)

Polling page: 0x0000018365f60000

Metaspace:

Usage:
  Non-class:    100.70 MB used.
      Class:     14.92 MB used.
       Both:    115.63 MB used.

Virtual space:
  Non-class space:      128.00 MB reserved,     101.44 MB ( 79%) committed,  2 nodes.
      Class space:        1.00 GB reserved,      15.56 MB (  2%) committed,  1 nodes.
             Both:        1.12 GB reserved,     117.00 MB ( 10%) committed. 

Chunk freelists:
   Non-Class:  9.98 MB
       Class:  321.00 KB
        Both:  10.29 MB

MaxMetaspaceSize: unlimited
CompressedClassSpaceSize: 1.00 GB
Initial GC threshold: 21.00 MB
Current GC threshold: 132.12 MB
CDS: on
 - commit_granule_bytes: 65536.
 - commit_granule_words: 8192.
 - virtual_space_node_default_size: 8388608.
 - enlarge_chunks_in_place: 1.
 - use_allocation_guard: 0.


Internal statistics:

num_allocs_failed_limit: 9.
num_arena_births: 2376.
num_arena_deaths: 0.
num_vsnodes_births: 3.
num_vsnodes_deaths: 0.
num_space_committed: 1872.
num_space_uncommitted: 0.
num_chunks_returned_to_freelist: 9.
num_chunks_taken_from_freelist: 7213.
num_chunk_merges: 9.
num_chunk_splits: 4962.
num_chunks_enlarged: 3504.
num_inconsistent_stats: 0.

CodeHeap 'non-profiled nmethods': size=120000Kb used=12619Kb max_used=12619Kb free=107380Kb
 bounds [0x0000018377fb0000, 0x0000018378c10000, 0x000001837f4e0000]
CodeHeap 'profiled nmethods': size=120000Kb used=34523Kb max_used=34523Kb free=85477Kb
 bounds [0x00000183704e0000, 0x00000183726a0000, 0x0000018377a10000]
CodeHeap 'non-nmethods': size=5760Kb used=1870Kb max_used=1925Kb free=3890Kb
 bounds [0x0000018377a10000, 0x0000018377c80000, 0x0000018377fb0000]
 total_blobs=17450 nmethods=16590 adapters=762
 compilation: enabled
              stopped_count=0, restarted_count=0
 full_count=0

Compilation events (20 events):
Event: 560.307 Thread 0x0000018307376ef0 18271       3       sun.nio.ch.SelectionKeyImpl::interestOps (9 bytes)
Event: 560.307 Thread 0x0000018307376ef0 nmethod 18271 0x0000018372691810 code [0x00000183726919e0, 0x0000018372691d20]
Event: 560.338 Thread 0x0000018307376ef0 18272       3       org.springframework.util.StringUtils::matchesCharacter (27 bytes)
Event: 560.339 Thread 0x0000018307376ef0 nmethod 18272 0x0000018372691e90 code [0x00000183726920a0, 0x00000183726927b0]
Event: 560.351 Thread 0x0000018307376ef0 18274       3       io.netty.util.internal.shaded.org.jctools.queues.MpscUnboundedArrayQueue::poll (5 bytes)
Event: 560.352 Thread 0x0000018307376ef0 nmethod 18274 0x0000018372692a90 code [0x0000018372692c40, 0x0000018372692d80]
Event: 560.375 Thread 0x0000018307376ef0 18275       3       org.apache.tomcat.util.net.NioEndpoint$Poller::createPollerEvent (51 bytes)
Event: 560.376 Thread 0x0000018307376ef0 nmethod 18275 0x0000018372692e10 code [0x0000018372693000, 0x0000018372693688]
Event: 560.376 Thread 0x0000018307376ef0 18276       3       org.apache.tomcat.util.net.NioEndpoint$PollerEvent::<init> (11 bytes)
Event: 560.376 Thread 0x0000018307376ef0 nmethod 18276 0x0000018372693890 code [0x0000018372693a40, 0x0000018372693c80]
Event: 560.538 Thread 0x0000018307376ef0 18277       3       org.hibernate.engine.spi.ActionQueue::nonempty (17 bytes)
Event: 560.539 Thread 0x0000018307376ef0 nmethod 18277 0x0000018372693d90 code [0x0000018372693f40, 0x0000018372694298]
Event: 560.559 Thread 0x0000018307376ef0 18278       3       org.springframework.context.event.AbstractApplicationEventMulticaster$ListenerCacheKey::hashCode (22 bytes)
Event: 560.559 Thread 0x0000018307376ef0 nmethod 18278 0x0000018372694410 code [0x00000183726945e0, 0x0000018372694b30]
Event: 560.602 Thread 0x0000018307376ef0 18280       3       org.hibernate.sql.results.graph.entity.internal.AbstractNonJoinedEntityFetch::getEntityValuedModelPart (5 bytes)
Event: 560.602 Thread 0x0000018307376ef0 nmethod 18280 0x0000018372694c90 code [0x0000018372694e20, 0x0000018372694fc8]
Event: 560.630 Thread 0x0000018307376ef0 18281       3       org.apache.tomcat.util.threads.ThreadPoolExecutor$Worker::unlock (7 bytes)
Event: 560.631 Thread 0x0000018307376ef0 nmethod 18281 0x0000018372695090 code [0x0000018372695260, 0x00000183726954d0]
Event: 560.631 Thread 0x0000018307376ef0 18282   !   3       org.apache.tomcat.util.threads.ThreadPoolExecutor::getTask (177 bytes)
Event: 560.632 Thread 0x0000018307376ef0 nmethod 18282 0x0000018372695610 code [0x00000183726958c0, 0x0000018372696768]

GC Heap History (20 events):
Event: 11.082 GC heap before
{Heap before GC invocations=20 (full 0):
 garbage-first heap   total 98304K, used 86992K [0x0000000702e00000, 0x0000000800000000)
  region size 2048K, 22 young (45056K), 2 survivors (4096K)
 Metaspace       used 73576K, committed 74304K, reserved 1114112K
  class space    used 9803K, committed 10112K, reserved 1048576K
}
Event: 11.111 GC heap after
{Heap after GC invocations=21 (full 0):
 garbage-first heap   total 106496K, used 61420K [0x0000000702e00000, 0x0000000800000000)
  region size 2048K, 3 young (6144K), 3 survivors (6144K)
 Metaspace       used 73576K, committed 74304K, reserved 1114112K
  class space    used 9803K, committed 10112K, reserved 1048576K
}
Event: 11.189 GC heap before
{Heap before GC invocations=21 (full 0):
 garbage-first heap   total 106496K, used 90092K [0x0000000702e00000, 0x0000000800000000)
  region size 2048K, 17 young (34816K), 3 survivors (6144K)
 Metaspace       used 73576K, committed 74304K, reserved 1114112K
  class space    used 9803K, committed 10112K, reserved 1048576K
}
Event: 11.218 GC heap after
{Heap after GC invocations=22 (full 0):
 garbage-first heap   total 202752K, used 67584K [0x0000000702e00000, 0x0000000800000000)
  region size 2048K, 3 young (6144K), 3 survivors (6144K)
 Metaspace       used 73576K, committed 74304K, reserved 1114112K
  class space    used 9803K, committed 10112K, reserved 1048576K
}
Event: 11.633 GC heap before
{Heap before GC invocations=22 (full 0):
 garbage-first heap   total 202752K, used 151552K [0x0000000702e00000, 0x0000000800000000)
  region size 2048K, 44 young (90112K), 3 survivors (6144K)
 Metaspace       used 75182K, committed 75840K, reserved 1114112K
  class space    used 10162K, committed 10432K, reserved 1048576K
}
Event: 11.648 GC heap after
{Heap after GC invocations=23 (full 0):
 garbage-first heap   total 202752K, used 74974K [0x0000000702e00000, 0x0000000800000000)
  region size 2048K, 6 young (12288K), 6 survivors (12288K)
 Metaspace       used 75182K, committed 75840K, reserved 1114112K
  class space    used 10162K, committed 10432K, reserved 1048576K
}
Event: 12.310 GC heap before
{Heap before GC invocations=23 (full 0):
 garbage-first heap   total 202752K, used 156894K [0x0000000702e00000, 0x0000000800000000)
  region size 2048K, 46 young (94208K), 6 survivors (12288K)
 Metaspace       used 78542K, committed 79296K, reserved 1179648K
  class space    used 10619K, committed 10944K, reserved 1048576K
}
Event: 12.328 GC heap after
{Heap after GC invocations=24 (full 0):
 garbage-first heap   total 202752K, used 85749K [0x0000000702e00000, 0x0000000800000000)
  region size 2048K, 6 young (12288K), 6 survivors (12288K)
 Metaspace       used 78542K, committed 79296K, reserved 1179648K
  class space    used 10619K, committed 10944K, reserved 1048576K
}
Event: 13.236 GC heap before
{Heap before GC invocations=24 (full 0):
 garbage-first heap   total 202752K, used 165621K [0x0000000702e00000, 0x0000000800000000)
  region size 2048K, 45 young (92160K), 6 survivors (12288K)
 Metaspace       used 80268K, committed 81088K, reserved 1179648K
  class space    used 10821K, committed 11200K, reserved 1048576K
}
Event: 13.247 GC heap after
{Heap after GC invocations=25 (full 0):
 garbage-first heap   total 202752K, used 91897K [0x0000000702e00000, 0x0000000800000000)
  region size 2048K, 3 young (6144K), 3 survivors (6144K)
 Metaspace       used 80268K, committed 81088K, reserved 1179648K
  class space    used 10821K, committed 11200K, reserved 1048576K
}
Event: 13.526 GC heap before
{Heap before GC invocations=26 (full 0):
 garbage-first heap   total 202752K, used 161529K [0x0000000702e00000, 0x0000000800000000)
  region size 2048K, 42 young (86016K), 3 survivors (6144K)
 Metaspace       used 80560K, committed 81280K, reserved 1179648K
  class space    used 10846K, committed 11200K, reserved 1048576K
}
Event: 13.532 GC heap after
{Heap after GC invocations=27 (full 0):
 garbage-first heap   total 202752K, used 86845K [0x0000000702e00000, 0x0000000800000000)
  region size 2048K, 5 young (10240K), 5 survivors (10240K)
 Metaspace       used 80560K, committed 81280K, reserved 1179648K
  class space    used 10846K, committed 11200K, reserved 1048576K
}
Event: 13.621 GC heap before
{Heap before GC invocations=27 (full 0):
 garbage-first heap   total 202752K, used 170813K [0x0000000702e00000, 0x0000000800000000)
  region size 2048K, 46 young (94208K), 5 survivors (10240K)
 Metaspace       used 80569K, committed 81344K, reserved 1179648K
  class space    used 10847K, committed 11200K, reserved 1048576K
}
Event: 13.628 GC heap after
{Heap after GC invocations=28 (full 0):
 garbage-first heap   total 405504K, used 78742K [0x0000000702e00000, 0x0000000800000000)
  region size 2048K, 3 young (6144K), 3 survivors (6144K)
 Metaspace       used 80569K, committed 81344K, reserved 1179648K
  class space    used 10847K, committed 11200K, reserved 1048576K
}
Event: 15.614 GC heap before
{Heap before GC invocations=28 (full 0):
 garbage-first heap   total 405504K, used 306070K [0x0000000702e00000, 0x0000000800000000)
  region size 2048K, 114 young (233472K), 3 survivors (6144K)
 Metaspace       used 91013K, committed 91840K, reserved 1179648K
  class space    used 12029K, committed 12416K, reserved 1048576K
}
Event: 15.626 GC heap after
{Heap after GC invocations=29 (full 0):
 garbage-first heap   total 405504K, used 87906K [0x0000000702e00000, 0x0000000800000000)
  region size 2048K, 8 young (16384K), 8 survivors (16384K)
 Metaspace       used 91013K, committed 91840K, reserved 1179648K
  class space    used 12029K, committed 12416K, reserved 1048576K
}
Event: 16.531 GC heap before
{Heap before GC invocations=29 (full 0):
 garbage-first heap   total 405504K, used 313186K [0x0000000702e00000, 0x0000000800000000)
  region size 2048K, 118 young (241664K), 8 survivors (16384K)
 Metaspace       used 91603K, committed 92480K, reserved 1179648K
  class space    used 12078K, committed 12480K, reserved 1048576K
}
Event: 16.547 GC heap after
{Heap after GC invocations=30 (full 0):
 garbage-first heap   total 405504K, used 94938K [0x0000000702e00000, 0x0000000800000000)
  region size 2048K, 11 young (22528K), 11 survivors (22528K)
 Metaspace       used 91603K, committed 92480K, reserved 1179648K
  class space    used 12078K, committed 12480K, reserved 1048576K
}
Event: 155.039 GC heap before
{Heap before GC invocations=30 (full 0):
 garbage-first heap   total 405504K, used 314074K [0x0000000702e00000, 0x0000000800000000)
  region size 2048K, 118 young (241664K), 11 survivors (22528K)
 Metaspace       used 110527K, committed 111680K, reserved 1179648K
  class space    used 14549K, committed 15104K, reserved 1048576K
}
Event: 155.077 GC heap after
{Heap after GC invocations=31 (full 0):
 garbage-first heap   total 405504K, used 102190K [0x0000000702e00000, 0x0000000800000000)
  region size 2048K, 8 young (16384K), 8 survivors (16384K)
 Metaspace       used 110527K, committed 111680K, reserved 1179648K
  class space    used 14549K, committed 15104K, reserved 1048576K
}

Dll operation events (11 events):
Event: 0.009 Loaded shared library C:\Program Files\Java\jdk-21\bin\java.dll
Event: 0.044 Loaded shared library C:\Program Files\Java\jdk-21\bin\jsvml.dll
Event: 0.170 Loaded shared library C:\Program Files\Java\jdk-21\bin\net.dll
Event: 0.172 Loaded shared library C:\Program Files\Java\jdk-21\bin\nio.dll
Event: 0.174 Loaded shared library C:\Program Files\Java\jdk-21\bin\zip.dll
Event: 0.298 Loaded shared library C:\Program Files\Java\jdk-21\bin\jimage.dll
Event: 1.786 Loaded shared library C:\Program Files\Java\jdk-21\bin\sunmscapi.dll
Event: 4.834 Loaded shared library C:\Program Files\Java\jdk-21\bin\verify.dll
Event: 5.544 Loaded shared library C:\Program Files\Java\jdk-21\bin\management.dll
Event: 5.550 Loaded shared library C:\Program Files\Java\jdk-21\bin\management_ext.dll
Event: 6.629 Loaded shared library C:\Program Files\Java\jdk-21\bin\extnet.dll

Deoptimization events (20 events):
Event: 558.046 Thread 0x0000018351a27830 Uncommon trap: trap_request=0xffffff45 fr.pc=0x0000018378a8b8a4 relative=0x0000000000000104
Event: 558.046 Thread 0x0000018351a27830 Uncommon trap: reason=unstable_if action=reinterpret pc=0x0000018378a8b8a4 method=io.netty.util.internal.shaded.org.jctools.queues.BaseMpscLinkedArrayQueue.poll()Ljava/lang/Object; @ 34 c2
Event: 558.046 Thread 0x0000018351a27830 DEOPT PACKING pc=0x0000018378a8b8a4 sp=0x0000007ecb2ff340
Event: 558.046 Thread 0x0000018351a27830 DEOPT UNPACKING pc=0x0000018377a646a2 sp=0x0000007ecb2ff1e0 mode 2
Event: 560.010 Thread 0x0000018351a2cd80 Uncommon trap: trap_request=0xffffff45 fr.pc=0x000001837897f0a4 relative=0x0000000000000164
Event: 560.011 Thread 0x0000018351a2cd80 Uncommon trap: reason=unstable_if action=reinterpret pc=0x000001837897f0a4 method=java.util.Calendar.set(II)V @ 4 c2
Event: 560.026 Thread 0x0000018351a2cd80 DEOPT PACKING pc=0x000001837897f0a4 sp=0x0000007ecb9fa0b0
Event: 560.026 Thread 0x0000018351a2cd80 DEOPT UNPACKING pc=0x0000018377a646a2 sp=0x0000007ecb9fa050 mode 2
Event: 560.026 Thread 0x0000018351a2cd80 Uncommon trap: trap_request=0xffffff45 fr.pc=0x0000018378b53a7c relative=0x000000000000073c
Event: 560.026 Thread 0x0000018351a2cd80 Uncommon trap: reason=unstable_if action=reinterpret pc=0x0000018378b53a7c method=sun.util.calendar.BaseCalendar.getFixedDate(IIILsun/util/calendar/BaseCalendar$Date;)J @ 67 c2
Event: 560.026 Thread 0x0000018351a2cd80 DEOPT PACKING pc=0x0000018378b53a7c sp=0x0000007ecb9fa020
Event: 560.026 Thread 0x0000018351a2cd80 DEOPT UNPACKING pc=0x0000018377a646a2 sp=0x0000007ecb9f9f00 mode 2
Event: 560.026 Thread 0x0000018351a2cd80 Uncommon trap: trap_request=0xffffff45 fr.pc=0x0000018378a7abdc relative=0x000000000000173c
Event: 560.026 Thread 0x0000018351a2cd80 Uncommon trap: reason=unstable_if action=reinterpret pc=0x0000018378a7abdc method=java.util.GregorianCalendar.computeFields(II)I @ 223 c2
Event: 560.026 Thread 0x0000018351a2cd80 DEOPT PACKING pc=0x0000018378a7abdc sp=0x0000007ecb9f9ff0
Event: 560.026 Thread 0x0000018351a2cd80 DEOPT UNPACKING pc=0x0000018377a646a2 sp=0x0000007ecb9f9f18 mode 2
Event: 560.026 Thread 0x0000018351a2cd80 Uncommon trap: trap_request=0xffffff45 fr.pc=0x0000018378b3fb64 relative=0x0000000000000664
Event: 560.026 Thread 0x0000018351a2cd80 Uncommon trap: reason=unstable_if action=reinterpret pc=0x0000018378b3fb64 method=sun.util.calendar.BaseCalendar.getFixedDate(IIILsun/util/calendar/BaseCalendar$Date;)J @ 67 c2
Event: 560.026 Thread 0x0000018351a2cd80 DEOPT PACKING pc=0x0000018378b3fb64 sp=0x0000007ecb9f9ec0
Event: 560.026 Thread 0x0000018351a2cd80 DEOPT UNPACKING pc=0x0000018377a646a2 sp=0x0000007ecb9f9d88 mode 2

Classes loaded (20 events):
Event: 557.337 Loading class java/util/concurrent/CompletableFuture$Signaller
Event: 557.337 Loading class java/util/concurrent/CompletableFuture$Signaller done
Event: 557.358 Loading class java/nio/channels/UnsupportedAddressTypeException
Event: 557.358 Loading class java/nio/channels/UnsupportedAddressTypeException done
Event: 557.369 Loading class java/util/concurrent/CompletableFuture$UniAccept
Event: 557.369 Loading class java/util/concurrent/CompletableFuture$UniAccept done
Event: 557.646 Loading class java/util/concurrent/CompletableFuture$UniRun
Event: 557.646 Loading class java/util/concurrent/CompletableFuture$UniRun done
Event: 557.647 Loading class java/util/concurrent/CompletableFuture$UniCompose
Event: 557.647 Loading class java/util/concurrent/CompletableFuture$UniCompose done
Event: 557.851 Loading class java/util/concurrent/CompletableFuture$BiRelay
Event: 557.851 Loading class java/util/concurrent/CompletableFuture$BiCompletion
Event: 557.851 Loading class java/util/concurrent/CompletableFuture$BiCompletion done
Event: 557.851 Loading class java/util/concurrent/CompletableFuture$BiRelay done
Event: 557.851 Loading class java/util/concurrent/CompletableFuture$CoCompletion
Event: 557.852 Loading class java/util/concurrent/CompletableFuture$CoCompletion done
Event: 557.852 Loading class java/util/concurrent/CompletableFuture$UniHandle
Event: 557.852 Loading class java/util/concurrent/CompletableFuture$UniHandle done
Event: 557.852 Loading class java/util/concurrent/CompletableFuture$UniRelay
Event: 557.853 Loading class java/util/concurrent/CompletableFuture$UniRelay done

Classes unloaded (0 events):
No events

Classes redefined (0 events):
No events

Internal exceptions (20 events):
Event: 28.783 Thread 0x000001834d1d8d80 Exception <a 'java/lang/NoSuchMethodError'{0x00000007161210e0}: 'java.lang.Object java.lang.invoke.DirectMethodHandle$Holder.invokeStatic(java.lang.Object, java.lang.Object, java.lang.Object, int, int)'> (0x00000007161210e0) 
thrown [s\open\src\hotspot\share\interpreter\linkResolver.cpp, line 773]
Event: 28.783 Thread 0x000001834d1d8d80 Exception <a 'java/lang/NoSuchMethodError'{0x0000000716124848}: 'java.lang.Object java.lang.invoke.DirectMethodHandle$Holder.invokeStaticInit(java.lang.Object, java.lang.Object, java.lang.Object, int, int)'> (0x0000000716124848) 
thrown [s\open\src\hotspot\share\interpreter\linkResolver.cpp, line 773]
Event: 28.887 Thread 0x0000018351a2cd80 Exception <a 'java/lang/NoSuchMethodError'{0x00000007127202b8}: 'java.lang.Object java.lang.invoke.DirectMethodHandle$Holder.invokeSpecial(java.lang.Object, java.lang.Object, java.lang.Object, java.lang.Object, java.lang.Object, long)'> (0x00000007127202b8) 
thrown [s\open\src\hotspot\share\interpreter\linkResolver.cpp, line 773]
Event: 28.888 Thread 0x0000018351a2cd80 Exception <a 'java/lang/NoSuchMethodError'{0x0000000712723a40}: 'java.lang.Object java.lang.invoke.Invokers$Holder.linkToTargetMethod(java.lang.Object, java.lang.Object, java.lang.Object, long, java.lang.Object)'> (0x0000000712723a40) 
thrown [s\open\src\hotspot\share\interpreter\linkResolver.cpp, line 773]
Event: 32.858 Thread 0x000001834d1d9aa0 Implicit null exception at 0x0000018378299c80 to 0x0000018378299e2c
Event: 53.097 Thread 0x0000018351a2a620 Exception <a 'java/lang/NoSuchMethodError'{0x0000000710e86248}: 'int java.lang.invoke.DirectMethodHandle$Holder.invokeStatic(java.lang.Object, java.lang.Object, int, int)'> (0x0000000710e86248) 
thrown [s\open\src\hotspot\share\interpreter\linkResolver.cpp, line 773]
Event: 53.122 Thread 0x0000018351a2a620 Exception <a 'java/lang/IncompatibleClassChangeError'{0x0000000710ec5450}: Found class java.lang.Object, but interface was expected> (0x0000000710ec5450) 
thrown [s\open\src\hotspot\share\interpreter\linkResolver.cpp, line 840]
Event: 53.129 Thread 0x0000018351a2a620 Exception <a 'java/lang/NoSuchMethodError'{0x0000000710eddb30}: 'long java.lang.invoke.Invokers$Holder.invokeExact_MT(java.lang.Object, java.lang.Object, java.lang.Object)'> (0x0000000710eddb30) 
thrown [s\open\src\hotspot\share\interpreter\linkResolver.cpp, line 773]
Event: 53.294 Thread 0x0000018351a2a620 Exception <a 'java/lang/NoSuchMethodError'{0x0000000710fe05c8}: 'void java.lang.invoke.DelegatingMethodHandle$Holder.reinvoke_L(java.lang.Object, java.lang.Object, java.lang.Object, java.lang.Object, java.lang.Object, java.lang.Object, java.lang.Object, java.lang.Object, java.lang.Object, java.lang.Object, java.lang.Object, java.lang.Object, java.lang.Object, java.lang.Object)'> (0x0000000710fe05c8) 
thrown [s\open\src\hotspot\share\interpreter\linkResolver.cpp, line 773]
Event: 53.354 Thread 0x0000018351a2a620 Exception <a 'java/lang/NoSuchMethodError'{0x0000000710c950a0}: 'java.lang.Object java.lang.invoke.DirectMethodHandle$Holder.newInvokeSpecial(java.lang.Object, java.lang.Object, java.lang.Object, long)'> (0x0000000710c950a0) 
thrown [s\open\src\hotspot\share\interpreter\linkResolver.cpp, line 773]
Event: 53.354 Thread 0x0000018351a2a620 Exception <a 'java/lang/NoSuchMethodError'{0x0000000710c99928}: 'java.lang.Object java.lang.invoke.DirectMethodHandle$Holder.invokeSpecial(java.lang.Object, java.lang.Object, java.lang.Object, java.lang.Object, long)'> (0x0000000710c99928) 
thrown [s\open\src\hotspot\share\interpreter\linkResolver.cpp, line 773]
Event: 53.355 Thread 0x0000018351a2a620 Exception <a 'java/lang/NoSuchMethodError'{0x0000000710c9db10}: 'java.lang.Object java.lang.invoke.Invokers$Holder.linkToTargetMethod(java.lang.Object, java.lang.Object, long, java.lang.Object)'> (0x0000000710c9db10) 
thrown [s\open\src\hotspot\share\interpreter\linkResolver.cpp, line 773]
Event: 53.360 Thread 0x0000018358053ad0 Exception <a 'java/lang/NoSuchMethodError'{0x0000000710d0e7a0}: 'long java.lang.invoke.DirectMethodHandle$Holder.invokeSpecial(java.lang.Object, java.lang.Object, java.lang.Object, long)'> (0x0000000710d0e7a0) 
thrown [s\open\src\hotspot\share\interpreter\linkResolver.cpp, line 773]
Event: 53.361 Thread 0x0000018358053ad0 Exception <a 'java/lang/NoSuchMethodError'{0x0000000710d19770}: 'java.lang.Object java.lang.invoke.Invokers$Holder.linkToTargetMethod(java.lang.Object, long, java.lang.Object)'> (0x0000000710d19770) 
thrown [s\open\src\hotspot\share\interpreter\linkResolver.cpp, line 773]
Event: 53.744 Thread 0x000001834de53150 Exception <a 'java/lang/ClassCastException'{0x0000000716592b88}: class com.brihathi.Multi_Tenant.entity.Educator cannot be cast to class com.brihathi.Multi_Tenant.entity.User (com.brihathi.Multi_Tenant.entity.Educator and com.brihathi.Multi_Tenant.entity.User are in unnamed module of loader 'app')> (0x0000000716592b88) 
thrown [s\open\src\hotspot\share\interpreter\interpreterRuntime.cpp, line 455]
Event: 59.469 Thread 0x000001834d1d9410 Exception <a 'java/lang/NoSuchMethodError'{0x000000071620ce00}: 'java.lang.Object java.lang.invoke.DirectMethodHandle$Holder.invokeStatic(java.lang.Object, int, int)'> (0x000000071620ce00) 
thrown [s\open\src\hotspot\share\interpreter\linkResolver.cpp, line 773]
Event: 556.930 Thread 0x000001834de53150 Exception <a 'java/lang/NoSuchMethodError'{0x0000000713abc040}: 'void java.lang.invoke.DirectMethodHandle$Holder.invokeStaticInit(java.lang.Object)'> (0x0000000713abc040) 
thrown [s\open\src\hotspot\share\interpreter\linkResolver.cpp, line 773]
Event: 557.179 Thread 0x000001834de53150 Implicit null exception at 0x00000183787c3622 to 0x00000183787c3a54
Event: 557.190 Thread 0x000001834de53150 Implicit null exception at 0x0000018378942422 to 0x0000018378942854
Event: 557.420 Thread 0x0000018358059020 Exception <a 'java/lang/NoSuchMethodError'{0x000000071330e688}: 'java.lang.Object java.lang.invoke.DirectMethodHandle$Holder.invokeStaticInit(java.lang.Object, java.lang.Object, java.lang.Object, java.lang.Object, java.lang.Object, java.lang.Object)'> (0x000000071330e688) 
thrown [s\open\src\hotspot\share\interpreter\linkResolver.cpp, line 773]

ZGC Phase Switch (0 events):
No events

VM Operations (20 events):
Event: 544.375 Executing VM operation: Cleanup
Event: 544.375 Executing VM operation: Cleanup done
Event: 548.390 Executing VM operation: Cleanup
Event: 548.390 Executing VM operation: Cleanup done
Event: 556.299 Executing VM operation: HandshakeAllThreads (Deoptimize)
Event: 556.299 Executing VM operation: HandshakeAllThreads (Deoptimize) done
Event: 556.299 Executing VM operation: Cleanup
Event: 556.299 Executing VM operation: Cleanup done
Event: 556.903 Executing VM operation: HandshakeAllThreads (Deoptimize)
Event: 556.903 Executing VM operation: HandshakeAllThreads (Deoptimize) done
Event: 556.972 Executing VM operation: HandshakeAllThreads (Deoptimize)
Event: 556.973 Executing VM operation: HandshakeAllThreads (Deoptimize) done
Event: 557.979 Executing VM operation: Cleanup
Event: 557.979 Executing VM operation: Cleanup done
Event: 558.984 Executing VM operation: Cleanup
Event: 559.003 Executing VM operation: Cleanup done
Event: 560.010 Executing VM operation: Cleanup
Event: 560.026 Executing VM operation: Cleanup done
Event: 561.030 Executing VM operation: Cleanup
Event: 561.031 Executing VM operation: Cleanup done

Events (20 events):
Event: 541.537 Thread 0x0000018358054e80 Thread added: 0x0000018358054e80
Event: 541.542 Thread 0x0000018358055ba0 Thread added: 0x0000018358055ba0
Event: 542.009 Thread 0x0000018358054160 Thread exited: 0x0000018358054160
Event: 542.726 Thread 0x0000018358052720 Thread added: 0x0000018358052720
Event: 542.736 Thread 0x0000018358056230 Thread added: 0x0000018358056230
Event: 542.776 Thread 0x0000018358052db0 Thread added: 0x0000018358052db0
Event: 542.786 Thread 0x0000018358056f50 Thread added: 0x0000018358056f50
Event: 542.790 Thread 0x00000183580575e0 Thread added: 0x00000183580575e0
Event: 542.831 Thread 0x0000018358054160 Thread added: 0x0000018358054160
Event: 542.832 Thread 0x00000183580596b0 Thread added: 0x00000183580596b0
Event: 542.832 Thread 0x0000018358057c70 Thread added: 0x0000018358057c70
Event: 542.856 Thread 0x000001835157b300 Thread added: 0x000001835157b300
Event: 543.638 Thread 0x000001835157b300 Thread exited: 0x000001835157b300
Event: 556.226 Thread 0x000001835157b300 Thread added: 0x000001835157b300
Event: 556.609 Thread 0x000001835157c770 Thread added: 0x000001835157c770
Event: 557.316 Thread 0x000001835157c770 Thread exited: 0x000001835157c770
Event: 557.328 Thread 0x0000018358059020 Thread added: 0x0000018358059020
Event: 557.620 Thread 0x000001835157b300 Thread exited: 0x000001835157b300
Event: 559.067 Thread 0x000001835157b300 Thread added: 0x000001835157b300
Event: 560.307 Thread 0x000001835157b300 Thread exited: 0x000001835157b300


Dynamic libraries:
0x00007ff6bbdb0000 - 0x00007ff6bbdc0000 	C:\Program Files\Java\jdk-21\bin\java.exe
0x00007ffbfab00000 - 0x00007ffbfad67000 	C:\WINDOWS\SYSTEM32\ntdll.dll
0x00007ffbf93e0000 - 0x00007ffbf94a9000 	C:\WINDOWS\System32\KERNEL32.DLL
0x00007ffbf79f0000 - 0x00007ffbf7de1000 	C:\WINDOWS\System32\KERNELBASE.dll
0x00007ffbf7490000 - 0x00007ffbf75db000 	C:\WINDOWS\System32\ucrtbase.dll
0x00007ffbe1fa0000 - 0x00007ffbe1fbb000 	C:\Program Files\Java\jdk-21\bin\VCRUNTIME140.dll
0x00007ffbdfcb0000 - 0x00007ffbdfcc9000 	C:\Program Files\Java\jdk-21\bin\jli.dll
0x00007ffbfa010000 - 0x00007ffbfa0cb000 	C:\WINDOWS\System32\ADVAPI32.dll
0x00007ffbf88e0000 - 0x00007ffbf8989000 	C:\WINDOWS\System32\msvcrt.dll
0x00007ffbfa200000 - 0x00007ffbfa2a7000 	C:\WINDOWS\System32\sechost.dll
0x00007ffbfa2b0000 - 0x00007ffbfa3c8000 	C:\WINDOWS\System32\RPCRT4.dll
0x00007ffbfa7e0000 - 0x00007ffbfa9a5000 	C:\WINDOWS\System32\USER32.dll
0x00007ffbdb420000 - 0x00007ffbdb6b3000 	C:\WINDOWS\WinSxS\amd64_microsoft.windows.common-controls_6595b64144ccf1df_6.0.26100.8037_none_3e092faae333b53b\COMCTL32.dll
0x00007ffbf8000000 - 0x00007ffbf8027000 	C:\WINDOWS\System32\win32u.dll
0x00007ffbfa9b0000 - 0x00007ffbfa9db000 	C:\WINDOWS\System32\GDI32.dll
0x00007ffbf75e0000 - 0x00007ffbf770b000 	C:\WINDOWS\System32\gdi32full.dll
0x00007ffbf73e0000 - 0x00007ffbf7483000 	C:\WINDOWS\System32\msvcp_win.dll
0x00007ffbe8d10000 - 0x00007ffbe8d1b000 	C:\WINDOWS\SYSTEM32\VERSION.dll
0x00007ffbf88a0000 - 0x00007ffbf88d1000 	C:\WINDOWS\System32\IMM32.DLL
0x00007ffbef5a0000 - 0x00007ffbef5ac000 	C:\Program Files\Java\jdk-21\bin\vcruntime140_1.dll
0x00007ffbc7b70000 - 0x00007ffbc7bfe000 	C:\Program Files\Java\jdk-21\bin\msvcp140.dll
0x00007ffb601a0000 - 0x00007ffb60eba000 	C:\Program Files\Java\jdk-21\bin\server\jvm.dll
0x00007ffbf9650000 - 0x00007ffbf96c4000 	C:\WINDOWS\System32\WS2_32.dll
0x00007ffbf7260000 - 0x00007ffbf72be000 	C:\WINDOWS\SYSTEM32\POWRPROF.dll
0x00007ffbe5950000 - 0x00007ffbe5985000 	C:\WINDOWS\SYSTEM32\WINMM.dll
0x00007ffbf7240000 - 0x00007ffbf7254000 	C:\WINDOWS\SYSTEM32\UMPDC.dll
0x00007ffbf6130000 - 0x00007ffbf614b000 	C:\WINDOWS\SYSTEM32\kernel.appcore.dll
0x00007ffbe5a60000 - 0x00007ffbe5a6a000 	C:\Program Files\Java\jdk-21\bin\jimage.dll
0x00007ffbf22c0000 - 0x00007ffbf2502000 	C:\WINDOWS\SYSTEM32\DBGHELP.DLL
0x00007ffbfa450000 - 0x00007ffbfa7d2000 	C:\WINDOWS\System32\combase.dll
0x00007ffbf8b90000 - 0x00007ffbf8c67000 	C:\WINDOWS\System32\OLEAUT32.dll
0x00007ffbcc2d0000 - 0x00007ffbcc30b000 	C:\WINDOWS\SYSTEM32\dbgcore.DLL
0x00007ffbf77d0000 - 0x00007ffbf7875000 	C:\WINDOWS\System32\bcryptPrimitives.dll
0x00007ffbdfc10000 - 0x00007ffbdfc2f000 	C:\Program Files\Java\jdk-21\bin\java.dll
0x00007ffbf9700000 - 0x00007ffbf9e5f000 	C:\WINDOWS\System32\SHELL32.dll
0x00007ffbf7880000 - 0x00007ffbf79ea000 	C:\WINDOWS\System32\wintypes.dll
0x00007ffbf8030000 - 0x00007ffbf8894000 	C:\WINDOWS\System32\windows.storage.dll
0x00007ffbf92e0000 - 0x00007ffbf93d7000 	C:\WINDOWS\System32\SHCORE.dll
0x00007ffbf89a0000 - 0x00007ffbf8a07000 	C:\WINDOWS\System32\shlwapi.dll
0x00007ffbf7300000 - 0x00007ffbf7329000 	C:\WINDOWS\SYSTEM32\profapi.dll
0x00007ffb938f0000 - 0x00007ffb939c7000 	C:\Program Files\Java\jdk-21\bin\jsvml.dll
0x00007ffbe0cb0000 - 0x00007ffbe0cc0000 	C:\Program Files\Java\jdk-21\bin\net.dll
0x00007ffbee490000 - 0x00007ffbee5b7000 	C:\WINDOWS\SYSTEM32\WINHTTP.dll
0x00007ffbf6680000 - 0x00007ffbf66eb000 	C:\WINDOWS\system32\mswsock.dll
0x00007ffbdf8e0000 - 0x00007ffbdf8f6000 	C:\Program Files\Java\jdk-21\bin\nio.dll
0x00007ffbdf8c0000 - 0x00007ffbdf8d8000 	C:\Program Files\Java\jdk-21\bin\zip.dll
0x00007ffbe0530000 - 0x00007ffbe053e000 	C:\Program Files\Java\jdk-21\bin\sunmscapi.dll
0x00007ffbf7e80000 - 0x00007ffbf7ff7000 	C:\WINDOWS\System32\CRYPT32.dll
0x00007ffbf6be0000 - 0x00007ffbf6c10000 	C:\WINDOWS\SYSTEM32\ncrypt.dll
0x00007ffbf6b90000 - 0x00007ffbf6bcf000 	C:\WINDOWS\SYSTEM32\NTASN1.dll
0x00007ffbdfca0000 - 0x00007ffbdfcb0000 	C:\Program Files\Java\jdk-21\bin\verify.dll
0x00007ffbf6a80000 - 0x00007ffbf6a9b000 	C:\WINDOWS\SYSTEM32\CRYPTSP.dll
0x00007ffbf6090000 - 0x00007ffbf60c9000 	C:\WINDOWS\system32\rsaenh.dll
0x00007ffbf6730000 - 0x00007ffbf6762000 	C:\WINDOWS\SYSTEM32\USERENV.dll
0x00007ffbf72d0000 - 0x00007ffbf72fa000 	C:\WINDOWS\SYSTEM32\bcrypt.dll
0x00007ffbf68e0000 - 0x00007ffbf68ec000 	C:\WINDOWS\SYSTEM32\CRYPTBASE.dll
0x00007ffbf5b20000 - 0x00007ffbf5b53000 	C:\WINDOWS\SYSTEM32\IPHLPAPI.DLL
0x00007ffbf8990000 - 0x00007ffbf899a000 	C:\WINDOWS\System32\NSI.dll
0x00007ffbdfc00000 - 0x00007ffbdfc0a000 	C:\Program Files\Java\jdk-21\bin\management.dll
0x00007ffbdf8b0000 - 0x00007ffbdf8bb000 	C:\Program Files\Java\jdk-21\bin\management_ext.dll
0x00007ffbf9e70000 - 0x00007ffbf9e78000 	C:\WINDOWS\System32\PSAPI.DLL
0x00007ffbf5bb0000 - 0x00007ffbf5cda000 	C:\WINDOWS\SYSTEM32\DNSAPI.dll
0x00007ffbe8ae0000 - 0x00007ffbe8aeb000 	C:\Windows\System32\rasadhlp.dll
0x00007ffbeee90000 - 0x00007ffbeef16000 	C:\WINDOWS\System32\fwpuclnt.dll
0x00007ffbdf8a0000 - 0x00007ffbdf8a9000 	C:\Program Files\Java\jdk-21\bin\extnet.dll
0x00007ffbcd720000 - 0x00007ffbcd728000 	C:\WINDOWS\system32\wshunix.dll

dbghelp: loaded successfully - version: 4.0.5 - missing functions: none
symbol engine: initialized successfully - sym options: 0x614 - pdb path: .;C:\Program Files\Java\jdk-21\bin;C:\WINDOWS\SYSTEM32;C:\WINDOWS\WinSxS\amd64_microsoft.windows.common-controls_6595b64144ccf1df_6.0.26100.8037_none_3e092faae333b53b;C:\Program Files\Java\jdk-21\bin\server

VM Arguments:
jvm_args: -XX:+ShowCodeDetailsInExceptionMessages 
java_command: com.brihathi.Multi_Tenant.MultiTenantApplication
java_class_path (initial): D:\neetswanb2b_be\target\classes;C:\Users\RKondepudi\.m2\repository\org\springframework\boot\spring-boot-starter-amqp\3.4.12-SNAPSHOT\spring-boot-starter-amqp-3.4.12-SNAPSHOT.jar;C:\Users\RKondepudi\.m2\repository\org\springframework\boot\spring-boot-starter\3.4.12-SNAPSHOT\spring-boot-starter-3.4.12-SNAPSHOT.jar;C:\Users\RKondepudi\.m2\repository\org\springframework\boot\spring-boot\3.4.12-SNAPSHOT\spring-boot-3.4.12-SNAPSHOT.jar;C:\Users\RKondepudi\.m2\repository\org\springframework\boot\spring-boot-autoconfigure\3.4.12-SNAPSHOT\spring-boot-autoconfigure-3.4.12-SNAPSHOT.jar;C:\Users\RKondepudi\.m2\repository\org\springframework\boot\spring-boot-starter-logging\3.4.12-SNAPSHOT\spring-boot-starter-logging-3.4.12-SNAPSHOT.jar;C:\Users\RKondepudi\.m2\repository\ch\qos\logback\logback-classic\1.5.21\logback-classic-1.5.21.jar;C:\Users\RKondepudi\.m2\repository\ch\qos\logback\logback-core\1.5.21\logback-core-1.5.21.jar;C:\Users\RKondepudi\.m2\repository\org\apache\logging\log4j\log4j-to-slf4j\2.24.3\log4j-to-slf4j-2.24.3.jar;C:\Users\RKondepudi\.m2\repository\org\slf4j\jul-to-slf4j\2.0.17\jul-to-slf4j-2.0.17.jar;C:\Users\RKondepudi\.m2\repository\jakarta\annotation\jakarta.annotation-api\2.1.1\jakarta.annotation-api-2.1.1.jar;C:\Users\RKondepudi\.m2\repository\org\yaml\snakeyaml\2.3\snakeyaml-2.3.jar;C:\Users\RKondepudi\.m2\repository\org\springframework\spring-messaging\6.2.14-SNAPSHOT\spring-messaging-6.2.14-SNAPSHOT.jar;C:\Users\RKondepudi\.m2\repository\org\springframework\spring-beans\6.2.14-SNAPSHOT\spring-beans-6.2.14-SNAPSHOT.jar;C:\Users\RKondepudi\.m2\repository\org\springframework\amqp\spring-rabbit\3.2.8\spring-rabbit-3.2.8.jar;C:\Users\RKondepudi\.m2\repository\org\springframework\amqp\spring-amqp\3.2.8\spring-amqp-3.2.8.jar;C:\Users\RKondepudi\.m2\repository\org\springframework\retry\spring-retry\2.0.12\spring-retry-2.0.12.jar;C:\Users\RKondepudi\.m2\repository\com\rabbitmq\amqp-client\5.22.0\amqp-client-5.22.0.jar;C:\Users\RKondepudi\.m2\repository\org\springframework\spring-context\6.2.14-SNAPSHOT\spring-context-6.2.14-SNAPSHOT.jar;C:\Users\RKondepudi\.m2\repository\org\springframework\spring-tx\6.2.14-SNAPSHOT\spring-tx-6.2.14-SNAPSHOT.jar;C:\Users\RKondepudi\.m2\repository\io\micrometer\micrometer-observation\1.14.13\micrometer-observation-1.14.13.jar;C:\Users\RKondepudi\.m2\repository\io\micrometer\micrometer-commons\1.14.13\micrometer-commons-1.14.13.jar;C:\Users\RKondepudi\.m2\repository\org\springframework\boot\spring-boot-starter-validation\3.4.12-SNAPSHOT\spring-boot-starter-validation-3.4.12-SNAPSHOT.jar;C:\Users\RKondepudi\.m2\repository\org\apache\tomcat\embed\tomcat-embed-el\10.1.49\tomcat-embed-el-10.1.49.jar;C:\Users\RKondepudi\.m2\repository\org\hibernate\validator\hibernate-validator\8.0.3.Final\hibernate-validator-8.0.3.Final.jar;C:\Users\RKondepudi\.m2\repository\jakarta\validation\jakarta.validation-api\3.0.2\jakarta.validation-api-3.0.2.jar;C:\Users\RKondepudi\.m2\repository\org\jboss\logging\jboss-logging\3.6.1.Final\jboss-logging-3.6.1.Final.jar;C:\Users\RKondepudi\.m2\repository\com\fasterxml\classmate\1.7.1\classmate-1.7.1.jar;C:\Users\RKondepudi\.m2\repository\org\springframework\boot\spring-boot-starter-data-jpa\3.4.12-SNAPSHOT\spring-boot-starter-data-jpa-3.4.12-SNAPSHOT.jar;C:\Users\RKondepudi\.m2\repository\org\springframework\boot\spring-boot-starter-jdbc\3.4.12-SNAPSHOT\spring-boot-starter-jdbc-3.4.12-SNAPSHOT.jar;C:\Users\RKondepudi\.m2\repository\com\zaxxer\HikariCP\5.1.0\HikariCP-5.1.0.jar;C:\Users\RKondepudi\.m2\repository\org\springframework\spring-jdbc\6.2.14-SNAPSHOT\spring-jdbc-6.2.14-SNAPSHOT.jar;C:\Users\RKondepudi\.m2\repository\org\hibernate\orm\hibernate-core\6.6.36.Final\hibernate-core-6.6.36.Final.jar;C:\Users\RKondepudi\.m2\repository\jakarta\persistence\jakarta.persistence-api\3.1.0\jakarta.persistence-api-3.1.0.jar;C:\Users\RKondepudi\.m2\repository\org\hibernate\common\hibernate-commons-annotations\7.0.3.Final\hibernate-commons-annotations-7.0.3.Final.jar;C:\Users\RKondepudi\.m2\repository\io\smallrye\jandex\3.2.0\jandex-3.2.0.jar;C:\Users\RKondepudi\.m2\repository\net\bytebuddy\byte-buddy\1.15.11\byte-buddy-1.15.11.jar;C:\Users\RKondepudi\.m2\repository\org\glassfish\jaxb\jaxb-runtime\4.0.6\jaxb-runtime-4.0.6.jar;C:\Users\RKondepudi\.m2\repository\org\glassfish\jaxb\jaxb-core\4.0.6\jaxb-core-4.0.6.jar;C:\Users\RKondepudi\.m2\repository\org\glassfish\jaxb\txw2\4.0.6\txw2-4.0.6.jar;C:\Users\RKondepudi\.m2\repository\com\sun\istack\istack-commons-runtime\4.1.2\istack-commons-runtime-4.1.2.jar;C:\Users\RKondepudi\.m2\repository\jakarta\inject\jakarta.inject-api\2.0.1\jakarta.inject-api-2.0.1.jar;C:\Users\RKondepudi\.m2\repository\org\antlr\antlr4-runtime\4.13.0\antlr4-runtime-4.13.0.jar;C:\Users\RKondepudi\.m2\repository\org\springframework\data\spring-data-jpa\3.4.12\spring-data-jpa-3.4.12.jar;C:\Users\RKondepudi\.m2\repository\org\springframework\data\spring-data-commons\3.4.12\spring-data-commons-3.4.12.jar;C:\Users\RKondepudi\.m2\repository\org\springframework\spring-orm\6.2.14-SNAPSHOT\spring-orm-6.2.14-SNAPSHOT.jar;C:\Users\RKondepudi\.m2\repository\org\springframework\spring-aspects\6.2.14-SNAPSHOT\spring-aspects-6.2.14-SNAPSHOT.jar;C:\Users\RKondepudi\.m2\repository\org\aspectj\aspectjweaver\1.9.25\aspectjweaver-1.9.25.jar;C:\Users\RKondepudi\.m2\repository\org\springframework\boot\spring-boot-starter-security\3.4.12-SNAPSHOT\spring-boot-starter-security-3.4.12-SNAPSHOT.jar;C:\Users\RKondepudi\.m2\repository\org\springframework\spring-aop\6.2.14-SNAPSHOT\spring-aop-6.2.14-SNAPSHOT.jar;C:\Users\RKondepudi\.m2\repository\org\springframework\security\spring-security-config\6.4.13\spring-security-config-6.4.13.jar;C:\Users\RKondepudi\.m2\repository\org\springframework\security\spring-security-web\6.4.13\spring-security-web-6.4.13.jar;C:\Users\RKondepudi\.m2\repository\org\springframework\spring-expression\6.2.14-SNAPSHOT\spring-expression-6.2.14-SNAPSHOT.jar;C:\Users\RKondepudi\.m2\repository\org\springframework\boot\spring-boot-starter-web\3.4.12-SNAPSHOT\spring-boot-starter-web-3.4.12-SNAPSHOT.jar;C:\Users\RKondepudi\.m2\repository\org\springframework\boot\spring-boot-starter-json\3.4.12-SNAPSHOT\spring-boot-starter-json-3.4.12-SNAPSHOT.jar;C:\Users\RKondepudi\.m2\repository\com\fasterxml\jackson\datatype\jackson-datatype-jdk8\2.18.5\jackson-datatype-jdk8-2.18.5.jar;C:\Users\RKondepudi\.m2\repository\com\fasterxml\jackson\module\jackson-module-parameter-names\2.18.5\jackson-module-parameter-names-2.18.5.jar;C:\Users\RKondepudi\.m2\repository\org\springframework\boot\spring-boot-starter-tomcat\3.4.12-SNAPSHOT\spring-boot-starter-tomcat-3.4.12-SNAPSHOT.jar;C:\Users\RKondepudi\.m2\repository\org\apache\tomcat\embed\tomcat-embed-core\10.1.49\tomcat-embed-core-10.1.49.jar;C:\Users\RKondepudi\.m2\repository\org\apache\tomcat\embed\tomcat-embed-websocket\10.1.49\tomcat-embed-websocket-10.1.49.jar;C:\Users\RKondepudi\.m2\repository\org\springframework\spring-web\6.2.14-SNAPSHOT\spring-web-6.2.14-SNAPSHOT.jar;C:\Users\RKondepudi\.m2\repository\org\springframework\spring-webmvc\6.2.14-SNAPSHOT\spring-webmvc-6.2.14-SNAPSHOT.jar;C:\Users\RKondepudi\.m2\repository\org\springframework\boot\spring-boot-starter-mail\3.4.12-SNAPSHOT\spring-boot-starter-mail-3.4.12-SNAPSHOT.jar;C:\Users\RKondepudi\.m2\repository\org\springframework\spring-context-support\6.2.14-SNAPSHOT\spring-context-support-6.2.14-SNAPSHOT.jar;C:\Users\RKondepudi\.m2\repository\org\eclipse\angus\jakarta.mail\2.0.5\jakarta.mail-2.0.5.jar;C:\Users\RKondepudi\.m2\repository\jakarta\activation\jakarta.activation-api\2.1.4\jakarta.activation-api-2.1.4.jar;C:\Users\RKondepudi\.m2\repository\org\eclipse\angus\angus-activation\2.0.3\angus-activation-2.0.3.jar;C:\Users\RKondepudi\.m2\repository\org\apache\poi\poi-ooxml\5.2.5\poi-ooxml-5.2.5.jar;C:\Users\RKondepudi\.m2\repository\org\apache\poi\poi-ooxml-lite\5.2.5\poi-ooxml-lite-5.2.5.jar;C:\Users\RKondepudi\.m2\repository\org\apache\xmlbeans\xmlbeans\5.2.0\xmlbeans-5.2.0.jar;C:\Users\RKondepudi\.m2\repository\org\apache\commons\commons-compress\1.25.0\commons-compress-1.25.0.jar;C:\Users\RKondepudi\.m2\repository\commons-io\commons-io\2.15.0\commons-io-2.15.0.jar;C:\Users\RKondepudi\.m2\repository\com\github\virtuald\curvesapi\1.08\curvesapi-1.08.jar;C:\Users\RKondepudi\.m2\repository\org\apache\logging\log4j\log4j-api\2.24.3\log4j-api-2.24.3.jar;C:\Users\RKondepudi\.m2\repository\org\apache\commons\commons-collections4\4.4\commons-collections4-4.4.jar;C:\Users\RKondepudi\.m2\repository\org\apache\poi\poi\5.2.5\poi-5.2.5.jar;C:\Users\RKondepudi\.m2\repository\commons-codec\commons-codec\1.17.2\commons-codec-1.17.2.jar;C:\Users\RKondepudi\.m2\repository\org\apache\commons\commons-math3\3.6.1\commons-math3-3.6.1.jar;C:\Users\RKondepudi\.m2\repository\com\zaxxer\SparseBitSet\1.3\SparseBitSet-1.3.jar;C:\Users\RKondepudi\.m2\repository\org\postgresql\postgresql\42.7.8\postgresql-42.7.8.jar;C:\Users\RKondepudi\.m2\repository\org\checkerframework\checker-qual\3.49.5\checker-qual-3.49.5.jar;C:\Users\RKondepudi\.m2\repository\org\projectlombok\lombok\1.18.42\lombok-1.18.42.jar;C:\Users\RKondepudi\.m2\repository\jakarta\xml\bind\jakarta.xml.bind-api\4.0.4\jakarta.xml.bind-api-4.0.4.jar;C:\Users\RKondepudi\.m2\repository\org\springframework\spring-core\6.2.14-SNAPSHOT\spring-core-6.2.14-SNAPSHOT.jar;C:\Users\RKondepudi\.m2\repository\org\springframework\spring-jcl\6.2.14-SNAPSHOT\spring-jcl-6.2.14-SNAPSHOT.jar;C:\Users\RKondepudi\.m2\repository\org\springframework\security\spring-security-core\6.4.13\spring-security-core-6.4.13.jar;C:\Users\RKondepudi\.m2\repository\org\springframework\security\spring-security-crypto\6.4.13\spring-security-crypto-6.4.13.jar;C:\Users\RKondepudi\.m2\repository\org\modelmapper\modelmapper\3.2.0\modelmapper-3.2.0.jar;C:\Users\RKondepudi\.m2\repository\com\fasterxml\jackson\datatype\jackson-datatype-jsr310\2.18.5\jackson-datatype-jsr310-2.18.5.jar;C:\Users\RKondepudi\.m2\repository\com\fasterxml\jackson\core\jackson-annotations\2.18.5\jackson-annotations-2.18.5.jar;C:\Users\RKondepudi\.m2\repository\com\fasterxml\jackson\core\jackson-core\2.18.5\jackson-core-2.18.5.jar;C:\Users\RKondepudi\.m2\repository\com\fasterxml\jackson\core\jackson-databind\2.18.5\jackson-databind-2.18.5.jar;C:\Users\RKondepudi\.m2\repository\com\fasterxml\jackson\datatype\jackson-datatype-hibernate6\2.18.3\jackson-datatype-hibernate6-2.18.3.jar;C:\Users\RKondepudi\.m2\repository\jakarta\transaction\jakarta.transaction-api\2.0.1\jakarta.transaction-api-2.0.1.jar;C:\Users\RKondepudi\.m2\repository\com\sun\mail\jakarta.mail\2.0.1\jakarta.mail-2.0.1.jar;C:\Users\RKondepudi\.m2\repository\com\sun\activation\jakarta.activation\2.0.1\jakarta.activation-2.0.1.jar;C:\Users\RKondepudi\.m2\repository\com\google\api-client\google-api-client\2.2.0\google-api-client-2.2.0.jar;C:\Users\RKondepudi\.m2\repository\com\google\oauth-client\google-oauth-client\1.34.1\google-oauth-client-1.34.1.jar;C:\Users\RKondepudi\.m2\repository\com\google\http-client\google-http-client-gson\1.42.3\google-http-client-gson-1.42.3.jar;C:\Users\RKondepudi\.m2\repository\com\google\guava\guava\31.1-jre\guava-31.1-jre.jar;C:\Users\RKondepudi\.m2\repository\com\google\guava\failureaccess\1.0.1\failureaccess-1.0.1.jar;C:\Users\RKondepudi\.m2\repository\com\google\guava\listenablefuture\9999.0-empty-to-avoid-conflict-with-guava\listenablefuture-9999.0-empty-to-avoid-conflict-with-guava.jar;C:\Users\RKondepudi\.m2\repository\com\google\code\findbugs\jsr305\3.0.2\jsr305-3.0.2.jar;C:\Users\RKondepudi\.m2\repository\com\google\errorprone\error_prone_annotations\2.11.0\error_prone_annotations-2.11.0.jar;C:\Users\RKondepudi\.m2\repository\com\google\j2objc\j2objc-annotations\1.3\j2objc-annotations-1.3.jar;C:\Users\RKondepudi\.m2\repository\com\google\http-client\google-http-client-apache-v2\1.42.3\google-http-client-apache-v2-1.42.3.jar;C:\Users\RKondepudi\.m2\repository\org\apache\httpcomponents\httpcore\4.4.16\httpcore-4.4.16.jar;C:\Users\RKondepudi\.m2\repository\org\apache\httpcomponents\httpclient\4.5.14\httpclient-4.5.14.jar;C:\Users\RKondepudi\.m2\repository\commons-logging\commons-logging\1.2\commons-logging-1.2.jar;C:\Users\RKondepudi\.m2\repository\com\google\http-client\google-http-client\1.42.3\google-http-client-1.42.3.jar;C:\Users\RKondepudi\.m2\repository\io\opencensus\opencensus-api\0.31.1\opencensus-api-0.31.1.jar;C:\Users\RKondepudi\.m2\repository\io\grpc\grpc-context\1.27.2\grpc-context-1.27.2.jar;C:\Users\RKondepudi\.m2\repository\io\opencensus\opencensus-contrib-http-util\0.31.1\opencensus-contrib-http-util-0.31.1.jar;C:\Users\RKondepudi\.m2\repository\com\google\http-client\google-http-client-jackson2\1.44.2\google-http-client-jackson2-1.44.2.jar;C:\Users\RKondepudi\.m2\repository\io\jsonwebtoken\jjwt-api\0.11.5\jjwt-api-0.11.5.jar;C:\Users\RKondepudi\.m2\repository\io\jsonwebtoken\jjwt-impl\0.11.5\jjwt-impl-0.11.5.jar;C:\Users\RKondepudi\.m2\repository\io\jsonwebtoken\jjwt-jackson\0.11.5\jjwt-jackson-0.11.5.jar;C:\Users\RKondepudi\.m2\repository\org\springframework\boot\spring-boot-starter-data-redis\3.4.12-SNAPSHOT\spring-boot-starter-data-redis-3.4.12-SNAPSHOT.jar;C:\Users\RKondepudi\.m2\repository\io\lettuce\lettuce-core\6.4.2.RELEASE\lettuce-core-6.4.2.RELEASE.jar;C:\Users\RKondepudi\.m2\repository\io\netty\netty-common\4.1.128.Final\netty-common-4.1.128.Final.jar;C:\Users\RKondepudi\.m2\repository\io\netty\netty-handler\4.1.128.Final\netty-handler-4.1.128.Final.jar;C:\Users\RKondepudi\.m2\repository\io\netty\netty-resolver\4.1.128.Final\netty-resolver-4.1.128.Final.jar;C:\Users\RKondepudi\.m2\repository\io\netty\netty-buffer\4.1.128.Final\netty-buffer-4.1.128.Final.jar;C:\Users\RKondepudi\.m2\repository\io\netty\netty-transport-native-unix-common\4.1.128.Final\netty-transport-native-unix-common-4.1.128.Final.jar;C:\Users\RKondepudi\.m2\repository\io\netty\netty-codec\4.1.128.Final\netty-codec-4.1.128.Final.jar;C:\Users\RKondepudi\.m2\repository\io\netty\netty-transport\4.1.128.Final\netty-transport-4.1.128.Final.jar;C:\Users\RKondepudi\.m2\repository\io\projectreactor\reactor-core\3.7.13\reactor-core-3.7.13.jar;C:\Users\RKondepudi\.m2\repository\org\reactivestreams\reactive-streams\1.0.4\reactive-streams-1.0.4.jar;C:\Users\RKondepudi\.m2\repository\org\springframework\data\spring-data-redis\3.4.12\spring-data-redis-3.4.12.jar;C:\Users\RKondepudi\.m2\repository\org\springframework\data\spring-data-keyvalue\3.4.12\spring-data-keyvalue-3.4.12.jar;C:\Users\RKondepudi\.m2\repository\org\springframework\spring-oxm\6.2.14-SNAPSHOT\spring-oxm-6.2.14-SNAPSHOT.jar;C:\Users\RKondepudi\.m2\repository\redis\clients\jedis\5.2.0\jedis-5.2.0.jar;C:\Users\RKondepudi\.m2\repository\org\slf4j\slf4j-api\2.0.17\slf4j-api-2.0.17.jar;C:\Users\RKondepudi\.m2\repository\org\apache\commons\commons-pool2\2.12.1\commons-pool2-2.12.1.jar;C:\Users\RKondepudi\.m2\repository\org\json\json\20240303\json-20240303.jar;C:\Users\RKondepudi\.m2\repository\com\google\code\gson\gson\2.11.0\gson-2.11.0.jar;C:\Users\RKondepudi\.m2\repository\org\springframework\boot\spring-boot-starter-websocket\3.4.12-SNAPSHOT\spring-boot-starter-websocket-3.4.12-SNAPSHOT.jar;C:\Users\RKondepudi\.m2\repository\org\springframework\spring-websocket\6.2.14-SNAPSHOT\spring-websocket-6.2.14-SNAPSHOT.jar
Launcher Type: SUN_STANDARD

[Global flags]
     intx CICompilerCount                          = 4                                         {product} {ergonomic}
     uint ConcGCThreads                            = 2                                         {product} {ergonomic}
     uint G1ConcRefinementThreads                  = 8                                         {product} {ergonomic}
   size_t G1HeapRegionSize                         = 2097152                                   {product} {ergonomic}
    uintx GCDrainStackTargetSize                   = 64                                        {product} {ergonomic}
   size_t InitialHeapSize                          = 266338304                                 {product} {ergonomic}
   size_t MarkStackSize                            = 4194304                                   {product} {ergonomic}
   size_t MaxHeapSize                              = 4246732800                                {product} {ergonomic}
   size_t MaxNewSize                               = 2548039680                                {product} {ergonomic}
   size_t MinHeapDeltaBytes                        = 2097152                                   {product} {ergonomic}
   size_t MinHeapSize                              = 8388608                                   {product} {ergonomic}
    uintx NonNMethodCodeHeapSize                   = 5839372                                {pd product} {ergonomic}
    uintx NonProfiledCodeHeapSize                  = 122909434                              {pd product} {ergonomic}
    uintx ProfiledCodeHeapSize                     = 122909434                              {pd product} {ergonomic}
    uintx ReservedCodeCacheSize                    = 251658240                              {pd product} {ergonomic}
     bool SegmentedCodeCache                       = true                                      {product} {ergonomic}
     bool ShowCodeDetailsInExceptionMessages       = true                                   {manageable} {command line}
   size_t SoftMaxHeapSize                          = 4246732800                             {manageable} {ergonomic}
     bool UseCompressedOops                        = true                           {product lp64_product} {ergonomic}
     bool UseG1GC                                  = true                                      {product} {ergonomic}
     bool UseLargePagesIndividualAllocation        = false                                  {pd product} {ergonomic}

Logging:
Log output configuration:
 #0: stdout all=warning uptime,level,tags foldmultilines=false
 #1: stderr all=off uptime,level,tags foldmultilines=false

Environment Variables:
JAVA_HOME=C:\Program Files\Java\jdk-21
PATH=C:\Program Files\Common Files\Oracle\Java\javapath;C:\WINDOWS\system32;C:\WINDOWS;C:\WINDOWS\System32\Wbem;C:\WINDOWS\System32\WindowsPowerShell\v1.0\;C:\WINDOWS\System32\OpenSSH\;C:\Program Files\Git\cmd;C:\Program Files\nodejs\;C:\ProgramData\chocolatey\bin;C:\Program Files\Docker\Docker\resources\bin;C:\Program Files\CursorModifier;C:\Program Files\Erlang OTP\bin;C:\Program Files\rabbitmq_server-3.13.1\sbin;c:\Users\RKondepudi\AppData\Local\Programs\cursor\resources\app\codeBin;C:\Users\RKondepudi\AppData\Local\Microsoft\WindowsApps;C:\Users\RKondepudi\AppData\Roaming\npm;C:\Users\RKondepudi\AppData\Local\Programs\cursor\resources\app\bin;C:\Users\RKondepudi\AppData\Local\Programs\Microsoft VS Code\bin;c:\Users\RKondepudi\.cursor\extensions\vscjava.vscode-java-debug-0.58.5-universal\bundled\scripts\noConfigScripts
USERNAME=RKondepudi
LANG=en_US.UTF-8
OS=Windows_NT
PROCESSOR_IDENTIFIER=Intel64 Family 6 Model 142 Stepping 12, GenuineIntel
TMP=C:\Users\RKONDE~1\AppData\Local\Temp
TEMP=C:\Users\RKONDE~1\AppData\Local\Temp




Periodic native trim disabled

---------------  S Y S T E M  ---------------

OS:
 Windows 11 , 64 bit Build 26100 (10.0.26100.7920)
OS uptime: 15 days 2:27 hours
Hyper-V role detected

CPU: total 8 (initial active 8) (4 cores per cpu, 2 threads per core) family 6 model 142 stepping 12 microcode 0xf0, cx8, cmov, fxsr, ht, mmx, 3dnowpref, sse, sse2, sse3, ssse3, sse4.1, sse4.2, popcnt, lzcnt, tsc, tscinvbit, avx, avx2, aes, erms, clmul, bmi1, bmi2, adx, fma, vzeroupper, clflush, clflushopt, hv, rdtscp, f16c
Processor Information for all 8 processors :
  Max Mhz: 2112, Current Mhz: 1910, Mhz Limit: 1900

Memory: 4k page, system-wide physical 16198M (2091M free)
TotalPageFile size 31328M (AvailPageFile size 266M)
current process WorkingSet (physical memory assigned to process): 704M, peak: 726M
current process commit charge ("private bytes"): 749M, peak: 767M

vm_info: Java HotSpot(TM) 64-Bit Server VM (21.0.7+8-LTS-245) for windows-amd64 JRE (21.0.7+8-LTS-245), built on 2025-02-21T05:11:27Z by "mach5one" with MS VC++ 17.6 (VS2022)

END.
